core_cm0.h:500:22:NVIC_EnableIRQ	16	static
core_cm0.h:512:22:NVIC_DisableIRQ	16	static
core_cm0.h:567:22:NVIC_SetPriority	24	static
iocon_11xx.h:249:20:Chip_IOCON_PinMuxSet	24	static
uart_11xx.h:300:20:Chip_UART_TXEnable	16	static
uart_11xx.h:351:20:Chip_UART_IntEnable	16	static
uart_11xx.h:404:20:Chip_UART_SetupFIFOS	16	static
uart_11xx.h:419:20:Chip_UART_ConfigData	16	static
freertos_blinky.c:61:13:Init_UART_PinMux	8	static
freertos_blinky.c:82:6:UART_IRQHandler	8	static
freertos_blinky.c:95:5:main	16	static
