Archive member included to satisfy reference by file (symbol)

/home/ryu/Workspace/facultate/CAN/PROJECT/developing/nxp_lpcxpresso_11c24_board_lib/Debug/libnxp_lpcxpresso_11c24_board_lib.a(board.o)
                              ./example/src/freertos_blinky.o (Board_LED_Set)
/home/ryu/Workspace/facultate/CAN/PROJECT/developing/nxp_lpcxpresso_11c24_board_lib/Debug/libnxp_lpcxpresso_11c24_board_lib.a(board_sysinit.o)
                              ./example/src/sysinit.o (Board_SystemInit)
/home/ryu/Workspace/facultate/CAN/PROJECT/developing/lpc_chip_11cxx_lib/Debug/liblpc_chip_11cxx_lib.a(chip_11xx.o)
                              ./freertos/src/port.o (SystemCoreClock)
/home/ryu/Workspace/facultate/CAN/PROJECT/developing/lpc_chip_11cxx_lib/Debug/liblpc_chip_11cxx_lib.a(clock_11xx.o)
                              /home/ryu/Workspace/facultate/CAN/PROJECT/developing/nxp_lpcxpresso_11c24_board_lib/Debug/libnxp_lpcxpresso_11c24_board_lib.a(board_sysinit.o) (Chip_Clock_SetSystemPLLSource)
/home/ryu/Workspace/facultate/CAN/PROJECT/developing/lpc_chip_11cxx_lib/Debug/liblpc_chip_11cxx_lib.a(gpio_11xx_2.o)
                              /home/ryu/Workspace/facultate/CAN/PROJECT/developing/nxp_lpcxpresso_11c24_board_lib/Debug/libnxp_lpcxpresso_11c24_board_lib.a(board.o) (Chip_GPIO_Init)
/home/ryu/Workspace/facultate/CAN/PROJECT/developing/lpc_chip_11cxx_lib/Debug/liblpc_chip_11cxx_lib.a(ring_buffer.o)
                              ./example/src/freertos_blinky.o (RingBuffer_Init)
/home/ryu/Workspace/facultate/CAN/PROJECT/developing/lpc_chip_11cxx_lib/Debug/liblpc_chip_11cxx_lib.a(sysctl_11xx.o)
                              /home/ryu/Workspace/facultate/CAN/PROJECT/developing/nxp_lpcxpresso_11c24_board_lib/Debug/libnxp_lpcxpresso_11c24_board_lib.a(board_sysinit.o) (Chip_SYSCTL_PowerDown)
/home/ryu/Workspace/facultate/CAN/PROJECT/developing/lpc_chip_11cxx_lib/Debug/liblpc_chip_11cxx_lib.a(uart_11xx.o)
                              ./example/src/freertos_blinky.o (Chip_UART_Init)
/usr/local/mcuxpressoide-11.2.1_4149/ide/plugins/com.nxp.mcuxpresso.tools.linux_11.2.0.202001021529/tools/bin/../lib/gcc/arm-none-eabi/9.2.1/thumb/v6-m/nofp/libgcc.a(_udivsi3.o)
                              ./freertos/src/port.o (__aeabi_uidiv)
/usr/local/mcuxpressoide-11.2.1_4149/ide/plugins/com.nxp.mcuxpresso.tools.linux_11.2.0.202001021529/tools/bin/../lib/gcc/arm-none-eabi/9.2.1/thumb/v6-m/nofp/libgcc.a(_dvmd_tls.o)
                              /usr/local/mcuxpressoide-11.2.1_4149/ide/plugins/com.nxp.mcuxpresso.tools.linux_11.2.0.202001021529/tools/bin/../lib/gcc/arm-none-eabi/9.2.1/thumb/v6-m/nofp/libgcc.a(_udivsi3.o) (__aeabi_idiv0)
/usr/local/mcuxpressoide-11.2.1_4149/ide/plugins/com.nxp.mcuxpresso.tools.linux_11.2.0.202001021529/tools/bin/../lib/gcc/arm-none-eabi/9.2.1/../../../../arm-none-eabi/lib/thumb/v6-m/nofp/libc_nano.a(lib_a-memcmp.o)
                              ./freertos/src/tasks.o (memcmp)
/usr/local/mcuxpressoide-11.2.1_4149/ide/plugins/com.nxp.mcuxpresso.tools.linux_11.2.0.202001021529/tools/bin/../lib/gcc/arm-none-eabi/9.2.1/../../../../arm-none-eabi/lib/thumb/v6-m/nofp/libc_nano.a(lib_a-memcpy-stub.o)
                              ./freertos/src/queue.o (memcpy)
/usr/local/mcuxpressoide-11.2.1_4149/ide/plugins/com.nxp.mcuxpresso.tools.linux_11.2.0.202001021529/tools/bin/../lib/gcc/arm-none-eabi/9.2.1/../../../../arm-none-eabi/lib/thumb/v6-m/nofp/libc_nano.a(lib_a-memset.o)
                              ./freertos/src/tasks.o (memset)
/usr/local/mcuxpressoide-11.2.1_4149/ide/plugins/com.nxp.mcuxpresso.tools.linux_11.2.0.202001021529/tools/bin/../lib/gcc/arm-none-eabi/9.2.1/../../../../arm-none-eabi/lib/thumb/v6-m/nofp/libc_nano.a(lib_a-printf.o)
                              ./freertos/src/FreeRTOSCommonHooks.o (printf)
/usr/local/mcuxpressoide-11.2.1_4149/ide/plugins/com.nxp.mcuxpresso.tools.linux_11.2.0.202001021529/tools/bin/../lib/gcc/arm-none-eabi/9.2.1/../../../../arm-none-eabi/lib/thumb/v6-m/nofp/libc_nano.a(lib_a-puts.o)
                              ./example/src/freertos_blinky.o (puts)
/usr/local/mcuxpressoide-11.2.1_4149/ide/plugins/com.nxp.mcuxpresso.tools.linux_11.2.0.202001021529/tools/bin/../lib/gcc/arm-none-eabi/9.2.1/../../../../arm-none-eabi/lib/thumb/v6-m/nofp/libc_nano.a(lib_a-sprintf.o)
                              ./freertos/src/tasks.o (sprintf)
/usr/local/mcuxpressoide-11.2.1_4149/ide/plugins/com.nxp.mcuxpresso.tools.linux_11.2.0.202001021529/tools/bin/../lib/gcc/arm-none-eabi/9.2.1/../../../../arm-none-eabi/lib/thumb/v6-m/nofp/libc_nano.a(lib_a-strcat.o)
                              ./freertos/src/tasks.o (strcat)
/usr/local/mcuxpressoide-11.2.1_4149/ide/plugins/com.nxp.mcuxpresso.tools.linux_11.2.0.202001021529/tools/bin/../lib/gcc/arm-none-eabi/9.2.1/../../../../arm-none-eabi/lib/thumb/v6-m/nofp/libc_nano.a(lib_a-strncpy.o)
                              ./freertos/src/tasks.o (strncpy)
[...]
Memory Configuration

Name             Origin             Length             Attributes
MFlash32         0x0000000000000000 0x0000000000008000 xr
RamLoc8          0x0000000010000000 0x0000000000002000 xrw
*default*        0x0000000000000000 0xffffffffffffffff

Linker script and memory map

LOAD ./freertos/src/FreeRTOSCommonHooks.o
LOAD ./freertos/src/croutine.o
LOAD ./freertos/src/heap_1.o
LOAD ./freertos/src/list.o
LOAD ./freertos/src/port.o
LOAD ./freertos/src/queue.o
LOAD ./freertos/src/tasks.o
LOAD ./freertos/src/timers.o
LOAD ./example/src/cr_startup_lpc11xx.o
LOAD ./example/src/freertos_blinky.o
LOAD ./example/src/sysinit.o
LOAD ./example/UART/uart_drv.o
LOAD ./example/CAN/can.o
LOAD /home/ryu/Workspace/facultate/CAN/PROJECT/developing/nxp_lpcxpresso_11c24_board_lib/Debug/libnxp_lpcxpresso_11c24_board_lib.a
LOAD /home/ryu/Workspace/facultate/CAN/PROJECT/developing/lpc_chip_11cxx_lib/Debug/liblpc_chip_11cxx_lib.a
START GROUP
LOAD /usr/local/mcuxpressoide-11.2.1_4149/ide/plugins/com.nxp.mcuxpresso.tools.linux_11.2.0.202001021529/tools/bin/../lib/gcc/arm-none-eabi/9.2.1/thumb/v6-m/nofp/libgcc.a
LOAD /usr/local/mcuxpressoide-11.2.1_4149/ide/plugins/com.nxp.mcuxpresso.tools.linux_11.2.0.202001021529/tools/bin/../lib/gcc/arm-none-eabi/9.2.1/../../../../arm-none-eabi/lib/thumb/v6-m/nofp/libc_nano.a
LOAD /usr/local/mcuxpressoide-11.2.1_4149/ide/plugins/com.nxp.mcuxpresso.tools.linux_11.2.0.202001021529/tools/bin/../lib/gcc/arm-none-eabi/9.2.1/../../../../arm-none-eabi/lib/thumb/v6-m/nofp/libm.a
LOAD /usr/local/mcuxpressoide-11.2.1_4149/ide/plugins/com.nxp.mcuxpresso.tools.linux_11.2.0.202001021529/tools/bin/../lib/gcc/arm-none-eabi/9.2.1/../../../../arm-none-eabi/lib/thumb/v6-m/nofp/libcr_newlib_semihost.a
END GROUP
                0x0000000000000000                __base_MFlash32 = 0x0
                0x0000000000000000                __base_Flash = 0x0
                0x0000000000008000                __top_MFlash32 = 0x8000
                0x0000000000008000                __top_Flash = 0x8000
                0x0000000010000000                __base_RamLoc8 = 0x10000000
                0x0000000010000000                __base_RAM = 0x10000000
                0x0000000010002000                __top_RamLoc8 = 0x10002000
                0x0000000010002000                __top_RAM = 0x10002000

.text           0x0000000000000000     0x2ccc
 FILL mask 0xff
                0x0000000000000000                __vectors_start__ = ABSOLUTE (.)
 *(.isr_vector)
 .isr_vector    0x0000000000000000       0xc0 ./example/src/cr_startup_lpc11xx.o
                0x0000000000000000                g_pfnVectors
                0x00000000000000c0                . = ALIGN (0x4)
                0x00000000000000c0                __section_table_start = .
                0x00000000000000c0                __data_section_table = .
                0x00000000000000c0        0x4 LONG 0x2ccc LOADADDR (.data)
                0x00000000000000c4        0x4 LONG 0x10000000 ADDR (.data)
                0x00000000000000c8        0x4 LONG 0x68 SIZEOF (.data)
                0x00000000000000cc                __data_section_table_end = .
                0x00000000000000cc                __bss_section_table = .
                0x00000000000000cc        0x4 LONG 0x10000068 ADDR (.bss)
                0x00000000000000d0        0x4 LONG 0x1e4 SIZEOF (.bss)
                0x00000000000000d4                __bss_section_table_end = .
                0x00000000000000d4                __section_table_end = .
 *(.after_vectors*)
 .after_vectors
                0x00000000000000d4       0x78 ./example/src/cr_startup_lpc11xx.o
                0x00000000000000d4                NMI_Handler
                0x00000000000000d6                HardFault_Handler
                0x00000000000000de                TIMER16_0_IRQHandler
                0x00000000000000de                TIMER32_0_IRQHandler
                0x00000000000000de                TIMER32_1_IRQHandler
                0x00000000000000de                IntDefaultHandler
                0x00000000000000de                PIOINT1_IRQHandler
                0x00000000000000de                SSP0_IRQHandler
                0x00000000000000de                TIMER16_1_IRQHandler
                0x00000000000000de                ADC_IRQHandler
                0x00000000000000de                SSP1_IRQHandler
                0x00000000000000de                PIOINT2_IRQHandler
                0x00000000000000de                BOD_IRQHandler
                0x00000000000000de                WAKEUP_IRQHandler
                0x00000000000000de                PIOINT0_IRQHandler
                0x00000000000000de                I2C_IRQHandler
                0x00000000000000de                WDT_IRQHandler
                0x00000000000000de                PIOINT3_IRQHandler
                0x00000000000000e0                data_init
                0x00000000000000f6                bss_init
                0x000000000000010a                ResetISR
 *(.text*)
 .text.vApplicationStackOverflowHook
                0x000000000000014c       0x20 ./freertos/src/FreeRTOSCommonHooks.o
                0x000000000000014c                vApplicationStackOverflowHook
 .text.vListInsertEnd
                0x000000000000016c       0x4c ./freertos/src/list.o
                0x000000000000016c                vListInsertEnd
 .text.uxListRemove
                0x00000000000001b8       0x50 ./freertos/src/list.o
                0x00000000000001b8                uxListRemove
 .text.SVC_Handler
                0x0000000000000208       0x2c ./freertos/src/port.o
                0x0000000000000208                SVC_Handler
 .text.PendSV_Handler
                0x0000000000000234       0x48 ./freertos/src/port.o
                0x0000000000000234                PendSV_Handler
 .text.SysTick_Handler
                0x000000000000027c       0x28 ./freertos/src/port.o
                0x000000000000027c                SysTick_Handler
 .text.vTaskIncrementTick
                0x00000000000002a4      0x13c ./freertos/src/tasks.o
                0x00000000000002a4                vTaskIncrementTick
 .text.vTaskSwitchContext
                0x00000000000003e0       0xe8 ./freertos/src/tasks.o
                0x00000000000003e0                vTaskSwitchContext
 .text.NVIC_EnableIRQ
                0x00000000000004c8       0x2c ./example/src/freertos_blinky.o
 .text.NVIC_DisableIRQ
                0x00000000000004f4       0x30 ./example/src/freertos_blinky.o
 .text.NVIC_SetPriority
                0x0000000000000524       0xdc ./example/src/freertos_blinky.o
 .text.Chip_IOCON_PinMuxSet
                0x0000000000000600       0x26 ./example/src/freertos_blinky.o
 .text.Chip_UART_TXEnable
                0x0000000000000626       0x16 ./example/src/freertos_blinky.o
 .text.Chip_UART_IntEnable
                0x000000000000063c       0x1e ./example/src/freertos_blinky.o
 .text.Chip_UART_SetupFIFOS
                0x000000000000065a       0x18 ./example/src/freertos_blinky.o
 .text.Chip_UART_ConfigData
                0x0000000000000672       0x18 ./example/src/freertos_blinky.o
 *fill*         0x000000000000068a        0x2 ff
 .text.Init_UART_PinMux
                0x000000000000068c       0x28 ./example/src/freertos_blinky.o
 .text.UART_IRQHandler
                0x00000000000006b4       0x24 ./example/src/freertos_blinky.o
                0x00000000000006b4                UART_IRQHandler
 .text.main     0x00000000000006d8      0x128 ./example/src/freertos_blinky.o
                0x00000000000006d8                main
 .text.SystemInit
                0x0000000000000800        0xe ./example/src/sysinit.o
                0x0000000000000800                SystemInit
 *fill*         0x000000000000080e        0x2 ff
 .text.CAN_IRQHandler
                0x0000000000000810       0x18 ./example/CAN/can.o
                0x0000000000000810                CAN_IRQHandler
 .text.Chip_GPIO_SetPinState
                0x0000000000000828       0x4e /home/ryu/Workspace/facultate/CAN/PROJECT/developing/nxp_lpcxpresso_11c24_board_lib/Debug/libnxp_lpcxpresso_11c24_board_lib.a(board.o)
 .text.Chip_GPIO_SetPinDIROutput
                0x0000000000000876       0x4c /home/ryu/Workspace/facultate/CAN/PROJECT/developing/nxp_lpcxpresso_11c24_board_lib/Debug/libnxp_lpcxpresso_11c24_board_lib.a(board.o)
 .text.Chip_GPIO_SetPinToggle
                0x00000000000008c2       0x5e /home/ryu/Workspace/facultate/CAN/PROJECT/developing/nxp_lpcxpresso_11c24_board_lib/Debug/libnxp_lpcxpresso_11c24_board_lib.a(board.o)
 .text.Board_LED_Init
                0x0000000000000920       0x18 /home/ryu/Workspace/facultate/CAN/PROJECT/developing/nxp_lpcxpresso_11c24_board_lib/Debug/libnxp_lpcxpresso_11c24_board_lib.a(board.o)
 .text.Board_LED_Set
                0x0000000000000938       0x32 /home/ryu/Workspace/facultate/CAN/PROJECT/developing/nxp_lpcxpresso_11c24_board_lib/Debug/libnxp_lpcxpresso_11c24_board_lib.a(board.o)
                0x0000000000000938                Board_LED_Set
 .text.Board_LED_Toggle
                0x000000000000096a       0x2a /home/ryu/Workspace/facultate/CAN/PROJECT/developing/nxp_lpcxpresso_11c24_board_lib/Debug/libnxp_lpcxpresso_11c24_board_lib.a(board.o)
                0x000000000000096a                Board_LED_Toggle
 .text.Board_Init
                0x0000000000000994       0x18 /home/ryu/Workspace/facultate/CAN/PROJECT/developing/nxp_lpcxpresso_11c24_board_lib/Debug/libnxp_lpcxpresso_11c24_board_lib.a(board.o)
                0x0000000000000994                Board_Init
 .text.Chip_FMC_SetFLASHAccess
                0x00000000000009ac       0x30 /home/ryu/Workspace/facultate/CAN/PROJECT/developing/nxp_lpcxpresso_11c24_board_lib/Debug/libnxp_lpcxpresso_11c24_board_lib.a(board_sysinit.o)
 .text.Chip_Clock_SetupSystemPLL
                0x00000000000009dc       0x38 /home/ryu/Workspace/facultate/CAN/PROJECT/developing/nxp_lpcxpresso_11c24_board_lib/Debug/libnxp_lpcxpresso_11c24_board_lib.a(board_sysinit.o)
 .text.Chip_Clock_IsSystemPLLLocked
                0x0000000000000a14       0x1c /home/ryu/Workspace/facultate/CAN/PROJECT/developing/nxp_lpcxpresso_11c24_board_lib/Debug/libnxp_lpcxpresso_11c24_board_lib.a(board_sysinit.o)
 .text.Chip_Clock_SetSysClockDiv
                0x0000000000000a30       0x1c /home/ryu/Workspace/facultate/CAN/PROJECT/developing/nxp_lpcxpresso_11c24_board_lib/Debug/libnxp_lpcxpresso_11c24_board_lib.a(board_sysinit.o)
 .text.Chip_Clock_EnablePeriphClock
                0x0000000000000a4c       0x30 /home/ryu/Workspace/facultate/CAN/PROJECT/developing/nxp_lpcxpresso_11c24_board_lib/Debug/libnxp_lpcxpresso_11c24_board_lib.a(board_sysinit.o)
 .text.Chip_IOCON_PinMuxSet
                0x0000000000000a7c       0x26 /home/ryu/Workspace/facultate/CAN/PROJECT/developing/nxp_lpcxpresso_11c24_board_lib/Debug/libnxp_lpcxpresso_11c24_board_lib.a(board_sysinit.o)
 .text.SystemSetupClocking
                0x0000000000000aa2       0x66 /home/ryu/Workspace/facultate/CAN/PROJECT/developing/nxp_lpcxpresso_11c24_board_lib/Debug/libnxp_lpcxpresso_11c24_board_lib.a(board_sysinit.o)
 .text.SystemSetupMuxing
                0x0000000000000b08       0x4c /home/ryu/Workspace/facultate/CAN/PROJECT/developing/nxp_lpcxpresso_11c24_board_lib/Debug/libnxp_lpcxpresso_11c24_board_lib.a(board_sysinit.o)
 .text.Board_SystemInit
                0x0000000000000b54       0x12 /home/ryu/Workspace/facultate/CAN/PROJECT/developing/nxp_lpcxpresso_11c24_board_lib/Debug/libnxp_lpcxpresso_11c24_board_lib.a(board_sysinit.o)
                0x0000000000000b54                Board_SystemInit
 *fill*         0x0000000000000b66        0x2 ff
 .text.SystemCoreClockUpdate
                0x0000000000000b68       0x18 /home/ryu/Workspace/facultate/CAN/PROJECT/developing/lpc_chip_11cxx_lib/Debug/liblpc_chip_11cxx_lib.a(chip_11xx.o)
                0x0000000000000b68                SystemCoreClockUpdate
 .text.Chip_Clock_GetMainOscRate
                0x0000000000000b80       0x14 /home/ryu/Workspace/facultate/CAN/PROJECT/developing/lpc_chip_11cxx_lib/Debug/liblpc_chip_11cxx_lib.a(clock_11xx.o)
 .text.Chip_Clock_GetIntOscRate
                0x0000000000000b94       0x10 /home/ryu/Workspace/facultate/CAN/PROJECT/developing/lpc_chip_11cxx_lib/Debug/liblpc_chip_11cxx_lib.a(clock_11xx.o)
 .text.Chip_Clock_GetWDTLFORate
                0x0000000000000ba4       0x48 /home/ryu/Workspace/facultate/CAN/PROJECT/developing/lpc_chip_11cxx_lib/Debug/liblpc_chip_11cxx_lib.a(clock_11xx.o)
 .text.Chip_Clock_GetPLLFreq
                0x0000000000000bec       0x22 /home/ryu/Workspace/facultate/CAN/PROJECT/developing/lpc_chip_11cxx_lib/Debug/liblpc_chip_11cxx_lib.a(clock_11xx.o)
 *fill*         0x0000000000000c0e        0x2 ff
 .text.Chip_Clock_SetSystemPLLSource
                0x0000000000000c10       0x2c /home/ryu/Workspace/facultate/CAN/PROJECT/developing/lpc_chip_11cxx_lib/Debug/liblpc_chip_11cxx_lib.a(clock_11xx.o)
                0x0000000000000c10                Chip_Clock_SetSystemPLLSource
 .text.Chip_Clock_SetMainClockSource
                0x0000000000000c3c       0x2c /home/ryu/Workspace/facultate/CAN/PROJECT/developing/lpc_chip_11cxx_lib/Debug/liblpc_chip_11cxx_lib.a(clock_11xx.o)
                0x0000000000000c3c                Chip_Clock_SetMainClockSource
 .text.Chip_Clock_GetWDTOSCRate
                0x0000000000000c68       0x1c /home/ryu/Workspace/facultate/CAN/PROJECT/developing/lpc_chip_11cxx_lib/Debug/liblpc_chip_11cxx_lib.a(clock_11xx.o)
                0x0000000000000c68                Chip_Clock_GetWDTOSCRate
 .text.Chip_Clock_GetSystemPLLInClockRate
                0x0000000000000c84       0x40 /home/ryu/Workspace/facultate/CAN/PROJECT/developing/lpc_chip_11cxx_lib/Debug/liblpc_chip_11cxx_lib.a(clock_11xx.o)
                0x0000000000000c84                Chip_Clock_GetSystemPLLInClockRate
 .text.Chip_Clock_GetSystemPLLOutClockRate
                0x0000000000000cc4       0x24 /home/ryu/Workspace/facultate/CAN/PROJECT/developing/lpc_chip_11cxx_lib/Debug/liblpc_chip_11cxx_lib.a(clock_11xx.o)
                0x0000000000000cc4                Chip_Clock_GetSystemPLLOutClockRate
 .text.Chip_Clock_GetMainClockRate
                0x0000000000000ce8       0x64 /home/ryu/Workspace/facultate/CAN/PROJECT/developing/lpc_chip_11cxx_lib/Debug/liblpc_chip_11cxx_lib.a(clock_11xx.o)
                0x0000000000000ce8                Chip_Clock_GetMainClockRate
 .text.Chip_Clock_GetSystemClockRate
                0x0000000000000d4c       0x24 /home/ryu/Workspace/facultate/CAN/PROJECT/developing/lpc_chip_11cxx_lib/Debug/liblpc_chip_11cxx_lib.a(clock_11xx.o)
                0x0000000000000d4c                Chip_Clock_GetSystemClockRate
 .text.Chip_Clock_EnablePeriphClock
                0x0000000000000d70       0x30 /home/ryu/Workspace/facultate/CAN/PROJECT/developing/lpc_chip_11cxx_lib/Debug/liblpc_chip_11cxx_lib.a(gpio_11xx_2.o)
 .text.Chip_GPIO_Init
                0x0000000000000da0       0x16 /home/ryu/Workspace/facultate/CAN/PROJECT/developing/lpc_chip_11cxx_lib/Debug/liblpc_chip_11cxx_lib.a(gpio_11xx_2.o)
                0x0000000000000da0                Chip_GPIO_Init
 .text.RingBuffer_GetCount
                0x0000000000000db6       0x1e /home/ryu/Workspace/facultate/CAN/PROJECT/developing/lpc_chip_11cxx_lib/Debug/liblpc_chip_11cxx_lib.a(ring_buffer.o)
 .text.RingBuffer_GetFree
                0x0000000000000dd4       0x20 /home/ryu/Workspace/facultate/CAN/PROJECT/developing/lpc_chip_11cxx_lib/Debug/liblpc_chip_11cxx_lib.a(ring_buffer.o)
 .text.RingBuffer_IsFull
                0x0000000000000df4       0x2a /home/ryu/Workspace/facultate/CAN/PROJECT/developing/lpc_chip_11cxx_lib/Debug/liblpc_chip_11cxx_lib.a(ring_buffer.o)
 .text.RingBuffer_IsEmpty
                0x0000000000000e1e       0x24 /home/ryu/Workspace/facultate/CAN/PROJECT/developing/lpc_chip_11cxx_lib/Debug/liblpc_chip_11cxx_lib.a(ring_buffer.o)
 .text.RingBuffer_Init
                0x0000000000000e42       0x38 /home/ryu/Workspace/facultate/CAN/PROJECT/developing/lpc_chip_11cxx_lib/Debug/liblpc_chip_11cxx_lib.a(ring_buffer.o)
                0x0000000000000e42                RingBuffer_Init
 .text.RingBuffer_Insert
                0x0000000000000e7a       0x5c /home/ryu/Workspace/facultate/CAN/PROJECT/developing/lpc_chip_11cxx_lib/Debug/liblpc_chip_11cxx_lib.a(ring_buffer.o)
                0x0000000000000e7a                RingBuffer_Insert
 .text.RingBuffer_InsertMult
                0x0000000000000ed6      0x120 /home/ryu/Workspace/facultate/CAN/PROJECT/developing/lpc_chip_11cxx_lib/Debug/liblpc_chip_11cxx_lib.a(ring_buffer.o)
                0x0000000000000ed6                RingBuffer_InsertMult
 .text.RingBuffer_Pop
                0x0000000000000ff6       0x5c /home/ryu/Workspace/facultate/CAN/PROJECT/developing/lpc_chip_11cxx_lib/Debug/liblpc_chip_11cxx_lib.a(ring_buffer.o)
                0x0000000000000ff6                RingBuffer_Pop
 .text.RingBuffer_PopMult
                0x0000000000001052      0x120 /home/ryu/Workspace/facultate/CAN/PROJECT/developing/lpc_chip_11cxx_lib/Debug/liblpc_chip_11cxx_lib.a(ring_buffer.o)
                0x0000000000001052                RingBuffer_PopMult
 *fill*         0x0000000000001172        0x2 ff
 .text.Chip_SYSCTL_PowerDown
                0x0000000000001174       0x40 /home/ryu/Workspace/facultate/CAN/PROJECT/developing/lpc_chip_11cxx_lib/Debug/liblpc_chip_11cxx_lib.a(sysctl_11xx.o)
                0x0000000000001174                Chip_SYSCTL_PowerDown
 .text.Chip_SYSCTL_PowerUp
                0x00000000000011b4       0x40 /home/ryu/Workspace/facultate/CAN/PROJECT/developing/lpc_chip_11cxx_lib/Debug/liblpc_chip_11cxx_lib.a(sysctl_11xx.o)
                0x00000000000011b4                Chip_SYSCTL_PowerUp
 .text.Chip_Clock_EnablePeriphClock
                0x00000000000011f4       0x30 /home/ryu/Workspace/facultate/CAN/PROJECT/developing/lpc_chip_11cxx_lib/Debug/liblpc_chip_11cxx_lib.a(uart_11xx.o)
 .text.Chip_Clock_DisablePeriphClock
                0x0000000000001224       0x34 /home/ryu/Workspace/facultate/CAN/PROJECT/developing/lpc_chip_11cxx_lib/Debug/liblpc_chip_11cxx_lib.a(uart_11xx.o)
 .text.Chip_Clock_SetUARTClockDiv
                0x0000000000001258       0x1c /home/ryu/Workspace/facultate/CAN/PROJECT/developing/lpc_chip_11cxx_lib/Debug/liblpc_chip_11cxx_lib.a(uart_11xx.o)
 .text.RingBuffer_IsEmpty
                0x0000000000001274       0x24 /home/ryu/Workspace/facultate/CAN/PROJECT/developing/lpc_chip_11cxx_lib/Debug/liblpc_chip_11cxx_lib.a(uart_11xx.o)
 .text.Chip_UART_SendByte
                0x0000000000001298       0x1e /home/ryu/Workspace/facultate/CAN/PROJECT/developing/lpc_chip_11cxx_lib/Debug/liblpc_chip_11cxx_lib.a(uart_11xx.o)
 .text.Chip_UART_ReadByte
                0x00000000000012b6       0x16 /home/ryu/Workspace/facultate/CAN/PROJECT/developing/lpc_chip_11cxx_lib/Debug/liblpc_chip_11cxx_lib.a(uart_11xx.o)
 .text.Chip_UART_IntEnable
                0x00000000000012cc       0x1e /home/ryu/Workspace/facultate/CAN/PROJECT/developing/lpc_chip_11cxx_lib/Debug/liblpc_chip_11cxx_lib.a(uart_11xx.o)
 .text.Chip_UART_IntDisable
                0x00000000000012ea       0x20 /home/ryu/Workspace/facultate/CAN/PROJECT/developing/lpc_chip_11cxx_lib/Debug/liblpc_chip_11cxx_lib.a(uart_11xx.o)
 .text.Chip_UART_SetupFIFOS
                0x000000000000130a       0x18 /home/ryu/Workspace/facultate/CAN/PROJECT/developing/lpc_chip_11cxx_lib/Debug/liblpc_chip_11cxx_lib.a(uart_11xx.o)
 .text.Chip_UART_ConfigData
                0x0000000000001322       0x18 /home/ryu/Workspace/facultate/CAN/PROJECT/developing/lpc_chip_11cxx_lib/Debug/liblpc_chip_11cxx_lib.a(uart_11xx.o)
 .text.Chip_UART_EnableDivisorAccess
                0x000000000000133a       0x1c /home/ryu/Workspace/facultate/CAN/PROJECT/developing/lpc_chip_11cxx_lib/Debug/liblpc_chip_11cxx_lib.a(uart_11xx.o)
 .text.Chip_UART_DisableDivisorAccess
                0x0000000000001356       0x1e /home/ryu/Workspace/facultate/CAN/PROJECT/developing/lpc_chip_11cxx_lib/Debug/liblpc_chip_11cxx_lib.a(uart_11xx.o)
 .text.Chip_UART_SetDivisorLatches
                0x0000000000001374       0x30 /home/ryu/Workspace/facultate/CAN/PROJECT/developing/lpc_chip_11cxx_lib/Debug/liblpc_chip_11cxx_lib.a(uart_11xx.o)
 .text.Chip_UART_ReadLineStatus
                0x00000000000013a4       0x14 /home/ryu/Workspace/facultate/CAN/PROJECT/developing/lpc_chip_11cxx_lib/Debug/liblpc_chip_11cxx_lib.a(uart_11xx.o)
 .text.Chip_UART_Init
                0x00000000000013b8       0x36 /home/ryu/Workspace/facultate/CAN/PROJECT/developing/lpc_chip_11cxx_lib/Debug/liblpc_chip_11cxx_lib.a(uart_11xx.o)
                0x00000000000013b8                Chip_UART_Init
 .text.Chip_UART_DeInit
                0x00000000000013ee       0x16 /home/ryu/Workspace/facultate/CAN/PROJECT/developing/lpc_chip_11cxx_lib/Debug/liblpc_chip_11cxx_lib.a(uart_11xx.o)
                0x00000000000013ee                Chip_UART_DeInit
 .text.Chip_UART_SetBaud
                0x0000000000001404       0x64 /home/ryu/Workspace/facultate/CAN/PROJECT/developing/lpc_chip_11cxx_lib/Debug/liblpc_chip_11cxx_lib.a(uart_11xx.o)
                0x0000000000001404                Chip_UART_SetBaud
 .text.Chip_UART_RXIntHandlerRB
                0x0000000000001468       0x44 /home/ryu/Workspace/facultate/CAN/PROJECT/developing/lpc_chip_11cxx_lib/Debug/liblpc_chip_11cxx_lib.a(uart_11xx.o)
                0x0000000000001468                Chip_UART_RXIntHandlerRB
 .text.Chip_UART_TXIntHandlerRB
                0x00000000000014ac       0x46 /home/ryu/Workspace/facultate/CAN/PROJECT/developing/lpc_chip_11cxx_lib/Debug/liblpc_chip_11cxx_lib.a(uart_11xx.o)
                0x00000000000014ac                Chip_UART_TXIntHandlerRB
 .text.Chip_UART_SendRB
                0x00000000000014f2       0x6c /home/ryu/Workspace/facultate/CAN/PROJECT/developing/lpc_chip_11cxx_lib/Debug/liblpc_chip_11cxx_lib.a(uart_11xx.o)
                0x00000000000014f2                Chip_UART_SendRB
 .text.Chip_UART_ReadRB
                0x000000000000155e       0x24 /home/ryu/Workspace/facultate/CAN/PROJECT/developing/lpc_chip_11cxx_lib/Debug/liblpc_chip_11cxx_lib.a(uart_11xx.o)
                0x000000000000155e                Chip_UART_ReadRB
 .text.Chip_UART_IRQRBHandler
                0x0000000000001582       0x4c /home/ryu/Workspace/facultate/CAN/PROJECT/developing/lpc_chip_11cxx_lib/Debug/liblpc_chip_11cxx_lib.a(uart_11xx.o)
                0x0000000000001582                Chip_UART_IRQRBHandler
 *fill*         0x00000000000015ce        0x2 ff
 .text          0x00000000000015d0      0x114 /usr/local/mcuxpressoide-11.2.1_4149/ide/plugins/com.nxp.mcuxpresso.tools.linux_11.2.0.202001021529/tools/bin/../lib/gcc/arm-none-eabi/9.2.1/thumb/v6-m/nofp/libgcc.a(_udivsi3.o)
                0x00000000000015d0                __udivsi3
                0x00000000000015d0                __aeabi_uidiv
                0x00000000000016dc                __aeabi_uidivmod
 .text          0x00000000000016e4        0x4 /usr/local/mcuxpressoide-11.2.1_4149/ide/plugins/com.nxp.mcuxpresso.tools.linux_11.2.0.202001021529/tools/bin/../lib/gcc/arm-none-eabi/9.2.1/thumb/v6-m/nofp/libgcc.a(_dvmd_tls.o)
                0x00000000000016e4                __aeabi_ldiv0
                0x00000000000016e4                __aeabi_idiv0
 .text.memcmp   0x00000000000016e8       0x1c /usr/local/mcuxpressoide-11.2.1_4149/ide/plugins/com.nxp.mcuxpresso.tools.linux_11.2.0.202001021529/tools/bin/../lib/gcc/arm-none-eabi/9.2.1/../../../../arm-none-eabi/lib/thumb/v6-m/nofp/libc_nano.a(lib_a-memcmp.o)
                0x00000000000016e8                memcmp
 .text.memcpy   0x0000000000001704       0x12 /usr/local/mcuxpressoide-11.2.1_4149/ide/plugins/com.nxp.mcuxpresso.tools.linux_11.2.0.202001021529/tools/bin/../lib/gcc/arm-none-eabi/9.2.1/../../../../arm-none-eabi/lib/thumb/v6-m/nofp/libc_nano.a(lib_a-memcpy-stub.o)
                0x0000000000001704                memcpy
 .text.memset   0x0000000000001716       0x10 /usr/local/mcuxpressoide-11.2.1_4149/ide/plugins/com.nxp.mcuxpresso.tools.linux_11.2.0.202001021529/tools/bin/../lib/gcc/arm-none-eabi/9.2.1/../../../../arm-none-eabi/lib/thumb/v6-m/nofp/libc_nano.a(lib_a-memset.o)
                0x0000000000001716                memset
 *fill*         0x0000000000001726        0x2 ff
 .text.printf   0x0000000000001728       0x34 /usr/local/mcuxpressoide-11.2.1_4149/ide/plugins/com.nxp.mcuxpresso.tools.linux_11.2.0.202001021529/tools/bin/../lib/gcc/arm-none-eabi/9.2.1/../../../../arm-none-eabi/lib/thumb/v6-m/nofp/libc_nano.a(lib_a-printf.o)
                0x0000000000001728                printf
                0x0000000000001728                iprintf
 .text._puts_r  0x000000000000175c       0xe4 /usr/local/mcuxpressoide-11.2.1_4149/ide/plugins/com.nxp.mcuxpresso.tools.linux_11.2.0.202001021529/tools/bin/../lib/gcc/arm-none-eabi/9.2.1/../../../../arm-none-eabi/lib/thumb/v6-m/nofp/libc_nano.a(lib_a-puts.o)
                0x000000000000175c                _puts_r
 .text.puts     0x0000000000001840       0x14 /usr/local/mcuxpressoide-11.2.1_4149/ide/plugins/com.nxp.mcuxpresso.tools.linux_11.2.0.202001021529/tools/bin/../lib/gcc/arm-none-eabi/9.2.1/../../../../arm-none-eabi/lib/thumb/v6-m/nofp/libc_nano.a(lib_a-puts.o)
                0x0000000000001840                puts
 .text.__swbuf_r
                0x0000000000001854       0xac /usr/local/mcuxpressoide-11.2.1_4149/ide/plugins/com.nxp.mcuxpresso.tools.linux_11.2.0.202001021529/tools/bin/../lib/gcc/arm-none-eabi/9.2.1/../../../../arm-none-eabi/lib/thumb/v6-m/nofp/libc_nano.a(lib_a-wbuf.o)
                0x0000000000001854                __swbuf_r
 .text.__swsetup_r
                0x0000000000001900       0xf0 /usr/local/mcuxpressoide-11.2.1_4149/ide/plugins/com.nxp.mcuxpresso.tools.linux_11.2.0.202001021529/tools/bin/../lib/gcc/arm-none-eabi/9.2.1/../../../../arm-none-eabi/lib/thumb/v6-m/nofp/libc_nano.a(lib_a-wsetup.o)
                0x0000000000001900                __swsetup_r
 .text.__sflush_r
                0x00000000000019f0      0x118 /usr/local/mcuxpressoide-11.2.1_4149/ide/plugins/com.nxp.mcuxpresso.tools.linux_11.2.0.202001021529/tools/bin/../lib/gcc/arm-none-eabi/9.2.1/../../../../arm-none-eabi/lib/thumb/v6-m/nofp/libc_nano.a(lib_a-fflush.o)
                0x00000000000019f0                __sflush_r
 .text._fflush_r
                0x0000000000001b08       0x80 /usr/local/mcuxpressoide-11.2.1_4149/ide/plugins/com.nxp.mcuxpresso.tools.linux_11.2.0.202001021529/tools/bin/../lib/gcc/arm-none-eabi/9.2.1/../../../../arm-none-eabi/lib/thumb/v6-m/nofp/libc_nano.a(lib_a-fflush.o)
                0x0000000000001b08                _fflush_r
 .text.std      0x0000000000001b88       0x48 /usr/local/mcuxpressoide-11.2.1_4149/ide/plugins/com.nxp.mcuxpresso.tools.linux_11.2.0.202001021529/tools/bin/../lib/gcc/arm-none-eabi/9.2.1/../../../../arm-none-eabi/lib/thumb/v6-m/nofp/libc_nano.a(lib_a-findfp.o)
 .text._cleanup_r
                0x0000000000001bd0       0x10 /usr/local/mcuxpressoide-11.2.1_4149/ide/plugins/com.nxp.mcuxpresso.tools.linux_11.2.0.202001021529/tools/bin/../lib/gcc/arm-none-eabi/9.2.1/../../../../arm-none-eabi/lib/thumb/v6-m/nofp/libc_nano.a(lib_a-findfp.o)
                0x0000000000001bd0                _cleanup_r
 .text.__sfmoreglue
                0x0000000000001be0       0x2c /usr/local/mcuxpressoide-11.2.1_4149/ide/plugins/com.nxp.mcuxpresso.tools.linux_11.2.0.202001021529/tools/bin/../lib/gcc/arm-none-eabi/9.2.1/../../../../arm-none-eabi/lib/thumb/v6-m/nofp/libc_nano.a(lib_a-findfp.o)
                0x0000000000001be0                __sfmoreglue
 .text.__sfp_lock_acquire
                0x0000000000001c0c       0x10 /usr/local/mcuxpressoide-11.2.1_4149/ide/plugins/com.nxp.mcuxpresso.tools.linux_11.2.0.202001021529/tools/bin/../lib/gcc/arm-none-eabi/9.2.1/../../../../arm-none-eabi/lib/thumb/v6-m/nofp/libc_nano.a(lib_a-findfp.o)
                0x0000000000001c0c                __sfp_lock_acquire
 .text.__sfp_lock_release
                0x0000000000001c1c       0x10 /usr/local/mcuxpressoide-11.2.1_4149/ide/plugins/com.nxp.mcuxpresso.tools.linux_11.2.0.202001021529/tools/bin/../lib/gcc/arm-none-eabi/9.2.1/../../../../arm-none-eabi/lib/thumb/v6-m/nofp/libc_nano.a(lib_a-findfp.o)
                0x0000000000001c1c                __sfp_lock_release
 .text.__sinit_lock_acquire
                0x0000000000001c2c       0x10 /usr/local/mcuxpressoide-11.2.1_4149/ide/plugins/com.nxp.mcuxpresso.tools.linux_11.2.0.202001021529/tools/bin/../lib/gcc/arm-none-eabi/9.2.1/../../../../arm-none-eabi/lib/thumb/v6-m/nofp/libc_nano.a(lib_a-findfp.o)
                0x0000000000001c2c                __sinit_lock_acquire
 .text.__sinit_lock_release
                0x0000000000001c3c       0x10 /usr/local/mcuxpressoide-11.2.1_4149/ide/plugins/com.nxp.mcuxpresso.tools.linux_11.2.0.202001021529/tools/bin/../lib/gcc/arm-none-eabi/9.2.1/../../../../arm-none-eabi/lib/thumb/v6-m/nofp/libc_nano.a(lib_a-findfp.o)
                0x0000000000001c3c                __sinit_lock_release
 .text.__sinit  0x0000000000001c4c       0x70 /usr/local/mcuxpressoide-11.2.1_4149/ide/plugins/com.nxp.mcuxpresso.tools.linux_11.2.0.202001021529/tools/bin/../lib/gcc/arm-none-eabi/9.2.1/../../../../arm-none-eabi/lib/thumb/v6-m/nofp/libc_nano.a(lib_a-findfp.o)
                0x0000000000001c4c                __sinit
 .text.__sfp    0x0000000000001cbc       0x90 /usr/local/mcuxpressoide-11.2.1_4149/ide/plugins/com.nxp.mcuxpresso.tools.linux_11.2.0.202001021529/tools/bin/../lib/gcc/arm-none-eabi/9.2.1/../../../../arm-none-eabi/lib/thumb/v6-m/nofp/libc_nano.a(lib_a-findfp.o)
                0x0000000000001cbc                __sfp
 .text._fwalk_reent
                0x0000000000001d4c       0x40 /usr/local/mcuxpressoide-11.2.1_4149/ide/plugins/com.nxp.mcuxpresso.tools.linux_11.2.0.202001021529/tools/bin/../lib/gcc/arm-none-eabi/9.2.1/../../../../arm-none-eabi/lib/thumb/v6-m/nofp/libc_nano.a(lib_a-fwalk.o)
                0x0000000000001d4c                _fwalk_reent
 .text.__retarget_lock_init_recursive
                0x0000000000001d8c        0x2 /usr/local/mcuxpressoide-11.2.1_4149/ide/plugins/com.nxp.mcuxpresso.tools.linux_11.2.0.202001021529/tools/bin/../lib/gcc/arm-none-eabi/9.2.1/../../../../arm-none-eabi/lib/thumb/v6-m/nofp/libc_nano.a(lib_a-lock.o)
                0x0000000000001d8c                __retarget_lock_init_recursive
 .text.__retarget_lock_acquire_recursive
                0x0000000000001d8e        0x2 /usr/local/mcuxpressoide-11.2.1_4149/ide/plugins/com.nxp.mcuxpresso.tools.linux_11.2.0.202001021529/tools/bin/../lib/gcc/arm-none-eabi/9.2.1/../../../../arm-none-eabi/lib/thumb/v6-m/nofp/libc_nano.a(lib_a-lock.o)
                0x0000000000001d8e                __retarget_lock_acquire_recursive
 .text.__retarget_lock_release_recursive
                0x0000000000001d90        0x2 /usr/local/mcuxpressoide-11.2.1_4149/ide/plugins/com.nxp.mcuxpresso.tools.linux_11.2.0.202001021529/tools/bin/../lib/gcc/arm-none-eabi/9.2.1/../../../../arm-none-eabi/lib/thumb/v6-m/nofp/libc_nano.a(lib_a-lock.o)
                0x0000000000001d90                __retarget_lock_release_recursive
 *fill*         0x0000000000001d92        0x2 ff
 .text.__swhatbuf_r
                0x0000000000001d94       0x50 /usr/local/mcuxpressoide-11.2.1_4149/ide/plugins/com.nxp.mcuxpresso.tools.linux_11.2.0.202001021529/tools/bin/../lib/gcc/arm-none-eabi/9.2.1/../../../../arm-none-eabi/lib/thumb/v6-m/nofp/libc_nano.a(lib_a-makebuf.o)
                0x0000000000001d94                __swhatbuf_r
 .text.__smakebuf_r
                0x0000000000001de4       0x88 /usr/local/mcuxpressoide-11.2.1_4149/ide/plugins/com.nxp.mcuxpresso.tools.linux_11.2.0.202001021529/tools/bin/../lib/gcc/arm-none-eabi/9.2.1/../../../../arm-none-eabi/lib/thumb/v6-m/nofp/libc_nano.a(lib_a-makebuf.o)
                0x0000000000001de4                __smakebuf_r
 .text._free_r  0x0000000000001e6c       0x94 /usr/local/mcuxpressoide-11.2.1_4149/ide/plugins/com.nxp.mcuxpresso.tools.linux_11.2.0.202001021529/tools/bin/../lib/gcc/arm-none-eabi/9.2.1/../../../../arm-none-eabi/lib/thumb/v6-m/nofp/libc_nano.a(lib_a-nano-freer.o)
                0x0000000000001e6c                _free_r
 .text._malloc_r
                0x0000000000001f00       0xbc /usr/local/mcuxpressoide-11.2.1_4149/ide/plugins/com.nxp.mcuxpresso.tools.linux_11.2.0.202001021529/tools/bin/../lib/gcc/arm-none-eabi/9.2.1/../../../../arm-none-eabi/lib/thumb/v6-m/nofp/libc_nano.a(lib_a-nano-mallocr.o)
                0x0000000000001f00                _malloc_r
 .text.__sfputc_r
                0x0000000000001fbc       0x2a /usr/local/mcuxpressoide-11.2.1_4149/ide/plugins/com.nxp.mcuxpresso.tools.linux_11.2.0.202001021529/tools/bin/../lib/gcc/arm-none-eabi/9.2.1/../../../../arm-none-eabi/lib/thumb/v6-m/nofp/libc_nano.a(lib_a-nano-vfprintf.o)
 .text.__sfputs_r
                0x0000000000001fe6       0x24 /usr/local/mcuxpressoide-11.2.1_4149/ide/plugins/com.nxp.mcuxpresso.tools.linux_11.2.0.202001021529/tools/bin/../lib/gcc/arm-none-eabi/9.2.1/../../../../arm-none-eabi/lib/thumb/v6-m/nofp/libc_nano.a(lib_a-nano-vfprintf.o)
                0x0000000000001fe6                __sfputs_r
 *fill*         0x000000000000200a        0x2 ff
 .text._vfprintf_r
                0x000000000000200c      0x274 /usr/local/mcuxpressoide-11.2.1_4149/ide/plugins/com.nxp.mcuxpresso.tools.linux_11.2.0.202001021529/tools/bin/../lib/gcc/arm-none-eabi/9.2.1/../../../../arm-none-eabi/lib/thumb/v6-m/nofp/libc_nano.a(lib_a-nano-vfprintf.o)
                0x000000000000200c                _vfiprintf_r
                0x000000000000200c                _vfprintf_r
 .text._printf_common
                0x0000000000002280       0xde /usr/local/mcuxpressoide-11.2.1_4149/ide/plugins/com.nxp.mcuxpresso.tools.linux_11.2.0.202001021529/tools/bin/../lib/gcc/arm-none-eabi/9.2.1/../../../../arm-none-eabi/lib/thumb/v6-m/nofp/libc_nano.a(lib_a-nano-vfprintf_i.o)
                0x0000000000002280                _printf_common
 *fill*         0x000000000000235e        0x2 ff
 .text._printf_i
                0x0000000000002360      0x224 /usr/local/mcuxpressoide-11.2.1_4149/ide/plugins/com.nxp.mcuxpresso.tools.linux_11.2.0.202001021529/tools/bin/../lib/gcc/arm-none-eabi/9.2.1/../../../../arm-none-eabi/lib/thumb/v6-m/nofp/libc_nano.a(lib_a-nano-vfprintf_i.o)
                0x0000000000002360                _printf_i
 .text._sbrk_r  0x0000000000002584       0x24 /usr/local/mcuxpressoide-11.2.1_4149/ide/plugins/com.nxp.mcuxpresso.tools.linux_11.2.0.202001021529/tools/bin/../lib/gcc/arm-none-eabi/9.2.1/../../../../arm-none-eabi/lib/thumb/v6-m/nofp/libc_nano.a(lib_a-sbrkr.o)
                0x0000000000002584                _sbrk_r
 .text.__sread  0x00000000000025a8       0x28 /usr/local/mcuxpressoide-11.2.1_4149/ide/plugins/com.nxp.mcuxpresso.tools.linux_11.2.0.202001021529/tools/bin/../lib/gcc/arm-none-eabi/9.2.1/../../../../arm-none-eabi/lib/thumb/v6-m/nofp/libc_nano.a(lib_a-stdio.o)
                0x00000000000025a8                __sread
 .text.__swrite
                0x00000000000025d0       0x38 /usr/local/mcuxpressoide-11.2.1_4149/ide/plugins/com.nxp.mcuxpresso.tools.linux_11.2.0.202001021529/tools/bin/../lib/gcc/arm-none-eabi/9.2.1/../../../../arm-none-eabi/lib/thumb/v6-m/nofp/libc_nano.a(lib_a-stdio.o)
                0x00000000000025d0                __swrite
 .text.__sseek  0x0000000000002608       0x2c /usr/local/mcuxpressoide-11.2.1_4149/ide/plugins/com.nxp.mcuxpresso.tools.linux_11.2.0.202001021529/tools/bin/../lib/gcc/arm-none-eabi/9.2.1/../../../../arm-none-eabi/lib/thumb/v6-m/nofp/libc_nano.a(lib_a-stdio.o)
                0x0000000000002608                __sseek
 .text.__sclose
                0x0000000000002634        0xc /usr/local/mcuxpressoide-11.2.1_4149/ide/plugins/com.nxp.mcuxpresso.tools.linux_11.2.0.202001021529/tools/bin/../lib/gcc/arm-none-eabi/9.2.1/../../../../arm-none-eabi/lib/thumb/v6-m/nofp/libc_nano.a(lib_a-stdio.o)
                0x0000000000002634                __sclose
 .text._write_r
                0x0000000000002640       0x28 /usr/local/mcuxpressoide-11.2.1_4149/ide/plugins/com.nxp.mcuxpresso.tools.linux_11.2.0.202001021529/tools/bin/../lib/gcc/arm-none-eabi/9.2.1/../../../../arm-none-eabi/lib/thumb/v6-m/nofp/libc_nano.a(lib_a-writer.o)
                0x0000000000002640                _write_r
 .text._close_r
                0x0000000000002668       0x24 /usr/local/mcuxpressoide-11.2.1_4149/ide/plugins/com.nxp.mcuxpresso.tools.linux_11.2.0.202001021529/tools/bin/../lib/gcc/arm-none-eabi/9.2.1/../../../../arm-none-eabi/lib/thumb/v6-m/nofp/libc_nano.a(lib_a-closer.o)
                0x0000000000002668                _close_r
 .text._fstat_r
                0x000000000000268c       0x24 /usr/local/mcuxpressoide-11.2.1_4149/ide/plugins/com.nxp.mcuxpresso.tools.linux_11.2.0.202001021529/tools/bin/../lib/gcc/arm-none-eabi/9.2.1/../../../../arm-none-eabi/lib/thumb/v6-m/nofp/libc_nano.a(lib_a-fstatr.o)
                0x000000000000268c                _fstat_r
 .text._isatty_r
                0x00000000000026b0       0x24 /usr/local/mcuxpressoide-11.2.1_4149/ide/plugins/com.nxp.mcuxpresso.tools.linux_11.2.0.202001021529/tools/bin/../lib/gcc/arm-none-eabi/9.2.1/../../../../arm-none-eabi/lib/thumb/v6-m/nofp/libc_nano.a(lib_a-isattyr.o)
                0x00000000000026b0                _isatty_r
 .text._lseek_r
                0x00000000000026d4       0x28 /usr/local/mcuxpressoide-11.2.1_4149/ide/plugins/com.nxp.mcuxpresso.tools.linux_11.2.0.202001021529/tools/bin/../lib/gcc/arm-none-eabi/9.2.1/../../../../arm-none-eabi/lib/thumb/v6-m/nofp/libc_nano.a(lib_a-lseekr.o)
                0x00000000000026d4                _lseek_r
 .text.memchr   0x00000000000026fc       0x16 /usr/local/mcuxpressoide-11.2.1_4149/ide/plugins/com.nxp.mcuxpresso.tools.linux_11.2.0.202001021529/tools/bin/../lib/gcc/arm-none-eabi/9.2.1/../../../../arm-none-eabi/lib/thumb/v6-m/nofp/libc_nano.a(lib_a-memchr-stub.o)
                0x00000000000026fc                memchr
 *fill*         0x0000000000002712        0x2 ff
 .text.__malloc_lock
                0x0000000000002714       0x10 /usr/local/mcuxpressoide-11.2.1_4149/ide/plugins/com.nxp.mcuxpresso.tools.linux_11.2.0.202001021529/tools/bin/../lib/gcc/arm-none-eabi/9.2.1/../../../../arm-none-eabi/lib/thumb/v6-m/nofp/libc_nano.a(lib_a-mlock.o)
                0x0000000000002714                __malloc_lock
 .text.__malloc_unlock
                0x0000000000002724       0x10 /usr/local/mcuxpressoide-11.2.1_4149/ide/plugins/com.nxp.mcuxpresso.tools.linux_11.2.0.202001021529/tools/bin/../lib/gcc/arm-none-eabi/9.2.1/../../../../arm-none-eabi/lib/thumb/v6-m/nofp/libc_nano.a(lib_a-mlock.o)
                0x0000000000002724                __malloc_unlock
 .text._read_r  0x0000000000002734       0x28 /usr/local/mcuxpressoide-11.2.1_4149/ide/plugins/com.nxp.mcuxpresso.tools.linux_11.2.0.202001021529/tools/bin/../lib/gcc/arm-none-eabi/9.2.1/../../../../arm-none-eabi/lib/thumb/v6-m/nofp/libc_nano.a(lib_a-readr.o)
                0x0000000000002734                _read_r
 .text._sbrk    0x000000000000275c       0x40 /usr/local/mcuxpressoide-11.2.1_4149/ide/plugins/com.nxp.mcuxpresso.tools.linux_11.2.0.202001021529/tools/bin/../lib/gcc/arm-none-eabi/9.2.1/../../../../arm-none-eabi/lib/thumb/v6-m/nofp/libcr_newlib_semihost.a(_cr_sbrk.o)
                0x000000000000275c                _sbrk
 .text.error    0x000000000000279c       0x1c /usr/local/mcuxpressoide-11.2.1_4149/ide/plugins/com.nxp.mcuxpresso.tools.linux_11.2.0.202001021529/tools/bin/../lib/gcc/arm-none-eabi/9.2.1/../../../../arm-none-eabi/lib/thumb/v6-m/nofp/libcr_newlib_semihost.a(syscalls.o)
 .text.initialise_monitor_handles
                0x00000000000027b8       0xa0 /usr/local/mcuxpressoide-11.2.1_4149/ide/plugins/com.nxp.mcuxpresso.tools.linux_11.2.0.202001021529/tools/bin/../lib/gcc/arm-none-eabi/9.2.1/../../../../arm-none-eabi/lib/thumb/v6-m/nofp/libcr_newlib_semihost.a(syscalls.o)
 .text.findslot
                0x0000000000002858       0x24 /usr/local/mcuxpressoide-11.2.1_4149/ide/plugins/com.nxp.mcuxpresso.tools.linux_11.2.0.202001021529/tools/bin/../lib/gcc/arm-none-eabi/9.2.1/../../../../arm-none-eabi/lib/thumb/v6-m/nofp/libcr_newlib_semihost.a(syscalls.o)
 .text.checkerror
                0x000000000000287c       0x20 /usr/local/mcuxpressoide-11.2.1_4149/ide/plugins/com.nxp.mcuxpresso.tools.linux_11.2.0.202001021529/tools/bin/../lib/gcc/arm-none-eabi/9.2.1/../../../../arm-none-eabi/lib/thumb/v6-m/nofp/libcr_newlib_semihost.a(syscalls.o)
 .text._swiread
                0x000000000000289c       0x20 /usr/local/mcuxpressoide-11.2.1_4149/ide/plugins/com.nxp.mcuxpresso.tools.linux_11.2.0.202001021529/tools/bin/../lib/gcc/arm-none-eabi/9.2.1/../../../../arm-none-eabi/lib/thumb/v6-m/nofp/libcr_newlib_semihost.a(syscalls.o)
                0x000000000000289c                _swiread
 .text._read    0x00000000000028bc       0x34 /usr/local/mcuxpressoide-11.2.1_4149/ide/plugins/com.nxp.mcuxpresso.tools.linux_11.2.0.202001021529/tools/bin/../lib/gcc/arm-none-eabi/9.2.1/../../../../arm-none-eabi/lib/thumb/v6-m/nofp/libcr_newlib_semihost.a(syscalls.o)
                0x00000000000028bc                _read
 .text._swilseek
                0x00000000000028f0       0x76 /usr/local/mcuxpressoide-11.2.1_4149/ide/plugins/com.nxp.mcuxpresso.tools.linux_11.2.0.202001021529/tools/bin/../lib/gcc/arm-none-eabi/9.2.1/../../../../arm-none-eabi/lib/thumb/v6-m/nofp/libcr_newlib_semihost.a(syscalls.o)
                0x00000000000028f0                _swilseek
 .text._lseek   0x0000000000002966        0x8 /usr/local/mcuxpressoide-11.2.1_4149/ide/plugins/com.nxp.mcuxpresso.tools.linux_11.2.0.202001021529/tools/bin/../lib/gcc/arm-none-eabi/9.2.1/../../../../arm-none-eabi/lib/thumb/v6-m/nofp/libcr_newlib_semihost.a(syscalls.o)
                0x0000000000002966                _lseek
 .text._swiwrite
                0x000000000000296e       0x20 /usr/local/mcuxpressoide-11.2.1_4149/ide/plugins/com.nxp.mcuxpresso.tools.linux_11.2.0.202001021529/tools/bin/../lib/gcc/arm-none-eabi/9.2.1/../../../../arm-none-eabi/lib/thumb/v6-m/nofp/libcr_newlib_semihost.a(syscalls.o)
                0x000000000000296e                _swiwrite
 .text._write   0x000000000000298e       0x3e /usr/local/mcuxpressoide-11.2.1_4149/ide/plugins/com.nxp.mcuxpresso.tools.linux_11.2.0.202001021529/tools/bin/../lib/gcc/arm-none-eabi/9.2.1/../../../../arm-none-eabi/lib/thumb/v6-m/nofp/libcr_newlib_semihost.a(syscalls.o)
                0x000000000000298e                _write
 .text._swiclose
                0x00000000000029cc       0x18 /usr/local/mcuxpressoide-11.2.1_4149/ide/plugins/com.nxp.mcuxpresso.tools.linux_11.2.0.202001021529/tools/bin/../lib/gcc/arm-none-eabi/9.2.1/../../../../arm-none-eabi/lib/thumb/v6-m/nofp/libcr_newlib_semihost.a(syscalls.o)
                0x00000000000029cc                _swiclose
 .text._close   0x00000000000029e4       0x4c /usr/local/mcuxpressoide-11.2.1_4149/ide/plugins/com.nxp.mcuxpresso.tools.linux_11.2.0.202001021529/tools/bin/../lib/gcc/arm-none-eabi/9.2.1/../../../../arm-none-eabi/lib/thumb/v6-m/nofp/libcr_newlib_semihost.a(syscalls.o)
                0x00000000000029e4                _close
 .text._swistat
                0x0000000000002a30       0x44 /usr/local/mcuxpressoide-11.2.1_4149/ide/plugins/com.nxp.mcuxpresso.tools.linux_11.2.0.202001021529/tools/bin/../lib/gcc/arm-none-eabi/9.2.1/../../../../arm-none-eabi/lib/thumb/v6-m/nofp/libcr_newlib_semihost.a(syscalls.o)
                0x0000000000002a30                _swistat
 .text._fstat   0x0000000000002a74       0x1a /usr/local/mcuxpressoide-11.2.1_4149/ide/plugins/com.nxp.mcuxpresso.tools.linux_11.2.0.202001021529/tools/bin/../lib/gcc/arm-none-eabi/9.2.1/../../../../arm-none-eabi/lib/thumb/v6-m/nofp/libcr_newlib_semihost.a(syscalls.o)
                0x0000000000002a74                _fstat
 .text._isatty  0x0000000000002a8e       0x28 /usr/local/mcuxpressoide-11.2.1_4149/ide/plugins/com.nxp.mcuxpresso.tools.linux_11.2.0.202001021529/tools/bin/../lib/gcc/arm-none-eabi/9.2.1/../../../../arm-none-eabi/lib/thumb/v6-m/nofp/libcr_newlib_semihost.a(syscalls.o)
                0x0000000000002a8e                _isatty
 *fill*         0x0000000000002ab6        0x2 ff
 .text.__check_heap_overflow
                0x0000000000002ab8       0x14 /usr/local/mcuxpressoide-11.2.1_4149/ide/plugins/com.nxp.mcuxpresso.tools.linux_11.2.0.202001021529/tools/bin/../lib/gcc/arm-none-eabi/9.2.1/../../../../arm-none-eabi/lib/thumb/v6-m/nofp/libcr_newlib_semihost.a(_cr_check_heap.o)
                0x0000000000002ab8                __check_heap_overflow
 .text          0x0000000000002acc       0x14 /usr/local/mcuxpressoide-11.2.1_4149/ide/plugins/com.nxp.mcuxpresso.tools.linux_11.2.0.202001021529/tools/bin/../lib/gcc/arm-none-eabi/9.2.1/thumb/v6-m/nofp/libgcc.a(_thumb1_case_shi.o)
                0x0000000000002acc                __gnu_thumb1_case_shi
 .text.__errno  0x0000000000002ae0        0xc /usr/local/mcuxpressoide-11.2.1_4149/ide/plugins/com.nxp.mcuxpresso.tools.linux_11.2.0.202001021529/tools/bin/../lib/gcc/arm-none-eabi/9.2.1/../../../../arm-none-eabi/lib/thumb/v6-m/nofp/libc_nano.a(lib_a-errno.o)
                0x0000000000002ae0                __errno
 */tasks.o(.rodata*)
 .rodata.vTaskStartScheduler.str1.4
                0x0000000000002aec        0x5 ./freertos/src/tasks.o
 *fill*         0x0000000000002af1        0x3 ff
 .rodata.vTaskList.str1.4
                0x0000000000002af4        0x3 ./freertos/src/tasks.o
 *fill*         0x0000000000002af7        0x1 ff
 .rodata.prvListTaskWithinSingleList.str1.4
                0x0000000000002af8       0x12 ./freertos/src/tasks.o
 *fill*         0x0000000000002b0a        0x2 ff
 .rodata.ucExpectedStackBytes.7628
                0x0000000000002b0c       0x14 ./freertos/src/tasks.o
 *(.rodata .rodata.* .constdata .constdata.*)
 .rodata.vApplicationStackOverflowHook.str1.4
                0x0000000000002b20       0x30 ./freertos/src/FreeRTOSCommonHooks.o
 .rodata.inst1  0x0000000000002b50       0x2a ./example/src/freertos_blinky.o
                0x0000000000002b50                inst1
 *fill*         0x0000000000002b7a        0x2 ff
 .rodata.inst2  0x0000000000002b7c       0x2d ./example/src/freertos_blinky.o
                0x0000000000002b7c                inst2
 *fill*         0x0000000000002ba9        0x3 ff
 .rodata.main.str1.4
                0x0000000000002bac       0x15 ./example/src/freertos_blinky.o
 *fill*         0x0000000000002bc1        0x3 ff
 .rodata.OscRateIn
                0x0000000000002bc4        0x4 /home/ryu/Workspace/facultate/CAN/PROJECT/developing/nxp_lpcxpresso_11c24_board_lib/Debug/libnxp_lpcxpresso_11c24_board_lib.a(board.o)
                0x0000000000002bc4                OscRateIn
 .rodata.pinmuxing
                0x0000000000002bc8       0x28 /home/ryu/Workspace/facultate/CAN/PROJECT/developing/nxp_lpcxpresso_11c24_board_lib/Debug/libnxp_lpcxpresso_11c24_board_lib.a(board_sysinit.o)
 .rodata.wdtOSCRate
                0x0000000000002bf0       0x40 /home/ryu/Workspace/facultate/CAN/PROJECT/developing/lpc_chip_11cxx_lib/Debug/liblpc_chip_11cxx_lib.a(clock_11xx.o)
 .rodata.__sf_fake_stderr
                0x0000000000002c30       0x20 /usr/local/mcuxpressoide-11.2.1_4149/ide/plugins/com.nxp.mcuxpresso.tools.linux_11.2.0.202001021529/tools/bin/../lib/gcc/arm-none-eabi/9.2.1/../../../../arm-none-eabi/lib/thumb/v6-m/nofp/libc_nano.a(lib_a-findfp.o)
                0x0000000000002c30                __sf_fake_stderr
 .rodata.__sf_fake_stdin
                0x0000000000002c50       0x20 /usr/local/mcuxpressoide-11.2.1_4149/ide/plugins/com.nxp.mcuxpresso.tools.linux_11.2.0.202001021529/tools/bin/../lib/gcc/arm-none-eabi/9.2.1/../../../../arm-none-eabi/lib/thumb/v6-m/nofp/libc_nano.a(lib_a-findfp.o)
                0x0000000000002c50                __sf_fake_stdin
 .rodata.__sf_fake_stdout
                0x0000000000002c70       0x20 /usr/local/mcuxpressoide-11.2.1_4149/ide/plugins/com.nxp.mcuxpresso.tools.linux_11.2.0.202001021529/tools/bin/../lib/gcc/arm-none-eabi/9.2.1/../../../../arm-none-eabi/lib/thumb/v6-m/nofp/libc_nano.a(lib_a-findfp.o)
                0x0000000000002c70                __sf_fake_stdout
 .rodata._global_impure_ptr
                0x0000000000002c90        0x4 /usr/local/mcuxpressoide-11.2.1_4149/ide/plugins/com.nxp.mcuxpresso.tools.linux_11.2.0.202001021529/tools/bin/../lib/gcc/arm-none-eabi/9.2.1/../../../../arm-none-eabi/lib/thumb/v6-m/nofp/libc_nano.a(lib_a-impure.o)
                0x0000000000002c90                _global_impure_ptr
 .rodata._vfprintf_r.str1.1
                0x0000000000002c94       0x11 /usr/local/mcuxpressoide-11.2.1_4149/ide/plugins/com.nxp.mcuxpresso.tools.linux_11.2.0.202001021529/tools/bin/../lib/gcc/arm-none-eabi/9.2.1/../../../../arm-none-eabi/lib/thumb/v6-m/nofp/libc_nano.a(lib_a-nano-vfprintf.o)
 .rodata._printf_i.str1.1
                0x0000000000002ca5       0x22 /usr/local/mcuxpressoide-11.2.1_4149/ide/plugins/com.nxp.mcuxpresso.tools.linux_11.2.0.202001021529/tools/bin/../lib/gcc/arm-none-eabi/9.2.1/../../../../arm-none-eabi/lib/thumb/v6-m/nofp/libc_nano.a(lib_a-nano-vfprintf_i.o)
 .rodata.initialise_monitor_handles.str1.1
                0x0000000000002cc7        0x4 /usr/local/mcuxpressoide-11.2.1_4149/ide/plugins/com.nxp.mcuxpresso.tools.linux_11.2.0.202001021529/tools/bin/../lib/gcc/arm-none-eabi/9.2.1/../../../../arm-none-eabi/lib/thumb/v6-m/nofp/libcr_newlib_semihost.a(syscalls.o)
                0x0000000000002ccc                . = ALIGN (0x4)
 *fill*         0x0000000000002ccb        0x1 ff

.glue_7         0x0000000000002ccc        0x0
 .glue_7        0x0000000000002ccc        0x0 linker stubs

.glue_7t        0x0000000000002ccc        0x0
 .glue_7t       0x0000000000002ccc        0x0 linker stubs

.vfp11_veneer   0x0000000000002ccc        0x0
 .vfp11_veneer  0x0000000000002ccc        0x0 linker stubs

.v4_bx          0x0000000000002ccc        0x0
 .v4_bx         0x0000000000002ccc        0x0 linker stubs

.iplt           0x0000000000002ccc        0x0
 .iplt          0x0000000000002ccc        0x0 ./freertos/src/FreeRTOSCommonHooks.o

.rel.dyn        0x0000000000002ccc        0x0
 .rel.iplt      0x0000000000002ccc        0x0 ./freertos/src/FreeRTOSCommonHooks.o

.ARM.extab
 *(.ARM.extab* .gnu.linkonce.armextab.*)

.ARM.exidx      0x0000000000002ccc        0x0
                0x0000000000002ccc                __exidx_start = .
 *(.ARM.exidx* .gnu.linkonce.armexidx.*)
                0x0000000000002ccc                __exidx_end = .
                0x0000000000002ccc                _etext = .

.uninit_RESERVED
                0x0000000010000000        0x0
                0x0000000010000000                _start_uninit_RESERVED = .
 *(.bss.$RESERVED*)
                0x0000000010000000                . = ALIGN (0x4)
                0x0000000010000000                _end_uninit_RESERVED = .

.data           0x0000000010000000       0x68 load address 0x0000000000002ccc
 FILL mask 0xff
                0x0000000010000000                _data = .
                [!provide]                        PROVIDE (__start_data_RAM = .)
                [!provide]                        PROVIDE (__start_data_RamLoc8 = .)
 *(vtable)
 *(.ramfunc*)
 *(CodeQuickAccess)
 *(DataQuickAccess)
 *(RamFunction)
 *(.data*)
 .data.xNextTaskUnblockTime
                0x0000000010000000        0x4 ./freertos/src/tasks.o
 .data._impure_ptr
                0x0000000010000004        0x4 /usr/local/mcuxpressoide-11.2.1_4149/ide/plugins/com.nxp.mcuxpresso.tools.linux_11.2.0.202001021529/tools/bin/../lib/gcc/arm-none-eabi/9.2.1/../../../../arm-none-eabi/lib/thumb/v6-m/nofp/libc_nano.a(lib_a-impure.o)
                0x0000000010000004                _impure_ptr
 .data.impure_data
                0x0000000010000008       0x60 /usr/local/mcuxpressoide-11.2.1_4149/ide/plugins/com.nxp.mcuxpresso.tools.linux_11.2.0.202001021529/tools/bin/../lib/gcc/arm-none-eabi/9.2.1/../../../../arm-none-eabi/lib/thumb/v6-m/nofp/libc_nano.a(lib_a-impure.o)
                0x0000000010000068                . = ALIGN (0x4)
                0x0000000010000068                _edata = .
                [!provide]                        PROVIDE (__end_data_RAM = .)
                [!provide]                        PROVIDE (__end_data_RamLoc8 = .)

.igot.plt       0x0000000010000068        0x0 load address 0x0000000000002d34
 .igot.plt      0x0000000010000068        0x0 ./freertos/src/FreeRTOSCommonHooks.o

.bss            0x0000000010000068      0x1e4
                0x0000000010000068                _bss = .
                [!provide]                        PROVIDE (__start_bss_RAM = .)
                [!provide]                        PROVIDE (__start_bss_RamLoc8 = .)
 *(.bss*)
 .bss.pxCurrentTCB
                0x0000000010000068        0x4 ./freertos/src/tasks.o
                0x0000000010000068                pxCurrentTCB
 .bss.pxReadyTasksLists
                0x000000001000006c       0xa0 ./freertos/src/tasks.o
 .bss.pxDelayedTaskList
                0x000000001000010c        0x4 ./freertos/src/tasks.o
 .bss.pxOverflowDelayedTaskList
                0x0000000010000110        0x4 ./freertos/src/tasks.o
 .bss.xTickCount
                0x0000000010000114        0x4 ./freertos/src/tasks.o
 .bss.uxTopReadyPriority
                0x0000000010000118        0x4 ./freertos/src/tasks.o
 .bss.uxSchedulerSuspended
                0x000000001000011c        0x4 ./freertos/src/tasks.o
 .bss.uxMissedTicks
                0x0000000010000120        0x4 ./freertos/src/tasks.o
 .bss.xMissedYield
                0x0000000010000124        0x4 ./freertos/src/tasks.o
 .bss.xNumOfOverflows
                0x0000000010000128        0x4 ./freertos/src/tasks.o
 .bss.txring    0x000000001000012c       0x14 ./example/src/freertos_blinky.o
 .bss.rxring    0x0000000010000140       0x14 ./example/src/freertos_blinky.o
 .bss.rxbuff    0x0000000010000154       0x20 ./example/src/freertos_blinky.o
 .bss.txbuff    0x0000000010000174       0x80 ./example/src/freertos_blinky.o
 .bss.__malloc_free_list
                0x00000000100001f4        0x4 /usr/local/mcuxpressoide-11.2.1_4149/ide/plugins/com.nxp.mcuxpresso.tools.linux_11.2.0.202001021529/tools/bin/../lib/gcc/arm-none-eabi/9.2.1/../../../../arm-none-eabi/lib/thumb/v6-m/nofp/libc_nano.a(lib_a-nano-mallocr.o)
                0x00000000100001f4                __malloc_free_list
 .bss.__malloc_sbrk_start
                0x00000000100001f8        0x4 /usr/local/mcuxpressoide-11.2.1_4149/ide/plugins/com.nxp.mcuxpresso.tools.linux_11.2.0.202001021529/tools/bin/../lib/gcc/arm-none-eabi/9.2.1/../../../../arm-none-eabi/lib/thumb/v6-m/nofp/libc_nano.a(lib_a-nano-mallocr.o)
                0x00000000100001f8                __malloc_sbrk_start
 .bss.__end_of_heap
                0x00000000100001fc        0x4 /usr/local/mcuxpressoide-11.2.1_4149/ide/plugins/com.nxp.mcuxpresso.tools.linux_11.2.0.202001021529/tools/bin/../lib/gcc/arm-none-eabi/9.2.1/../../../../arm-none-eabi/lib/thumb/v6-m/nofp/libcr_newlib_semihost.a(_cr_sbrk.o)
                0x00000000100001fc                __end_of_heap
 .bss.initialized.5714
                0x0000000010000200        0x4 /usr/local/mcuxpressoide-11.2.1_4149/ide/plugins/com.nxp.mcuxpresso.tools.linux_11.2.0.202001021529/tools/bin/../lib/gcc/arm-none-eabi/9.2.1/../../../../arm-none-eabi/lib/thumb/v6-m/nofp/libcr_newlib_semihost.a(syscalls.o)
 .bss.monitor_stderr
                0x0000000010000204        0x4 /usr/local/mcuxpressoide-11.2.1_4149/ide/plugins/com.nxp.mcuxpresso.tools.linux_11.2.0.202001021529/tools/bin/../lib/gcc/arm-none-eabi/9.2.1/../../../../arm-none-eabi/lib/thumb/v6-m/nofp/libcr_newlib_semihost.a(syscalls.o)
 .bss.monitor_stdin
                0x0000000010000208        0x4 /usr/local/mcuxpressoide-11.2.1_4149/ide/plugins/com.nxp.mcuxpresso.tools.linux_11.2.0.202001021529/tools/bin/../lib/gcc/arm-none-eabi/9.2.1/../../../../arm-none-eabi/lib/thumb/v6-m/nofp/libcr_newlib_semihost.a(syscalls.o)
 .bss.monitor_stdout
                0x000000001000020c        0x4 /usr/local/mcuxpressoide-11.2.1_4149/ide/plugins/com.nxp.mcuxpresso.tools.linux_11.2.0.202001021529/tools/bin/../lib/gcc/arm-none-eabi/9.2.1/../../../../arm-none-eabi/lib/thumb/v6-m/nofp/libcr_newlib_semihost.a(syscalls.o)
 .bss.openfiles
                0x0000000010000210       0x28 /usr/local/mcuxpressoide-11.2.1_4149/ide/plugins/com.nxp.mcuxpresso.tools.linux_11.2.0.202001021529/tools/bin/../lib/gcc/arm-none-eabi/9.2.1/../../../../arm-none-eabi/lib/thumb/v6-m/nofp/libcr_newlib_semihost.a(syscalls.o)
 *(COMMON)
 COMMON         0x0000000010000238        0x4 /home/ryu/Workspace/facultate/CAN/PROJECT/developing/lpc_chip_11cxx_lib/Debug/liblpc_chip_11cxx_lib.a(chip_11xx.o)
                0x0000000010000238                SystemCoreClock
 COMMON         0x000000001000023c        0x9 /usr/local/mcuxpressoide-11.2.1_4149/ide/plugins/com.nxp.mcuxpresso.tools.linux_11.2.0.202001021529/tools/bin/../lib/gcc/arm-none-eabi/9.2.1/../../../../arm-none-eabi/lib/thumb/v6-m/nofp/libc_nano.a(lib_a-lock.o)
                0x000000001000023c                __lock___atexit_recursive_mutex
                0x000000001000023d                __lock___arc4random_mutex
                0x000000001000023e                __lock___env_recursive_mutex
                0x000000001000023f                __lock___sinit_recursive_mutex
                0x0000000010000240                __lock___malloc_recursive_mutex
                0x0000000010000241                __lock___at_quick_exit_mutex
                0x0000000010000242                __lock___dd_hash_mutex
                0x0000000010000243                __lock___tz_mutex
                0x0000000010000244                __lock___sfp_recursive_mutex
 *fill*         0x0000000010000245        0x3 
 COMMON         0x0000000010000248        0x4 /usr/local/mcuxpressoide-11.2.1_4149/ide/plugins/com.nxp.mcuxpresso.tools.linux_11.2.0.202001021529/tools/bin/../lib/gcc/arm-none-eabi/9.2.1/../../../../arm-none-eabi/lib/thumb/v6-m/nofp/libc_nano.a(lib_a-reent.o)
                0x0000000010000248                errno
                0x000000001000024c                . = ALIGN (0x4)
                0x000000001000024c                _ebss = .
                [!provide]                        PROVIDE (__end_bss_RAM = .)
                [!provide]                        PROVIDE (__end_bss_RamLoc8 = .)
                [!provide]                        PROVIDE (end = .)

.noinit         0x000000001000024c        0x0
                0x000000001000024c                _noinit = .
                [!provide]                        PROVIDE (__start_noinit_RAM = .)
                [!provide]                        PROVIDE (__start_noinit_RamLoc8 = .)
 *(.noinit*)
                0x000000001000024c                . = ALIGN (0x4)
                0x000000001000024c                _end_noinit = .
                [!provide]                        PROVIDE (__end_noinit_RAM = .)
                [!provide]                        PROVIDE (__end_noinit_RamLoc8 = .)
                0x000000001000024c                PROVIDE (_pvHeapStart = DEFINED (__user_heap_base)?__user_heap_base:.)
                0x0000000010002000                PROVIDE (_vStackTop = DEFINED (__user_stack_top)?__user_stack_top:(__top_RamLoc8 - 0x0))
                [!provide]                        PROVIDE (__valid_user_code_checksum = (0x0 - (((_vStackTop + (ResetISR + 0x1)) + (DEFINED (NMI_Handler)?NMI_Handler:M0_NMI_Handler + 0x1)) + (DEFINED (HardFault_Handler)?HardFault_Handler:M0_HardFault_Handler + 0x1))))
                0x0000000000000000                _image_start = LOADADDR (.text)
                0x0000000000002d34                _image_end = (LOADADDR (.data) + SIZEOF (.data))
                0x0000000000002d34                _image_size = (_image_end - _image_start)
OUTPUT(nxp_lpcxpresso_11c24_freertos_blinky.axf elf32-littlearm)

.debug_info     0x0000000000000000     0xca9a
 .debug_info    0x0000000000000000      0xa3e ./freertos/src/FreeRTOSCommonHooks.o
 .debug_info    0x0000000000000a3e      0xb9b ./freertos/src/list.o
 .debug_info    0x00000000000015d9      0xab6 ./freertos/src/port.o
 .debug_info    0x000000000000208f     0x18c2 ./freertos/src/tasks.o
 .debug_info    0x0000000000003951      0x2aa ./example/src/cr_startup_lpc11xx.o
 .debug_info    0x0000000000003bfb     0x1271 ./example/src/freertos_blinky.o
 .debug_info    0x0000000000004e6c      0x974 ./example/src/sysinit.o
 .debug_info    0x00000000000057e0     0x16e2 ./example/CAN/can.o
 .debug_info    0x0000000000006ec2     0x10f4 /home/ryu/Workspace/facultate/CAN/PROJECT/developing/nxp_lpcxpresso_11c24_board_lib/Debug/libnxp_lpcxpresso_11c24_board_lib.a(board.o)
 .debug_info    0x0000000000007fb6     0x1357 /home/ryu/Workspace/facultate/CAN/PROJECT/developing/nxp_lpcxpresso_11c24_board_lib/Debug/libnxp_lpcxpresso_11c24_board_lib.a(board_sysinit.o)
 .debug_info    0x000000000000930d       0xe0 /home/ryu/Workspace/facultate/CAN/PROJECT/developing/lpc_chip_11cxx_lib/Debug/liblpc_chip_11cxx_lib.a(chip_11xx.o)
 .debug_info    0x00000000000093ed      0x914 /home/ryu/Workspace/facultate/CAN/PROJECT/developing/lpc_chip_11cxx_lib/Debug/liblpc_chip_11cxx_lib.a(clock_11xx.o)
 .debug_info    0x0000000000009d01      0xc11 /home/ryu/Workspace/facultate/CAN/PROJECT/developing/lpc_chip_11cxx_lib/Debug/liblpc_chip_11cxx_lib.a(gpio_11xx_2.o)
 .debug_info    0x000000000000a912      0xc28 /home/ryu/Workspace/facultate/CAN/PROJECT/developing/lpc_chip_11cxx_lib/Debug/liblpc_chip_11cxx_lib.a(ring_buffer.o)
 .debug_info    0x000000000000b53a      0x5eb /home/ryu/Workspace/facultate/CAN/PROJECT/developing/lpc_chip_11cxx_lib/Debug/liblpc_chip_11cxx_lib.a(sysctl_11xx.o)
 .debug_info    0x000000000000bb25      0xf75 /home/ryu/Workspace/facultate/CAN/PROJECT/developing/lpc_chip_11cxx_lib/Debug/liblpc_chip_11cxx_lib.a(uart_11xx.o)

.debug_abbrev   0x0000000000000000     0x2288
 .debug_abbrev  0x0000000000000000      0x23b ./freertos/src/FreeRTOSCommonHooks.o
 .debug_abbrev  0x000000000000023b      0x1f7 ./freertos/src/list.o
 .debug_abbrev  0x0000000000000432      0x24b ./freertos/src/port.o
 .debug_abbrev  0x000000000000067d      0x331 ./freertos/src/tasks.o
 .debug_abbrev  0x00000000000009ae      0x117 ./example/src/cr_startup_lpc11xx.o
 .debug_abbrev  0x0000000000000ac5      0x32d ./example/src/freertos_blinky.o
 .debug_abbrev  0x0000000000000df2      0x194 ./example/src/sysinit.o
 .debug_abbrev  0x0000000000000f86      0x2e7 ./example/CAN/can.o
 .debug_abbrev  0x000000000000126d      0x300 /home/ryu/Workspace/facultate/CAN/PROJECT/developing/nxp_lpcxpresso_11c24_board_lib/Debug/libnxp_lpcxpresso_11c24_board_lib.a(board.o)
 .debug_abbrev  0x000000000000156d      0x2e7 /home/ryu/Workspace/facultate/CAN/PROJECT/developing/nxp_lpcxpresso_11c24_board_lib/Debug/libnxp_lpcxpresso_11c24_board_lib.a(board_sysinit.o)
 .debug_abbrev  0x0000000000001854       0x92 /home/ryu/Workspace/facultate/CAN/PROJECT/developing/lpc_chip_11cxx_lib/Debug/liblpc_chip_11cxx_lib.a(chip_11xx.o)
 .debug_abbrev  0x00000000000018e6      0x1fd /home/ryu/Workspace/facultate/CAN/PROJECT/developing/lpc_chip_11cxx_lib/Debug/liblpc_chip_11cxx_lib.a(clock_11xx.o)
 .debug_abbrev  0x0000000000001ae3      0x1fe /home/ryu/Workspace/facultate/CAN/PROJECT/developing/lpc_chip_11cxx_lib/Debug/liblpc_chip_11cxx_lib.a(gpio_11xx_2.o)
 .debug_abbrev  0x0000000000001ce1      0x23e /home/ryu/Workspace/facultate/CAN/PROJECT/developing/lpc_chip_11cxx_lib/Debug/liblpc_chip_11cxx_lib.a(ring_buffer.o)
 .debug_abbrev  0x0000000000001f1f      0x10b /home/ryu/Workspace/facultate/CAN/PROJECT/developing/lpc_chip_11cxx_lib/Debug/liblpc_chip_11cxx_lib.a(sysctl_11xx.o)
 .debug_abbrev  0x000000000000202a      0x25e /home/ryu/Workspace/facultate/CAN/PROJECT/developing/lpc_chip_11cxx_lib/Debug/liblpc_chip_11cxx_lib.a(uart_11xx.o)

.debug_aranges  0x0000000000000000      0x768
 .debug_aranges
                0x0000000000000000       0x40 ./freertos/src/FreeRTOSCommonHooks.o
 .debug_aranges
                0x0000000000000040       0x40 ./freertos/src/list.o
 .debug_aranges
                0x0000000000000080       0x70 ./freertos/src/port.o
 .debug_aranges
                0x00000000000000f0      0x150 ./freertos/src/tasks.o
 .debug_aranges
                0x0000000000000240       0x60 ./example/src/cr_startup_lpc11xx.o
 .debug_aranges
                0x00000000000002a0       0x70 ./example/src/freertos_blinky.o
 .debug_aranges
                0x0000000000000310       0x20 ./example/src/sysinit.o
 .debug_aranges
                0x0000000000000330       0x58 ./example/CAN/can.o
 .debug_aranges
                0x0000000000000388       0xa0 /home/ryu/Workspace/facultate/CAN/PROJECT/developing/nxp_lpcxpresso_11c24_board_lib/Debug/libnxp_lpcxpresso_11c24_board_lib.a(board.o)
 .debug_aranges
                0x0000000000000428       0x60 /home/ryu/Workspace/facultate/CAN/PROJECT/developing/nxp_lpcxpresso_11c24_board_lib/Debug/libnxp_lpcxpresso_11c24_board_lib.a(board_sysinit.o)
 .debug_aranges
                0x0000000000000488       0x20 /home/ryu/Workspace/facultate/CAN/PROJECT/developing/lpc_chip_11cxx_lib/Debug/liblpc_chip_11cxx_lib.a(chip_11xx.o)
 .debug_aranges
                0x00000000000004a8       0x88 /home/ryu/Workspace/facultate/CAN/PROJECT/developing/lpc_chip_11cxx_lib/Debug/liblpc_chip_11cxx_lib.a(clock_11xx.o)
 .debug_aranges
                0x0000000000000530       0xb0 /home/ryu/Workspace/facultate/CAN/PROJECT/developing/lpc_chip_11cxx_lib/Debug/liblpc_chip_11cxx_lib.a(gpio_11xx_2.o)
 .debug_aranges
                0x00000000000005e0       0x60 /home/ryu/Workspace/facultate/CAN/PROJECT/developing/lpc_chip_11cxx_lib/Debug/liblpc_chip_11cxx_lib.a(ring_buffer.o)
 .debug_aranges
                0x0000000000000640       0x38 /home/ryu/Workspace/facultate/CAN/PROJECT/developing/lpc_chip_11cxx_lib/Debug/liblpc_chip_11cxx_lib.a(sysctl_11xx.o)
 .debug_aranges
                0x0000000000000678       0xf0 /home/ryu/Workspace/facultate/CAN/PROJECT/developing/lpc_chip_11cxx_lib/Debug/liblpc_chip_11cxx_lib.a(uart_11xx.o)

.debug_ranges   0x0000000000000000      0x668
 .debug_ranges  0x0000000000000000       0x30 ./freertos/src/FreeRTOSCommonHooks.o
 .debug_ranges  0x0000000000000030       0x30 ./freertos/src/list.o
 .debug_ranges  0x0000000000000060       0x60 ./freertos/src/port.o
 .debug_ranges  0x00000000000000c0      0x140 ./freertos/src/tasks.o
 .debug_ranges  0x0000000000000200       0x50 ./example/src/cr_startup_lpc11xx.o
 .debug_ranges  0x0000000000000250       0x60 ./example/src/freertos_blinky.o
 .debug_ranges  0x00000000000002b0       0x10 ./example/src/sysinit.o
 .debug_ranges  0x00000000000002c0       0x48 ./example/CAN/can.o
 .debug_ranges  0x0000000000000308       0x90 /home/ryu/Workspace/facultate/CAN/PROJECT/developing/nxp_lpcxpresso_11c24_board_lib/Debug/libnxp_lpcxpresso_11c24_board_lib.a(board.o)
 .debug_ranges  0x0000000000000398       0x50 /home/ryu/Workspace/facultate/CAN/PROJECT/developing/nxp_lpcxpresso_11c24_board_lib/Debug/libnxp_lpcxpresso_11c24_board_lib.a(board_sysinit.o)
 .debug_ranges  0x00000000000003e8       0x10 /home/ryu/Workspace/facultate/CAN/PROJECT/developing/lpc_chip_11cxx_lib/Debug/liblpc_chip_11cxx_lib.a(chip_11xx.o)
 .debug_ranges  0x00000000000003f8       0x78 /home/ryu/Workspace/facultate/CAN/PROJECT/developing/lpc_chip_11cxx_lib/Debug/liblpc_chip_11cxx_lib.a(clock_11xx.o)
 .debug_ranges  0x0000000000000470       0xa0 /home/ryu/Workspace/facultate/CAN/PROJECT/developing/lpc_chip_11cxx_lib/Debug/liblpc_chip_11cxx_lib.a(gpio_11xx_2.o)
 .debug_ranges  0x0000000000000510       0x50 /home/ryu/Workspace/facultate/CAN/PROJECT/developing/lpc_chip_11cxx_lib/Debug/liblpc_chip_11cxx_lib.a(ring_buffer.o)
 .debug_ranges  0x0000000000000560       0x28 /home/ryu/Workspace/facultate/CAN/PROJECT/developing/lpc_chip_11cxx_lib/Debug/liblpc_chip_11cxx_lib.a(sysctl_11xx.o)
 .debug_ranges  0x0000000000000588       0xe0 /home/ryu/Workspace/facultate/CAN/PROJECT/developing/lpc_chip_11cxx_lib/Debug/liblpc_chip_11cxx_lib.a(uart_11xx.o)

.debug_macro    0x0000000000000000     0x6cf0
 .debug_macro   0x0000000000000000      0x362 ./freertos/src/FreeRTOSCommonHooks.o
 .debug_macro   0x0000000000000362      0xa96 ./freertos/src/FreeRTOSCommonHooks.o
 .debug_macro   0x0000000000000df8      0x174 ./freertos/src/FreeRTOSCommonHooks.o
 .debug_macro   0x0000000000000f6c       0x46 ./freertos/src/FreeRTOSCommonHooks.o
 .debug_macro   0x0000000000000fb2       0x22 ./freertos/src/FreeRTOSCommonHooks.o
 .debug_macro   0x0000000000000fd4       0x8e ./freertos/src/FreeRTOSCommonHooks.o
 .debug_macro   0x0000000000001062       0x51 ./freertos/src/FreeRTOSCommonHooks.o
 .debug_macro   0x00000000000010b3       0xef ./freertos/src/FreeRTOSCommonHooks.o
 .debug_macro   0x00000000000011a2       0x6a ./freertos/src/FreeRTOSCommonHooks.o
 .debug_macro   0x000000000000120c      0x1df ./freertos/src/FreeRTOSCommonHooks.o
 .debug_macro   0x00000000000013eb       0x22 ./freertos/src/FreeRTOSCommonHooks.o
 .debug_macro   0x000000000000140d       0x74 ./freertos/src/FreeRTOSCommonHooks.o
 .debug_macro   0x0000000000001481       0x10 ./freertos/src/FreeRTOSCommonHooks.o
 .debug_macro   0x0000000000001491       0x1f ./freertos/src/FreeRTOSCommonHooks.o
 .debug_macro   0x00000000000014b0       0x3a ./freertos/src/FreeRTOSCommonHooks.o
 .debug_macro   0x00000000000014ea      0x241 ./freertos/src/FreeRTOSCommonHooks.o
 .debug_macro   0x000000000000172b      0x117 ./freertos/src/FreeRTOSCommonHooks.o
 .debug_macro   0x0000000000001842       0x22 ./freertos/src/FreeRTOSCommonHooks.o
 .debug_macro   0x0000000000001864       0xb2 ./freertos/src/FreeRTOSCommonHooks.o
 .debug_macro   0x0000000000001916       0x10 ./freertos/src/FreeRTOSCommonHooks.o
 .debug_macro   0x0000000000001926      0x137 ./freertos/src/FreeRTOSCommonHooks.o
 .debug_macro   0x0000000000001a5d       0x4c ./freertos/src/FreeRTOSCommonHooks.o
 .debug_macro   0x0000000000001aa9       0x16 ./freertos/src/FreeRTOSCommonHooks.o
 .debug_macro   0x0000000000001abf      0x31a ./freertos/src/FreeRTOSCommonHooks.o
 .debug_macro   0x0000000000001dd9       0x2e ./freertos/src/FreeRTOSCommonHooks.o
 .debug_macro   0x0000000000001e07       0xb8 ./freertos/src/FreeRTOSCommonHooks.o
 .debug_macro   0x0000000000001ebf       0x11 ./freertos/src/FreeRTOSCommonHooks.o
 .debug_macro   0x0000000000001ed0       0x7c ./freertos/src/FreeRTOSCommonHooks.o
 .debug_macro   0x0000000000001f4c      0x21c ./freertos/src/FreeRTOSCommonHooks.o
 .debug_macro   0x0000000000002168      0x113 ./freertos/src/FreeRTOSCommonHooks.o
 .debug_macro   0x000000000000227b       0x1c ./freertos/src/FreeRTOSCommonHooks.o
 .debug_macro   0x0000000000002297       0x4c ./freertos/src/FreeRTOSCommonHooks.o
 .debug_macro   0x00000000000022e3       0x18 ./freertos/src/FreeRTOSCommonHooks.o
 .debug_macro   0x00000000000022fb       0x3c ./freertos/src/FreeRTOSCommonHooks.o
 .debug_macro   0x0000000000002337       0x34 ./freertos/src/FreeRTOSCommonHooks.o
 .debug_macro   0x000000000000236b       0x16 ./freertos/src/FreeRTOSCommonHooks.o
 .debug_macro   0x0000000000002381       0x35 ./freertos/src/FreeRTOSCommonHooks.o
 .debug_macro   0x00000000000023b6      0x339 ./freertos/src/FreeRTOSCommonHooks.o
 .debug_macro   0x00000000000026ef       0x10 ./freertos/src/FreeRTOSCommonHooks.o
 .debug_macro   0x00000000000026ff       0x58 ./freertos/src/FreeRTOSCommonHooks.o
 .debug_macro   0x0000000000002757       0x1f ./freertos/src/FreeRTOSCommonHooks.o
 .debug_macro   0x0000000000002776       0x43 ./freertos/src/FreeRTOSCommonHooks.o
 .debug_macro   0x00000000000027b9       0x20 ./freertos/src/FreeRTOSCommonHooks.o
 .debug_macro   0x00000000000027d9      0x1a3 ./freertos/src/FreeRTOSCommonHooks.o
 .debug_macro   0x000000000000297c       0x10 ./freertos/src/FreeRTOSCommonHooks.o
 .debug_macro   0x000000000000298c       0x1c ./freertos/src/FreeRTOSCommonHooks.o
 .debug_macro   0x00000000000029a8       0x52 ./freertos/src/FreeRTOSCommonHooks.o
 .debug_macro   0x00000000000029fa       0x40 ./freertos/src/FreeRTOSCommonHooks.o
 .debug_macro   0x0000000000002a3a       0x10 ./freertos/src/FreeRTOSCommonHooks.o
 .debug_macro   0x0000000000002a4a       0x40 ./freertos/src/FreeRTOSCommonHooks.o
 .debug_macro   0x0000000000002a8a       0xd7 ./freertos/src/FreeRTOSCommonHooks.o
 .debug_macro   0x0000000000002b61       0x1c ./freertos/src/FreeRTOSCommonHooks.o
 .debug_macro   0x0000000000002b7d       0x3d ./freertos/src/FreeRTOSCommonHooks.o
 .debug_macro   0x0000000000002bba       0x16 ./freertos/src/FreeRTOSCommonHooks.o
 .debug_macro   0x0000000000002bd0      0x145 ./freertos/src/FreeRTOSCommonHooks.o
 .debug_macro   0x0000000000002d15       0x20 ./freertos/src/FreeRTOSCommonHooks.o
 .debug_macro   0x0000000000002d35      0x115 ./freertos/src/FreeRTOSCommonHooks.o
 .debug_macro   0x0000000000002e4a       0xb1 ./freertos/src/FreeRTOSCommonHooks.o
 .debug_macro   0x0000000000002efb       0x12 ./freertos/src/FreeRTOSCommonHooks.o
 .debug_macro   0x0000000000002f0d       0x1f ./freertos/src/FreeRTOSCommonHooks.o
 .debug_macro   0x0000000000002f2c      0x1f5 ./freertos/src/FreeRTOSCommonHooks.o
 .debug_macro   0x0000000000003121       0x5e ./freertos/src/FreeRTOSCommonHooks.o
 .debug_macro   0x000000000000317f       0x57 ./freertos/src/FreeRTOSCommonHooks.o
 .debug_macro   0x00000000000031d6      0x371 ./freertos/src/list.o
 .debug_macro   0x0000000000003547      0x3a0 ./freertos/src/port.o
 .debug_macro   0x00000000000038e7      0x433 ./freertos/src/tasks.o
 .debug_macro   0x0000000000003d1a       0x97 ./freertos/src/tasks.o
 .debug_macro   0x0000000000003db1       0xfd ./freertos/src/tasks.o
 .debug_macro   0x0000000000003eae       0x5b ./freertos/src/tasks.o
 .debug_macro   0x0000000000003f09       0x17 ./freertos/src/tasks.o
 .debug_macro   0x0000000000003f20       0x26 ./example/src/cr_startup_lpc11xx.o
 .debug_macro   0x0000000000003f46      0xa9c ./example/src/cr_startup_lpc11xx.o
 .debug_macro   0x00000000000049e2      0x31d ./example/src/freertos_blinky.o
 .debug_macro   0x0000000000004cff       0x7b ./example/src/freertos_blinky.o
 .debug_macro   0x0000000000004d7a       0x22 ./example/src/freertos_blinky.o
 .debug_macro   0x0000000000004d9c      0x2ec ./example/src/sysinit.o
 .debug_macro   0x0000000000005088      0x2f6 ./example/CAN/can.o
 .debug_macro   0x000000000000537e      0x2f9 /home/ryu/Workspace/facultate/CAN/PROJECT/developing/nxp_lpcxpresso_11c24_board_lib/Debug/libnxp_lpcxpresso_11c24_board_lib.a(board.o)
 .debug_macro   0x0000000000005677      0xa8a /home/ryu/Workspace/facultate/CAN/PROJECT/developing/nxp_lpcxpresso_11c24_board_lib/Debug/libnxp_lpcxpresso_11c24_board_lib.a(board.o)
 .debug_macro   0x0000000000006101       0x12 /home/ryu/Workspace/facultate/CAN/PROJECT/developing/nxp_lpcxpresso_11c24_board_lib/Debug/libnxp_lpcxpresso_11c24_board_lib.a(board.o)
 .debug_macro   0x0000000000006113      0x317 /home/ryu/Workspace/facultate/CAN/PROJECT/developing/nxp_lpcxpresso_11c24_board_lib/Debug/libnxp_lpcxpresso_11c24_board_lib.a(board_sysinit.o)
 .debug_macro   0x000000000000642a      0x16f /home/ryu/Workspace/facultate/CAN/PROJECT/developing/lpc_chip_11cxx_lib/Debug/liblpc_chip_11cxx_lib.a(chip_11xx.o)
 .debug_macro   0x0000000000006599      0x16f /home/ryu/Workspace/facultate/CAN/PROJECT/developing/lpc_chip_11cxx_lib/Debug/liblpc_chip_11cxx_lib.a(clock_11xx.o)
 .debug_macro   0x0000000000006708      0x16f /home/ryu/Workspace/facultate/CAN/PROJECT/developing/lpc_chip_11cxx_lib/Debug/liblpc_chip_11cxx_lib.a(gpio_11xx_2.o)
 .debug_macro   0x0000000000006877      0x151 /home/ryu/Workspace/facultate/CAN/PROJECT/developing/lpc_chip_11cxx_lib/Debug/liblpc_chip_11cxx_lib.a(ring_buffer.o)
 .debug_macro   0x00000000000069c8       0x10 /home/ryu/Workspace/facultate/CAN/PROJECT/developing/lpc_chip_11cxx_lib/Debug/liblpc_chip_11cxx_lib.a(ring_buffer.o)
 .debug_macro   0x00000000000069d8       0x10 /home/ryu/Workspace/facultate/CAN/PROJECT/developing/lpc_chip_11cxx_lib/Debug/liblpc_chip_11cxx_lib.a(ring_buffer.o)
 .debug_macro   0x00000000000069e8      0x199 /home/ryu/Workspace/facultate/CAN/PROJECT/developing/lpc_chip_11cxx_lib/Debug/liblpc_chip_11cxx_lib.a(sysctl_11xx.o)
 .debug_macro   0x0000000000006b81      0x16f /home/ryu/Workspace/facultate/CAN/PROJECT/developing/lpc_chip_11cxx_lib/Debug/liblpc_chip_11cxx_lib.a(uart_11xx.o)

.debug_line     0x0000000000000000     0x7ff9
 .debug_line    0x0000000000000000      0x891 ./freertos/src/FreeRTOSCommonHooks.o
 .debug_line    0x0000000000000891      0x917 ./freertos/src/list.o
 .debug_line    0x00000000000011a8      0x947 ./freertos/src/port.o
 .debug_line    0x0000000000001aef     0x13e3 ./freertos/src/tasks.o
 .debug_line    0x0000000000002ed2      0x215 ./example/src/cr_startup_lpc11xx.o
 .debug_line    0x00000000000030e7      0x8a1 ./example/src/freertos_blinky.o
 .debug_line    0x0000000000003988      0x6b9 ./example/src/sysinit.o
 .debug_line    0x0000000000004041      0x82a ./example/CAN/can.o
 .debug_line    0x000000000000486b      0x8a7 /home/ryu/Workspace/facultate/CAN/PROJECT/developing/nxp_lpcxpresso_11c24_board_lib/Debug/libnxp_lpcxpresso_11c24_board_lib.a(board.o)
 .debug_line    0x0000000000005112      0x852 /home/ryu/Workspace/facultate/CAN/PROJECT/developing/nxp_lpcxpresso_11c24_board_lib/Debug/libnxp_lpcxpresso_11c24_board_lib.a(board_sysinit.o)
 .debug_line    0x0000000000005964      0x492 /home/ryu/Workspace/facultate/CAN/PROJECT/developing/lpc_chip_11cxx_lib/Debug/liblpc_chip_11cxx_lib.a(chip_11xx.o)
 .debug_line    0x0000000000005df6      0x6ac /home/ryu/Workspace/facultate/CAN/PROJECT/developing/lpc_chip_11cxx_lib/Debug/liblpc_chip_11cxx_lib.a(clock_11xx.o)
 .debug_line    0x00000000000064a2      0x6fb /home/ryu/Workspace/facultate/CAN/PROJECT/developing/lpc_chip_11cxx_lib/Debug/liblpc_chip_11cxx_lib.a(gpio_11xx_2.o)
 .debug_line    0x0000000000006b9d      0x69b /home/ryu/Workspace/facultate/CAN/PROJECT/developing/lpc_chip_11cxx_lib/Debug/liblpc_chip_11cxx_lib.a(ring_buffer.o)
 .debug_line    0x0000000000007238      0x513 /home/ryu/Workspace/facultate/CAN/PROJECT/developing/lpc_chip_11cxx_lib/Debug/liblpc_chip_11cxx_lib.a(sysctl_11xx.o)
 .debug_line    0x000000000000774b      0x8ae /home/ryu/Workspace/facultate/CAN/PROJECT/developing/lpc_chip_11cxx_lib/Debug/liblpc_chip_11cxx_lib.a(uart_11xx.o)

.debug_str      0x0000000000000000    0x11ffc
 .debug_str     0x0000000000000000     0xe22c ./freertos/src/FreeRTOSCommonHooks.o
                                       0xe506 (size before relaxing)
 .debug_str     0x000000000000e22c      0x21a ./freertos/src/list.o
                                       0xe323 (size before relaxing)
 .debug_str     0x000000000000e446      0x32d ./freertos/src/port.o
                                       0xe77c (size before relaxing)
 .debug_str     0x000000000000e773     0x17ab ./freertos/src/tasks.o
                                       0xfdcd (size before relaxing)
 .debug_str     0x000000000000ff1e      0x27a ./example/src/cr_startup_lpc11xx.o
                                       0x2f54 (size before relaxing)
 .debug_str     0x0000000000010198      0x6a0 ./example/src/freertos_blinky.o
                                       0xcc35 (size before relaxing)
 .debug_str     0x0000000000010838       0x19 ./example/src/sysinit.o
                                       0xc56b (size before relaxing)
 .debug_str     0x0000000000010851      0x776 ./example/CAN/can.o
                                       0xcf61 (size before relaxing)
 .debug_str     0x0000000000010fc7      0x1a4 /home/ryu/Workspace/facultate/CAN/PROJECT/developing/nxp_lpcxpresso_11c24_board_lib/Debug/libnxp_lpcxpresso_11c24_board_lib.a(board.o)
                                       0xc9b5 (size before relaxing)
 .debug_str     0x000000000001116b      0x283 /home/ryu/Workspace/facultate/CAN/PROJECT/developing/nxp_lpcxpresso_11c24_board_lib/Debug/libnxp_lpcxpresso_11c24_board_lib.a(board_sysinit.o)
                                       0xcea5 (size before relaxing)
 .debug_str     0x00000000000113ee       0x77 /home/ryu/Workspace/facultate/CAN/PROJECT/developing/lpc_chip_11cxx_lib/Debug/liblpc_chip_11cxx_lib.a(chip_11xx.o)
                                       0x7ec7 (size before relaxing)
 .debug_str     0x0000000000011465      0x447 /home/ryu/Workspace/facultate/CAN/PROJECT/developing/lpc_chip_11cxx_lib/Debug/liblpc_chip_11cxx_lib.a(clock_11xx.o)
                                       0x869b (size before relaxing)
 .debug_str     0x00000000000118ac      0x242 /home/ryu/Workspace/facultate/CAN/PROJECT/developing/lpc_chip_11cxx_lib/Debug/liblpc_chip_11cxx_lib.a(gpio_11xx_2.o)
                                       0x8583 (size before relaxing)
 .debug_str     0x0000000000011aee      0x138 /home/ryu/Workspace/facultate/CAN/PROJECT/developing/lpc_chip_11cxx_lib/Debug/liblpc_chip_11cxx_lib.a(ring_buffer.o)
                                       0x744c (size before relaxing)
 .debug_str     0x0000000000011c26      0x19f /home/ryu/Workspace/facultate/CAN/PROJECT/developing/lpc_chip_11cxx_lib/Debug/liblpc_chip_11cxx_lib.a(sysctl_11xx.o)
                                       0x82e5 (size before relaxing)
 .debug_str     0x0000000000011dc5      0x237 /home/ryu/Workspace/facultate/CAN/PROJECT/developing/lpc_chip_11cxx_lib/Debug/liblpc_chip_11cxx_lib.a(uart_11xx.o)
                                       0x8659 (size before relaxing)

.comment        0x0000000000000000       0x79
 .comment       0x0000000000000000       0x79 ./freertos/src/FreeRTOSCommonHooks.o
                                         0x7a (size before relaxing)
 .comment       0x0000000000000079       0x7a ./freertos/src/list.o
 .comment       0x0000000000000079       0x7a ./freertos/src/port.o
 .comment       0x0000000000000079       0x7a ./freertos/src/tasks.o
 .comment       0x0000000000000079       0x7a ./example/src/cr_startup_lpc11xx.o
 .comment       0x0000000000000079       0x7a ./example/src/freertos_blinky.o
 .comment       0x0000000000000079       0x7a ./example/src/sysinit.o
 .comment       0x0000000000000079       0x7a ./example/CAN/can.o
 .comment       0x0000000000000079       0x7a /home/ryu/Workspace/facultate/CAN/PROJECT/developing/nxp_lpcxpresso_11c24_board_lib/Debug/libnxp_lpcxpresso_11c24_board_lib.a(board.o)
 .comment       0x0000000000000079       0x7a /home/ryu/Workspace/facultate/CAN/PROJECT/developing/nxp_lpcxpresso_11c24_board_lib/Debug/libnxp_lpcxpresso_11c24_board_lib.a(board_sysinit.o)
 .comment       0x0000000000000079       0x7a /home/ryu/Workspace/facultate/CAN/PROJECT/developing/lpc_chip_11cxx_lib/Debug/liblpc_chip_11cxx_lib.a(chip_11xx.o)
 .comment       0x0000000000000079       0x7a /home/ryu/Workspace/facultate/CAN/PROJECT/developing/lpc_chip_11cxx_lib/Debug/liblpc_chip_11cxx_lib.a(clock_11xx.o)
 .comment       0x0000000000000079       0x7a /home/ryu/Workspace/facultate/CAN/PROJECT/developing/lpc_chip_11cxx_lib/Debug/liblpc_chip_11cxx_lib.a(gpio_11xx_2.o)
 .comment       0x0000000000000079       0x7a /home/ryu/Workspace/facultate/CAN/PROJECT/developing/lpc_chip_11cxx_lib/Debug/liblpc_chip_11cxx_lib.a(ring_buffer.o)
 .comment       0x0000000000000079       0x7a /home/ryu/Workspace/facultate/CAN/PROJECT/developing/lpc_chip_11cxx_lib/Debug/liblpc_chip_11cxx_lib.a(sysctl_11xx.o)
 .comment       0x0000000000000079       0x7a /home/ryu/Workspace/facultate/CAN/PROJECT/developing/lpc_chip_11cxx_lib/Debug/liblpc_chip_11cxx_lib.a(uart_11xx.o)
 .comment       0x0000000000000079       0x7a /usr/local/mcuxpressoide-11.2.1_4149/ide/plugins/com.nxp.mcuxpresso.tools.linux_11.2.0.202001021529/tools/bin/../lib/gcc/arm-none-eabi/9.2.1/../../../../arm-none-eabi/lib/thumb/v6-m/nofp/libcr_newlib_semihost.a(_cr_sbrk.o)
 .comment       0x0000000000000079       0x7a /usr/local/mcuxpressoide-11.2.1_4149/ide/plugins/com.nxp.mcuxpresso.tools.linux_11.2.0.202001021529/tools/bin/../lib/gcc/arm-none-eabi/9.2.1/../../../../arm-none-eabi/lib/thumb/v6-m/nofp/libcr_newlib_semihost.a(syscalls.o)
 .comment       0x0000000000000079       0x7a /usr/local/mcuxpressoide-11.2.1_4149/ide/plugins/com.nxp.mcuxpresso.tools.linux_11.2.0.202001021529/tools/bin/../lib/gcc/arm-none-eabi/9.2.1/../../../../arm-none-eabi/lib/thumb/v6-m/nofp/libcr_newlib_semihost.a(_cr_check_heap.o)

.ARM.attributes
                0x0000000000000000       0x2a
 .ARM.attributes
                0x0000000000000000       0x2c ./freertos/src/FreeRTOSCommonHooks.o
 .ARM.attributes
                0x000000000000002c       0x2c ./freertos/src/list.o
 .ARM.attributes
                0x0000000000000058       0x2c ./freertos/src/port.o
 .ARM.attributes
                0x0000000000000084       0x2c ./freertos/src/tasks.o
 .ARM.attributes
                0x00000000000000b0       0x2c ./example/src/cr_startup_lpc11xx.o
 .ARM.attributes
                0x00000000000000dc       0x2c ./example/src/freertos_blinky.o
 .ARM.attributes
                0x0000000000000108       0x2c ./example/src/sysinit.o
 .ARM.attributes
                0x0000000000000134       0x2c ./example/CAN/can.o
 .ARM.attributes
                0x0000000000000160       0x2c /home/ryu/Workspace/facultate/CAN/PROJECT/developing/nxp_lpcxpresso_11c24_board_lib/Debug/libnxp_lpcxpresso_11c24_board_lib.a(board.o)
 .ARM.attributes
                0x000000000000018c       0x2c /home/ryu/Workspace/facultate/CAN/PROJECT/developing/nxp_lpcxpresso_11c24_board_lib/Debug/libnxp_lpcxpresso_11c24_board_lib.a(board_sysinit.o)
 .ARM.attributes
                0x00000000000001b8       0x2c /home/ryu/Workspace/facultate/CAN/PROJECT/developing/lpc_chip_11cxx_lib/Debug/liblpc_chip_11cxx_lib.a(chip_11xx.o)
 .ARM.attributes
                0x00000000000001e4       0x2c /home/ryu/Workspace/facultate/CAN/PROJECT/developing/lpc_chip_11cxx_lib/Debug/liblpc_chip_11cxx_lib.a(clock_11xx.o)
 .ARM.attributes
                0x0000000000000210       0x2c /home/ryu/Workspace/facultate/CAN/PROJECT/developing/lpc_chip_11cxx_lib/Debug/liblpc_chip_11cxx_lib.a(gpio_11xx_2.o)
 .ARM.attributes
                0x000000000000023c       0x2c /home/ryu/Workspace/facultate/CAN/PROJECT/developing/lpc_chip_11cxx_lib/Debug/liblpc_chip_11cxx_lib.a(ring_buffer.o)
 .ARM.attributes
                0x0000000000000268       0x2c /home/ryu/Workspace/facultate/CAN/PROJECT/developing/lpc_chip_11cxx_lib/Debug/liblpc_chip_11cxx_lib.a(sysctl_11xx.o)
 .ARM.attributes
                0x0000000000000294       0x2c /home/ryu/Workspace/facultate/CAN/PROJECT/developing/lpc_chip_11cxx_lib/Debug/liblpc_chip_11cxx_lib.a(uart_11xx.o)
 .ARM.attributes
                0x00000000000002c0       0x1e /usr/local/mcuxpressoide-11.2.1_4149/ide/plugins/com.nxp.mcuxpresso.tools.linux_11.2.0.202001021529/tools/bin/../lib/gcc/arm-none-eabi/9.2.1/thumb/v6-m/nofp/libgcc.a(_udivsi3.o)
 .ARM.attributes
                0x00000000000002de       0x1e /usr/local/mcuxpressoide-11.2.1_4149/ide/plugins/com.nxp.mcuxpresso.tools.linux_11.2.0.202001021529/tools/bin/../lib/gcc/arm-none-eabi/9.2.1/thumb/v6-m/nofp/libgcc.a(_dvmd_tls.o)
 .ARM.attributes
                0x00000000000002fc       0x2c /usr/local/mcuxpressoide-11.2.1_4149/ide/plugins/com.nxp.mcuxpresso.tools.linux_11.2.0.202001021529/tools/bin/../lib/gcc/arm-none-eabi/9.2.1/../../../../arm-none-eabi/lib/thumb/v6-m/nofp/libc_nano.a(lib_a-memcmp.o)
 .ARM.attributes
                0x0000000000000328       0x2c /usr/local/mcuxpressoide-11.2.1_4149/ide/plugins/com.nxp.mcuxpresso.tools.linux_11.2.0.202001021529/tools/bin/../lib/gcc/arm-none-eabi/9.2.1/../../../../arm-none-eabi/lib/thumb/v6-m/nofp/libc_nano.a(lib_a-memcpy-stub.o)
 .ARM.attributes
                0x0000000000000354       0x2c /usr/local/mcuxpressoide-11.2.1_4149/ide/plugins/com.nxp.mcuxpresso.tools.linux_11.2.0.202001021529/tools/bin/../lib/gcc/arm-none-eabi/9.2.1/../../../../arm-none-eabi/lib/thumb/v6-m/nofp/libc_nano.a(lib_a-memset.o)
 .ARM.attributes
                0x0000000000000380       0x2c /usr/local/mcuxpressoide-11.2.1_4149/ide/plugins/com.nxp.mcuxpresso.tools.linux_11.2.0.202001021529/tools/bin/../lib/gcc/arm-none-eabi/9.2.1/../../../../arm-none-eabi/lib/thumb/v6-m/nofp/libc_nano.a(lib_a-printf.o)
 .ARM.attributes
                0x00000000000003ac       0x2c /usr/local/mcuxpressoide-11.2.1_4149/ide/plugins/com.nxp.mcuxpresso.tools.linux_11.2.0.202001021529/tools/bin/../lib/gcc/arm-none-eabi/9.2.1/../../../../arm-none-eabi/lib/thumb/v6-m/nofp/libc_nano.a(lib_a-puts.o)
 .ARM.attributes
                0x00000000000003d8       0x2c /usr/local/mcuxpressoide-11.2.1_4149/ide/plugins/com.nxp.mcuxpresso.tools.linux_11.2.0.202001021529/tools/bin/../lib/gcc/arm-none-eabi/9.2.1/../../../../arm-none-eabi/lib/thumb/v6-m/nofp/libc_nano.a(lib_a-wbuf.o)
 .ARM.attributes
                0x0000000000000404       0x2c /usr/local/mcuxpressoide-11.2.1_4149/ide/plugins/com.nxp.mcuxpresso.tools.linux_11.2.0.202001021529/tools/bin/../lib/gcc/arm-none-eabi/9.2.1/../../../../arm-none-eabi/lib/thumb/v6-m/nofp/libc_nano.a(lib_a-wsetup.o)
 .ARM.attributes
                0x0000000000000430       0x2c /usr/local/mcuxpressoide-11.2.1_4149/ide/plugins/com.nxp.mcuxpresso.tools.linux_11.2.0.202001021529/tools/bin/../lib/gcc/arm-none-eabi/9.2.1/../../../../arm-none-eabi/lib/thumb/v6-m/nofp/libc_nano.a(lib_a-fflush.o)
 .ARM.attributes
                0x000000000000045c       0x2c /usr/local/mcuxpressoide-11.2.1_4149/ide/plugins/com.nxp.mcuxpresso.tools.linux_11.2.0.202001021529/tools/bin/../lib/gcc/arm-none-eabi/9.2.1/../../../../arm-none-eabi/lib/thumb/v6-m/nofp/libc_nano.a(lib_a-findfp.o)
 .ARM.attributes
                0x0000000000000488       0x2c /usr/local/mcuxpressoide-11.2.1_4149/ide/plugins/com.nxp.mcuxpresso.tools.linux_11.2.0.202001021529/tools/bin/../lib/gcc/arm-none-eabi/9.2.1/../../../../arm-none-eabi/lib/thumb/v6-m/nofp/libc_nano.a(lib_a-fwalk.o)
 .ARM.attributes
                0x00000000000004b4       0x2c /usr/local/mcuxpressoide-11.2.1_4149/ide/plugins/com.nxp.mcuxpresso.tools.linux_11.2.0.202001021529/tools/bin/../lib/gcc/arm-none-eabi/9.2.1/../../../../arm-none-eabi/lib/thumb/v6-m/nofp/libc_nano.a(lib_a-impure.o)
 .ARM.attributes
                0x00000000000004e0       0x2c /usr/local/mcuxpressoide-11.2.1_4149/ide/plugins/com.nxp.mcuxpresso.tools.linux_11.2.0.202001021529/tools/bin/../lib/gcc/arm-none-eabi/9.2.1/../../../../arm-none-eabi/lib/thumb/v6-m/nofp/libc_nano.a(lib_a-lock.o)
 .ARM.attributes
                0x000000000000050c       0x2c /usr/local/mcuxpressoide-11.2.1_4149/ide/plugins/com.nxp.mcuxpresso.tools.linux_11.2.0.202001021529/tools/bin/../lib/gcc/arm-none-eabi/9.2.1/../../../../arm-none-eabi/lib/thumb/v6-m/nofp/libc_nano.a(lib_a-makebuf.o)
 .ARM.attributes
                0x0000000000000538       0x2c /usr/local/mcuxpressoide-11.2.1_4149/ide/plugins/com.nxp.mcuxpresso.tools.linux_11.2.0.202001021529/tools/bin/../lib/gcc/arm-none-eabi/9.2.1/../../../../arm-none-eabi/lib/thumb/v6-m/nofp/libc_nano.a(lib_a-nano-freer.o)
 .ARM.attributes
                0x0000000000000564       0x2c /usr/local/mcuxpressoide-11.2.1_4149/ide/plugins/com.nxp.mcuxpresso.tools.linux_11.2.0.202001021529/tools/bin/../lib/gcc/arm-none-eabi/9.2.1/../../../../arm-none-eabi/lib/thumb/v6-m/nofp/libc_nano.a(lib_a-nano-mallocr.o)
 .ARM.attributes
                0x0000000000000590       0x2c /usr/local/mcuxpressoide-11.2.1_4149/ide/plugins/com.nxp.mcuxpresso.tools.linux_11.2.0.202001021529/tools/bin/../lib/gcc/arm-none-eabi/9.2.1/../../../../arm-none-eabi/lib/thumb/v6-m/nofp/libc_nano.a(lib_a-nano-vfprintf.o)
 .ARM.attributes
                0x00000000000005bc       0x2c /usr/local/mcuxpressoide-11.2.1_4149/ide/plugins/com.nxp.mcuxpresso.tools.linux_11.2.0.202001021529/tools/bin/../lib/gcc/arm-none-eabi/9.2.1/../../../../arm-none-eabi/lib/thumb/v6-m/nofp/libc_nano.a(lib_a-nano-vfprintf_i.o)
 .ARM.attributes
                0x00000000000005e8       0x2c /usr/local/mcuxpressoide-11.2.1_4149/ide/plugins/com.nxp.mcuxpresso.tools.linux_11.2.0.202001021529/tools/bin/../lib/gcc/arm-none-eabi/9.2.1/../../../../arm-none-eabi/lib/thumb/v6-m/nofp/libc_nano.a(lib_a-sbrkr.o)
 .ARM.attributes
                0x0000000000000614       0x2c /usr/local/mcuxpressoide-11.2.1_4149/ide/plugins/com.nxp.mcuxpresso.tools.linux_11.2.0.202001021529/tools/bin/../lib/gcc/arm-none-eabi/9.2.1/../../../../arm-none-eabi/lib/thumb/v6-m/nofp/libc_nano.a(lib_a-stdio.o)
 .ARM.attributes
                0x0000000000000640       0x2c /usr/local/mcuxpressoide-11.2.1_4149/ide/plugins/com.nxp.mcuxpresso.tools.linux_11.2.0.202001021529/tools/bin/../lib/gcc/arm-none-eabi/9.2.1/../../../../arm-none-eabi/lib/thumb/v6-m/nofp/libc_nano.a(lib_a-writer.o)
 .ARM.attributes
                0x000000000000066c       0x2c /usr/local/mcuxpressoide-11.2.1_4149/ide/plugins/com.nxp.mcuxpresso.tools.linux_11.2.0.202001021529/tools/bin/../lib/gcc/arm-none-eabi/9.2.1/../../../../arm-none-eabi/lib/thumb/v6-m/nofp/libc_nano.a(lib_a-closer.o)
 .ARM.attributes
                0x0000000000000698       0x2c /usr/local/mcuxpressoide-11.2.1_4149/ide/plugins/com.nxp.mcuxpresso.tools.linux_11.2.0.202001021529/tools/bin/../lib/gcc/arm-none-eabi/9.2.1/../../../../arm-none-eabi/lib/thumb/v6-m/nofp/libc_nano.a(lib_a-fstatr.o)
 .ARM.attributes
                0x00000000000006c4       0x2c /usr/local/mcuxpressoide-11.2.1_4149/ide/plugins/com.nxp.mcuxpresso.tools.linux_11.2.0.202001021529/tools/bin/../lib/gcc/arm-none-eabi/9.2.1/../../../../arm-none-eabi/lib/thumb/v6-m/nofp/libc_nano.a(lib_a-isattyr.o)
 .ARM.attributes
                0x00000000000006f0       0x2c /usr/local/mcuxpressoide-11.2.1_4149/ide/plugins/com.nxp.mcuxpresso.tools.linux_11.2.0.202001021529/tools/bin/../lib/gcc/arm-none-eabi/9.2.1/../../../../arm-none-eabi/lib/thumb/v6-m/nofp/libc_nano.a(lib_a-lseekr.o)
 .ARM.attributes
                0x000000000000071c       0x2c /usr/local/mcuxpressoide-11.2.1_4149/ide/plugins/com.nxp.mcuxpresso.tools.linux_11.2.0.202001021529/tools/bin/../lib/gcc/arm-none-eabi/9.2.1/../../../../arm-none-eabi/lib/thumb/v6-m/nofp/libc_nano.a(lib_a-memchr-stub.o)
 .ARM.attributes
                0x0000000000000748       0x2c /usr/local/mcuxpressoide-11.2.1_4149/ide/plugins/com.nxp.mcuxpresso.tools.linux_11.2.0.202001021529/tools/bin/../lib/gcc/arm-none-eabi/9.2.1/../../../../arm-none-eabi/lib/thumb/v6-m/nofp/libc_nano.a(lib_a-mlock.o)
 .ARM.attributes
                0x0000000000000774       0x2c /usr/local/mcuxpressoide-11.2.1_4149/ide/plugins/com.nxp.mcuxpresso.tools.linux_11.2.0.202001021529/tools/bin/../lib/gcc/arm-none-eabi/9.2.1/../../../../arm-none-eabi/lib/thumb/v6-m/nofp/libc_nano.a(lib_a-readr.o)
 .ARM.attributes