Archive member included to satisfy reference by file (symbol)

/home/ryu/Workspace/facultate/CAN/PROJECT/developing/nxp_lpcxpresso_11c24_board_lib/Debug/libnxp_lpcxpresso_11c24_board_lib.a(board.o)
                              ./example/src/freertos_blinky.o (Board_LED_Set)
/home/ryu/Workspace/facultate/CAN/PROJECT/developing/nxp_lpcxpresso_11c24_board_lib/Debug/libnxp_lpcxpresso_11c24_board_lib.a(board_sysinit.o)
                              ./example/src/sysinit.o (Board_SystemInit)
/home/ryu/Workspace/facultate/CAN/PROJECT/developing/lpc_chip_11cxx_lib/Debug/liblpc_chip_11cxx_lib.a(chip_11xx.o)
                              ./freertos/src/port.o (SystemCoreClock)
/home/ryu/Workspace/facultate/CAN/PROJECT/developing/lpc_chip_11cxx_lib/Debug/liblpc_chip_11cxx_lib.a(clock_11xx.o)
                              /home/ryu/Workspace/facultate/CAN/PROJECT/developing/nxp_lpcxpresso_11c24_board_lib/Debug/libnxp_lpcxpresso_11c24_board_lib.a(board_sysinit.o) (Chip_Clock_SetSystemPLLSource)
/home/ryu/Workspace/facultate/CAN/PROJECT/developing/lpc_chip_11cxx_lib/Debug/liblpc_chip_11cxx_lib.a(gpio_11xx_2.o)
                              /home/ryu/Workspace/facultate/CAN/PROJECT/developing/nxp_lpcxpresso_11c24_board_lib/Debug/libnxp_lpcxpresso_11c24_board_lib.a(board.o) (Chip_GPIO_Init)
/home/ryu/Workspace/facultate/CAN/PROJECT/developing/lpc_chip_11cxx_lib/Debug/liblpc_chip_11cxx_lib.a(ring_buffer.o)
                              ./example/UART/uart_drv.o (RingBuffer_Init)
/home/ryu/Workspace/facultate/CAN/PROJECT/developing/lpc_chip_11cxx_lib/Debug/liblpc_chip_11cxx_lib.a(sysctl_11xx.o)
                              /home/ryu/Workspace/facultate/CAN/PROJECT/developing/nxp_lpcxpresso_11c24_board_lib/Debug/libnxp_lpcxpresso_11c24_board_lib.a(board_sysinit.o) (Chip_SYSCTL_PowerDown)
/home/ryu/Workspace/facultate/CAN/PROJECT/developing/lpc_chip_11cxx_lib/Debug/liblpc_chip_11cxx_lib.a(uart_11xx.o)
                              ./example/UART/uart_drv.o (Chip_UART_Init)
/usr/local/mcuxpressoide-11.2.1_4149/ide/plugins/com.nxp.mcuxpresso.tools.linux_11.2.0.202001021529/tools/bin/../lib/gcc/arm-none-eabi/9.2.1/thumb/v6-m/nofp/libgcc.a(_udivsi3.o)
                              ./freertos/src/port.o (__aeabi_uidiv)
/usr/local/mcuxpressoide-11.2.1_4149/ide/plugins/com.nxp.mcuxpresso.tools.linux_11.2.0.202001021529/tools/bin/../lib/gcc/arm-none-eabi/9.2.1/thumb/v6-m/nofp/libgcc.a(_dvmd_tls.o)
                              /usr/local/mcuxpressoide-11.2.1_4149/ide/plugins/com.nxp.mcuxpresso.tools.linux_11.2.0.202001021529/tools/bin/../lib/gcc/arm-none-eabi/9.2.1/thumb/v6-m/nofp/libgcc.a(_udivsi3.o) (__aeabi_idiv0)
/usr/local/mcuxpressoide-11.2.1_4149/ide/plugins/com.nxp.mcuxpresso.tools.linux_11.2.0.202001021529/tools/bin/../lib/gcc/arm-none-eabi/9.2.1/../../../../arm-none-eabi/lib/thumb/v6-m/nofp/libc_nano.a(lib_a-memcmp.o)
                              ./freertos/src/tasks.o (memcmp)
/usr/local/mcuxpressoide-11.2.1_4149/ide/plugins/com.nxp.mcuxpresso.tools.linux_11.2.0.202001021529/tools/bin/../lib/gcc/arm-none-eabi/9.2.1/../../../../arm-none-eabi/lib/thumb/v6-m/nofp/libc_nano.a(lib_a-memcpy-stub.o)
                              ./freertos/src/queue.o (memcpy)
/usr/local/mcuxpressoide-11.2.1_4149/ide/plugins/com.nxp.mcuxpresso.tools.linux_11.2.0.202001021529/tools/bin/../lib/gcc/arm-none-eabi/9.2.1/../../../../arm-none-eabi/lib/thumb/v6-m/nofp/libc_nano.a(lib_a-memset.o)
                              ./freertos/src/tasks.o (memset)
/usr/local/mcuxpressoide-11.2.1_4149/ide/plugins/com.nxp.mcuxpresso.tools.linux_11.2.0.202001021529/tools/bin/../lib/gcc/arm-none-eabi/9.2.1/../../../../arm-none-eabi/lib/thumb/v6-m/nofp/libc_nano.a(lib_a-printf.o)
                              ./freertos/src/FreeRTOSCommonHooks.o (printf)
/usr/local/mcuxpressoide-11.2.1_4149/ide/plugins/com.nxp.mcuxpresso.tools.linux_11.2.0.202001021529/tools/bin/../lib/gcc/arm-none-eabi/9.2.1/../../../../arm-none-eabi/lib/thumb/v6-m/nofp/libc_nano.a(lib_a-puts.o)
                              ./example/src/freertos_blinky.o (puts)
/usr/local/mcuxpressoide-11.2.1_4149/ide/plugins/com.nxp.mcuxpresso.tools.linux_11.2.0.202001021529/tools/bin/../lib/gcc/arm-none-eabi/9.2.1/../../../../arm-none-eabi/lib/thumb/v6-m/nofp/libc_nano.a(lib_a-sprintf.o)
                              ./freertos/src/tasks.o (sprintf)
/usr/local/mcuxpressoide-11.2.1_4149/ide/plugins/com.nxp.mcuxpresso.tools.linux_11.2.0.202001021529/tools/bin/../lib/gcc/arm-none-eabi/9.2.1/../../../../arm-none-eabi/lib/thumb/v6-m/nofp/libc_nano.a(lib_a-strcat.o)
                              ./freertos/src/tasks.o (strcat)
/usr/local/mcuxpressoide-11.2.1_4149/ide/plugins/com.nxp.mcuxpresso.tools.linux_11.2.0.202001021529/tools/bin/../lib/gcc/arm-none-eabi/9.2.1/../../../../arm-none-eabi/lib/thumb/v6-m/nofp/libc_nano.a(lib_a-strncpy.o)
                              ./freertos/src/tasks.o (strncpy)
[...]
Memory Configuration

Name             Origin             Length             Attributes
MFlash32         0x0000000000000000 0x0000000000008000 xr
RamLoc8          0x0000000010000000 0x0000000000002000 xrw
*default*        0x0000000000000000 0xffffffffffffffff

Linker script and memory map

LOAD ./freertos/src/FreeRTOSCommonHooks.o
LOAD ./freertos/src/croutine.o
LOAD ./freertos/src/heap_1.o
LOAD ./freertos/src/list.o
LOAD ./freertos/src/port.o
LOAD ./freertos/src/queue.o
LOAD ./freertos/src/tasks.o
LOAD ./freertos/src/timers.o
LOAD ./example/src/cr_startup_lpc11xx.o
LOAD ./example/src/freertos_blinky.o
LOAD ./example/src/sysinit.o
LOAD ./example/UART/uart_drv.o
LOAD ./example/CAN/can.o
LOAD /home/ryu/Workspace/facultate/CAN/PROJECT/developing/nxp_lpcxpresso_11c24_board_lib/Debug/libnxp_lpcxpresso_11c24_board_lib.a
LOAD /home/ryu/Workspace/facultate/CAN/PROJECT/developing/lpc_chip_11cxx_lib/Debug/liblpc_chip_11cxx_lib.a
START GROUP
LOAD /usr/local/mcuxpressoide-11.2.1_4149/ide/plugins/com.nxp.mcuxpresso.tools.linux_11.2.0.202001021529/tools/bin/../lib/gcc/arm-none-eabi/9.2.1/thumb/v6-m/nofp/libgcc.a
LOAD /usr/local/mcuxpressoide-11.2.1_4149/ide/plugins/com.nxp.mcuxpresso.tools.linux_11.2.0.202001021529/tools/bin/../lib/gcc/arm-none-eabi/9.2.1/../../../../arm-none-eabi/lib/thumb/v6-m/nofp/libc_nano.a
LOAD /usr/local/mcuxpressoide-11.2.1_4149/ide/plugins/com.nxp.mcuxpresso.tools.linux_11.2.0.202001021529/tools/bin/../lib/gcc/arm-none-eabi/9.2.1/../../../../arm-none-eabi/lib/thumb/v6-m/nofp/libm.a
LOAD /usr/local/mcuxpressoide-11.2.1_4149/ide/plugins/com.nxp.mcuxpresso.tools.linux_11.2.0.202001021529/tools/bin/../lib/gcc/arm-none-eabi/9.2.1/../../../../arm-none-eabi/lib/thumb/v6-m/nofp/libcr_newlib_semihost.a
END GROUP
                0x0000000000000000                __base_MFlash32 = 0x0
                0x0000000000000000                __base_Flash = 0x0
                0x0000000000008000                __top_MFlash32 = 0x8000
                0x0000000000008000                __top_Flash = 0x8000
                0x0000000010000000                __base_RamLoc8 = 0x10000000
                0x0000000010000000                __base_RAM = 0x10000000
                0x0000000010002000                __top_RamLoc8 = 0x10002000
                0x0000000010002000                __top_RAM = 0x10002000

.text           0x0000000000000000     0x2dc4
 FILL mask 0xff
                0x0000000000000000                __vectors_start__ = ABSOLUTE (.)
 *(.isr_vector)
 .isr_vector    0x0000000000000000       0xc0 ./example/src/cr_startup_lpc11xx.o
                0x0000000000000000                g_pfnVectors
                0x00000000000000c0                . = ALIGN (0x4)
                0x00000000000000c0                __section_table_start = .
                0x00000000000000c0                __data_section_table = .
                0x00000000000000c0        0x4 LONG 0x2dc4 LOADADDR (.data)
                0x00000000000000c4        0x4 LONG 0x10000000 ADDR (.data)
                0x00000000000000c8        0x4 LONG 0x6c SIZEOF (.data)
                0x00000000000000cc                __data_section_table_end = .
                0x00000000000000cc                __bss_section_table = .
                0x00000000000000cc        0x4 LONG 0x1000006c ADDR (.bss)
                0x00000000000000d0        0x4 LONG 0x7b0 SIZEOF (.bss)
                0x00000000000000d4                __bss_section_table_end = .
                0x00000000000000d4                __section_table_end = .
 *(.after_vectors*)
 .after_vectors
                0x00000000000000d4       0x78 ./example/src/cr_startup_lpc11xx.o
                0x00000000000000d4                NMI_Handler
                0x00000000000000d6                HardFault_Handler
                0x00000000000000de                TIMER16_0_IRQHandler
                0x00000000000000de                UART_IRQHandler
                0x00000000000000de                TIMER32_0_IRQHandler
                0x00000000000000de                TIMER32_1_IRQHandler
                0x00000000000000de                IntDefaultHandler
                0x00000000000000de                PIOINT1_IRQHandler
                0x00000000000000de                SSP0_IRQHandler
                0x00000000000000de                TIMER16_1_IRQHandler
                0x00000000000000de                ADC_IRQHandler
                0x00000000000000de                SSP1_IRQHandler
                0x00000000000000de                PIOINT2_IRQHandler
                0x00000000000000de                BOD_IRQHandler
                0x00000000000000de                WAKEUP_IRQHandler
                0x00000000000000de                PIOINT0_IRQHandler
                0x00000000000000de                I2C_IRQHandler
                0x00000000000000de                WDT_IRQHandler
                0x00000000000000de                PIOINT3_IRQHandler
                0x00000000000000e0                data_init
                0x00000000000000f6                bss_init
                0x000000000000010a                ResetISR
 *(.text*)
 .text.vApplicationMallocFailedHook
                0x000000000000014c       0x14 ./freertos/src/FreeRTOSCommonHooks.o
                0x000000000000014c                vApplicationMallocFailedHook
 .text.vApplicationIdleHook
                0x0000000000000160        0xe ./freertos/src/FreeRTOSCommonHooks.o
                0x0000000000000160                vApplicationIdleHook
 *fill*         0x000000000000016e        0x2 ff
 .text.vApplicationStackOverflowHook
                0x0000000000000170       0x20 ./freertos/src/FreeRTOSCommonHooks.o
                0x0000000000000170                vApplicationStackOverflowHook
 .text.pvPortMalloc
                0x0000000000000190       0x94 ./freertos/src/heap_1.o
                0x0000000000000190                pvPortMalloc
 .text.vPortFree
                0x0000000000000224       0x1a ./freertos/src/heap_1.o
                0x0000000000000224                vPortFree
 .text.vListInitialise
                0x000000000000023e       0x3c ./freertos/src/list.o
                0x000000000000023e                vListInitialise
 .text.vListInitialiseItem
                0x000000000000027a       0x16 ./freertos/src/list.o
                0x000000000000027a                vListInitialiseItem
 .text.vListInsertEnd
                0x0000000000000290       0x4c ./freertos/src/list.o
                0x0000000000000290                vListInsertEnd
 .text.vListInsert
                0x00000000000002dc       0x6c ./freertos/src/list.o
                0x00000000000002dc                vListInsert
 .text.uxListRemove
                0x0000000000000348       0x50 ./freertos/src/list.o
                0x0000000000000348                uxListRemove
 .text.pxPortInitialiseStack
                0x0000000000000398       0x42 ./freertos/src/port.o
                0x0000000000000398                pxPortInitialiseStack
 *fill*         0x00000000000003da        0x2 ff
 .text.SVC_Handler
                0x00000000000003dc       0x2c ./freertos/src/port.o
                0x00000000000003dc                SVC_Handler
 .text.vPortStartFirstTask
                0x0000000000000408       0x10 ./freertos/src/port.o
 .text.xPortStartScheduler
                0x0000000000000418       0x40 ./freertos/src/port.o
                0x0000000000000418                xPortStartScheduler
 .text.vPortYield
                0x0000000000000458       0x20 ./freertos/src/port.o
                0x0000000000000458                vPortYield
 .text.vPortEnterCritical
                0x0000000000000478       0x24 ./freertos/src/port.o
                0x0000000000000478                vPortEnterCritical
 .text.vPortExitCritical
                0x000000000000049c       0x24 ./freertos/src/port.o
                0x000000000000049c                vPortExitCritical
 .text.PendSV_Handler
                0x00000000000004c0       0x48 ./freertos/src/port.o
                0x00000000000004c0                PendSV_Handler
 .text.SysTick_Handler
                0x0000000000000508       0x28 ./freertos/src/port.o
                0x0000000000000508                SysTick_Handler
 .text.prvSetupTimerInterrupt
                0x0000000000000530       0x34 ./freertos/src/port.o
 .text.xTaskGenericCreate
                0x0000000000000564      0x19c ./freertos/src/tasks.o
                0x0000000000000564                xTaskGenericCreate
 .text.vTaskDelay
                0x0000000000000700       0x58 ./freertos/src/tasks.o
                0x0000000000000700                vTaskDelay
 .text.vTaskStartScheduler
                0x0000000000000758       0x64 ./freertos/src/tasks.o
                0x0000000000000758                vTaskStartScheduler
 .text.vTaskSuspendAll
                0x00000000000007bc       0x18 ./freertos/src/tasks.o
                0x00000000000007bc                vTaskSuspendAll
 .text.xTaskResumeAll
                0x00000000000007d4      0x100 ./freertos/src/tasks.o
                0x00000000000007d4                xTaskResumeAll
 .text.vTaskIncrementTick
                0x00000000000008d4      0x13c ./freertos/src/tasks.o
                0x00000000000008d4                vTaskIncrementTick
 .text.vTaskSwitchContext
                0x0000000000000a10       0xe8 ./freertos/src/tasks.o
                0x0000000000000a10                vTaskSwitchContext
 .text.prvIdleTask
                0x0000000000000af8       0x24 ./freertos/src/tasks.o
 .text.prvInitialiseTCBVariables
                0x0000000000000b1c       0x6c ./freertos/src/tasks.o
 .text.prvInitialiseTaskLists
                0x0000000000000b88       0x88 ./freertos/src/tasks.o
 .text.prvCheckTasksWaitingTermination
                0x0000000000000c10       0x78 ./freertos/src/tasks.o
 .text.prvAddCurrentTaskToDelayedList
                0x0000000000000c88       0x6c ./freertos/src/tasks.o
 .text.prvAllocateTCBAndStack
                0x0000000000000cf4       0x6c ./freertos/src/tasks.o
 .text.prvDeleteTCB
                0x0000000000000d60       0x22 ./freertos/src/tasks.o
 .text.prvSetupHardware
                0x0000000000000d82       0x1e ./example/src/freertos_blinky.o
 .text.blinkLed
                0x0000000000000da0       0x44 ./example/src/freertos_blinky.o
 .text.transmitPeriodic
                0x0000000000000de4       0x60 ./example/src/freertos_blinky.o
 .text.main     0x0000000000000e44       0x6c ./example/src/freertos_blinky.o
                0x0000000000000e44                main
 .text.SystemInit
                0x0000000000000eb0        0xe ./example/src/sysinit.o
                0x0000000000000eb0                SystemInit
 *fill*         0x0000000000000ebe        0x2 ff
 .text.NVIC_EnableIRQ
                0x0000000000000ec0       0x2c ./example/CAN/can.o
 .text.Chip_Clock_EnablePeriphClock
                0x0000000000000eec       0x30 ./example/CAN/can.o
 .text.baudrateCalculate
                0x0000000000000f1c       0xca ./example/CAN/can.o
                0x0000000000000f1c                baudrateCalculate
 *fill*         0x0000000000000fe6        0x2 ff
 .text.CAN_rx   0x0000000000000fe8       0x68 ./example/CAN/can.o
                0x0000000000000fe8                CAN_rx
 .text.CAN_tx   0x0000000000001050       0x20 ./example/CAN/can.o
                0x0000000000001050                CAN_tx
 .text.CAN_error
                0x0000000000001070       0x10 ./example/CAN/can.o
                0x0000000000001070                CAN_error
 .text.CAN_IRQHandler
                0x0000000000001080       0x18 ./example/CAN/can.o
                0x0000000000001080                CAN_IRQHandler
 .text.CAN_init
                0x0000000000001098       0x5c ./example/CAN/can.o
                0x0000000000001098                CAN_init
 .text.Chip_GPIO_SetPinState
                0x00000000000010f4       0x4e /home/ryu/Workspace/facultate/CAN/PROJECT/developing/nxp_lpcxpresso_11c24_board_lib/Debug/libnxp_lpcxpresso_11c24_board_lib.a(board.o)
 .text.Chip_GPIO_SetPinDIROutput
                0x0000000000001142       0x4c /home/ryu/Workspace/facultate/CAN/PROJECT/developing/nxp_lpcxpresso_11c24_board_lib/Debug/libnxp_lpcxpresso_11c24_board_lib.a(board.o)
 .text.Board_LED_Init
                0x000000000000118e       0x18 /home/ryu/Workspace/facultate/CAN/PROJECT/developing/nxp_lpcxpresso_11c24_board_lib/Debug/libnxp_lpcxpresso_11c24_board_lib.a(board.o)
 .text.Board_LED_Set
                0x00000000000011a6       0x32 /home/ryu/Workspace/facultate/CAN/PROJECT/developing/nxp_lpcxpresso_11c24_board_lib/Debug/libnxp_lpcxpresso_11c24_board_lib.a(board.o)
                0x00000000000011a6                Board_LED_Set
 .text.Board_Init
                0x00000000000011d8       0x18 /home/ryu/Workspace/facultate/CAN/PROJECT/developing/nxp_lpcxpresso_11c24_board_lib/Debug/libnxp_lpcxpresso_11c24_board_lib.a(board.o)
                0x00000000000011d8                Board_Init
 .text.Chip_FMC_SetFLASHAccess
                0x00000000000011f0       0x30 /home/ryu/Workspace/facultate/CAN/PROJECT/developing/nxp_lpcxpresso_11c24_board_lib/Debug/libnxp_lpcxpresso_11c24_board_lib.a(board_sysinit.o)
 .text.Chip_Clock_SetupSystemPLL
                0x0000000000001220       0x38 /home/ryu/Workspace/facultate/CAN/PROJECT/developing/nxp_lpcxpresso_11c24_board_lib/Debug/libnxp_lpcxpresso_11c24_board_lib.a(board_sysinit.o)
 .text.Chip_Clock_IsSystemPLLLocked
                0x0000000000001258       0x1c /home/ryu/Workspace/facultate/CAN/PROJECT/developing/nxp_lpcxpresso_11c24_board_lib/Debug/libnxp_lpcxpresso_11c24_board_lib.a(board_sysinit.o)
 .text.Chip_Clock_SetSysClockDiv
                0x0000000000001274       0x1c /home/ryu/Workspace/facultate/CAN/PROJECT/developing/nxp_lpcxpresso_11c24_board_lib/Debug/libnxp_lpcxpresso_11c24_board_lib.a(board_sysinit.o)
 .text.Chip_Clock_EnablePeriphClock
                0x0000000000001290       0x30 /home/ryu/Workspace/facultate/CAN/PROJECT/developing/nxp_lpcxpresso_11c24_board_lib/Debug/libnxp_lpcxpresso_11c24_board_lib.a(board_sysinit.o)
 .text.Chip_IOCON_PinMuxSet
                0x00000000000012c0       0x26 /home/ryu/Workspace/facultate/CAN/PROJECT/developing/nxp_lpcxpresso_11c24_board_lib/Debug/libnxp_lpcxpresso_11c24_board_lib.a(board_sysinit.o)
 .text.SystemSetupClocking
                0x00000000000012e6       0x66 /home/ryu/Workspace/facultate/CAN/PROJECT/developing/nxp_lpcxpresso_11c24_board_lib/Debug/libnxp_lpcxpresso_11c24_board_lib.a(board_sysinit.o)
 .text.SystemSetupMuxing
                0x000000000000134c       0x4c /home/ryu/Workspace/facultate/CAN/PROJECT/developing/nxp_lpcxpresso_11c24_board_lib/Debug/libnxp_lpcxpresso_11c24_board_lib.a(board_sysinit.o)
 .text.Board_SystemInit
                0x0000000000001398       0x12 /home/ryu/Workspace/facultate/CAN/PROJECT/developing/nxp_lpcxpresso_11c24_board_lib/Debug/libnxp_lpcxpresso_11c24_board_lib.a(board_sysinit.o)
                0x0000000000001398                Board_SystemInit
 *fill*         0x00000000000013aa        0x2 ff
 .text.SystemCoreClockUpdate
                0x00000000000013ac       0x18 /home/ryu/Workspace/facultate/CAN/PROJECT/developing/lpc_chip_11cxx_lib/Debug/liblpc_chip_11cxx_lib.a(chip_11xx.o)
                0x00000000000013ac                SystemCoreClockUpdate
 .text.Chip_Clock_GetMainOscRate
                0x00000000000013c4       0x14 /home/ryu/Workspace/facultate/CAN/PROJECT/developing/lpc_chip_11cxx_lib/Debug/liblpc_chip_11cxx_lib.a(clock_11xx.o)
 .text.Chip_Clock_GetIntOscRate
                0x00000000000013d8       0x10 /home/ryu/Workspace/facultate/CAN/PROJECT/developing/lpc_chip_11cxx_lib/Debug/liblpc_chip_11cxx_lib.a(clock_11xx.o)
 .text.Chip_Clock_GetWDTLFORate
                0x00000000000013e8       0x48 /home/ryu/Workspace/facultate/CAN/PROJECT/developing/lpc_chip_11cxx_lib/Debug/liblpc_chip_11cxx_lib.a(clock_11xx.o)
 .text.Chip_Clock_GetPLLFreq
                0x0000000000001430       0x22 /home/ryu/Workspace/facultate/CAN/PROJECT/developing/lpc_chip_11cxx_lib/Debug/liblpc_chip_11cxx_lib.a(clock_11xx.o)
 *fill*         0x0000000000001452        0x2 ff
 .text.Chip_Clock_SetSystemPLLSource
                0x0000000000001454       0x2c /home/ryu/Workspace/facultate/CAN/PROJECT/developing/lpc_chip_11cxx_lib/Debug/liblpc_chip_11cxx_lib.a(clock_11xx.o)
                0x0000000000001454                Chip_Clock_SetSystemPLLSource
 .text.Chip_Clock_SetMainClockSource
                0x0000000000001480       0x2c /home/ryu/Workspace/facultate/CAN/PROJECT/developing/lpc_chip_11cxx_lib/Debug/liblpc_chip_11cxx_lib.a(clock_11xx.o)
                0x0000000000001480                Chip_Clock_SetMainClockSource
 .text.Chip_Clock_GetWDTOSCRate
                0x00000000000014ac       0x1c /home/ryu/Workspace/facultate/CAN/PROJECT/developing/lpc_chip_11cxx_lib/Debug/liblpc_chip_11cxx_lib.a(clock_11xx.o)
                0x00000000000014ac                Chip_Clock_GetWDTOSCRate
 .text.Chip_Clock_GetSystemPLLInClockRate
                0x00000000000014c8       0x40 /home/ryu/Workspace/facultate/CAN/PROJECT/developing/lpc_chip_11cxx_lib/Debug/liblpc_chip_11cxx_lib.a(clock_11xx.o)
                0x00000000000014c8                Chip_Clock_GetSystemPLLInClockRate
 .text.Chip_Clock_GetSystemPLLOutClockRate
                0x0000000000001508       0x24 /home/ryu/Workspace/facultate/CAN/PROJECT/developing/lpc_chip_11cxx_lib/Debug/liblpc_chip_11cxx_lib.a(clock_11xx.o)
                0x0000000000001508                Chip_Clock_GetSystemPLLOutClockRate
 .text.Chip_Clock_GetMainClockRate
                0x000000000000152c       0x64 /home/ryu/Workspace/facultate/CAN/PROJECT/developing/lpc_chip_11cxx_lib/Debug/liblpc_chip_11cxx_lib.a(clock_11xx.o)
                0x000000000000152c                Chip_Clock_GetMainClockRate
 .text.Chip_Clock_GetSystemClockRate
                0x0000000000001590       0x24 /home/ryu/Workspace/facultate/CAN/PROJECT/developing/lpc_chip_11cxx_lib/Debug/liblpc_chip_11cxx_lib.a(clock_11xx.o)
                0x0000000000001590                Chip_Clock_GetSystemClockRate
 .text.Chip_Clock_EnablePeriphClock
                0x00000000000015b4       0x30 /home/ryu/Workspace/facultate/CAN/PROJECT/developing/lpc_chip_11cxx_lib/Debug/liblpc_chip_11cxx_lib.a(gpio_11xx_2.o)
 .text.Chip_GPIO_Init
                0x00000000000015e4       0x16 /home/ryu/Workspace/facultate/CAN/PROJECT/developing/lpc_chip_11cxx_lib/Debug/liblpc_chip_11cxx_lib.a(gpio_11xx_2.o)
                0x00000000000015e4                Chip_GPIO_Init
 *fill*         0x00000000000015fa        0x2 ff
 .text.Chip_SYSCTL_PowerDown
                0x00000000000015fc       0x40 /home/ryu/Workspace/facultate/CAN/PROJECT/developing/lpc_chip_11cxx_lib/Debug/liblpc_chip_11cxx_lib.a(sysctl_11xx.o)
                0x00000000000015fc                Chip_SYSCTL_PowerDown
 .text.Chip_SYSCTL_PowerUp
                0x000000000000163c       0x40 /home/ryu/Workspace/facultate/CAN/PROJECT/developing/lpc_chip_11cxx_lib/Debug/liblpc_chip_11cxx_lib.a(sysctl_11xx.o)
                0x000000000000163c                Chip_SYSCTL_PowerUp
 .text          0x000000000000167c      0x114 /usr/local/mcuxpressoide-11.2.1_4149/ide/plugins/com.nxp.mcuxpresso.tools.linux_11.2.0.202001021529/tools/bin/../lib/gcc/arm-none-eabi/9.2.1/thumb/v6-m/nofp/libgcc.a(_udivsi3.o)
                0x000000000000167c                __udivsi3
                0x000000000000167c                __aeabi_uidiv
                0x0000000000001788                __aeabi_uidivmod
 .text          0x0000000000001790        0x4 /usr/local/mcuxpressoide-11.2.1_4149/ide/plugins/com.nxp.mcuxpresso.tools.linux_11.2.0.202001021529/tools/bin/../lib/gcc/arm-none-eabi/9.2.1/thumb/v6-m/nofp/libgcc.a(_dvmd_tls.o)
                0x0000000000001790                __aeabi_ldiv0
                0x0000000000001790                __aeabi_idiv0
 .text.memcmp   0x0000000000001794       0x1c /usr/local/mcuxpressoide-11.2.1_4149/ide/plugins/com.nxp.mcuxpresso.tools.linux_11.2.0.202001021529/tools/bin/../lib/gcc/arm-none-eabi/9.2.1/../../../../arm-none-eabi/lib/thumb/v6-m/nofp/libc_nano.a(lib_a-memcmp.o)
                0x0000000000001794                memcmp
 .text.memset   0x00000000000017b0       0x10 /usr/local/mcuxpressoide-11.2.1_4149/ide/plugins/com.nxp.mcuxpresso.tools.linux_11.2.0.202001021529/tools/bin/../lib/gcc/arm-none-eabi/9.2.1/../../../../arm-none-eabi/lib/thumb/v6-m/nofp/libc_nano.a(lib_a-memset.o)
                0x00000000000017b0                memset
 .text.printf   0x00000000000017c0       0x34 /usr/local/mcuxpressoide-11.2.1_4149/ide/plugins/com.nxp.mcuxpresso.tools.linux_11.2.0.202001021529/tools/bin/../lib/gcc/arm-none-eabi/9.2.1/../../../../arm-none-eabi/lib/thumb/v6-m/nofp/libc_nano.a(lib_a-printf.o)
                0x00000000000017c0                printf
                0x00000000000017c0                iprintf
 .text._puts_r  0x00000000000017f4       0xe4 /usr/local/mcuxpressoide-11.2.1_4149/ide/plugins/com.nxp.mcuxpresso.tools.linux_11.2.0.202001021529/tools/bin/../lib/gcc/arm-none-eabi/9.2.1/../../../../arm-none-eabi/lib/thumb/v6-m/nofp/libc_nano.a(lib_a-puts.o)
                0x00000000000017f4                _puts_r
 .text.puts     0x00000000000018d8       0x14 /usr/local/mcuxpressoide-11.2.1_4149/ide/plugins/com.nxp.mcuxpresso.tools.linux_11.2.0.202001021529/tools/bin/../lib/gcc/arm-none-eabi/9.2.1/../../../../arm-none-eabi/lib/thumb/v6-m/nofp/libc_nano.a(lib_a-puts.o)
                0x00000000000018d8                puts
 .text.strncpy  0x00000000000018ec       0x28 /usr/local/mcuxpressoide-11.2.1_4149/ide/plugins/com.nxp.mcuxpresso.tools.linux_11.2.0.202001021529/tools/bin/../lib/gcc/arm-none-eabi/9.2.1/../../../../arm-none-eabi/lib/thumb/v6-m/nofp/libc_nano.a(lib_a-strncpy.o)
                0x00000000000018ec                strncpy
 .text.__swbuf_r
                0x0000000000001914       0xac /usr/local/mcuxpressoide-11.2.1_4149/ide/plugins/com.nxp.mcuxpresso.tools.linux_11.2.0.202001021529/tools/bin/../lib/gcc/arm-none-eabi/9.2.1/../../../../arm-none-eabi/lib/thumb/v6-m/nofp/libc_nano.a(lib_a-wbuf.o)
                0x0000000000001914                __swbuf_r
 .text.__swsetup_r
                0x00000000000019c0       0xf0 /usr/local/mcuxpressoide-11.2.1_4149/ide/plugins/com.nxp.mcuxpresso.tools.linux_11.2.0.202001021529/tools/bin/../lib/gcc/arm-none-eabi/9.2.1/../../../../arm-none-eabi/lib/thumb/v6-m/nofp/libc_nano.a(lib_a-wsetup.o)
                0x00000000000019c0                __swsetup_r
 .text.__sflush_r
                0x0000000000001ab0      0x118 /usr/local/mcuxpressoide-11.2.1_4149/ide/plugins/com.nxp.mcuxpresso.tools.linux_11.2.0.202001021529/tools/bin/../lib/gcc/arm-none-eabi/9.2.1/../../../../arm-none-eabi/lib/thumb/v6-m/nofp/libc_nano.a(lib_a-fflush.o)
                0x0000000000001ab0                __sflush_r
 .text._fflush_r
                0x0000000000001bc8       0x80 /usr/local/mcuxpressoide-11.2.1_4149/ide/plugins/com.nxp.mcuxpresso.tools.linux_11.2.0.202001021529/tools/bin/../lib/gcc/arm-none-eabi/9.2.1/../../../../arm-none-eabi/lib/thumb/v6-m/nofp/libc_nano.a(lib_a-fflush.o)
                0x0000000000001bc8                _fflush_r
 .text.std      0x0000000000001c48       0x48 /usr/local/mcuxpressoide-11.2.1_4149/ide/plugins/com.nxp.mcuxpresso.tools.linux_11.2.0.202001021529/tools/bin/../lib/gcc/arm-none-eabi/9.2.1/../../../../arm-none-eabi/lib/thumb/v6-m/nofp/libc_nano.a(lib_a-findfp.o)
 .text._cleanup_r
                0x0000000000001c90       0x10 /usr/local/mcuxpressoide-11.2.1_4149/ide/plugins/com.nxp.mcuxpresso.tools.linux_11.2.0.202001021529/tools/bin/../lib/gcc/arm-none-eabi/9.2.1/../../../../arm-none-eabi/lib/thumb/v6-m/nofp/libc_nano.a(lib_a-findfp.o)
                0x0000000000001c90                _cleanup_r
 .text.__sfmoreglue
                0x0000000000001ca0       0x2c /usr/local/mcuxpressoide-11.2.1_4149/ide/plugins/com.nxp.mcuxpresso.tools.linux_11.2.0.202001021529/tools/bin/../lib/gcc/arm-none-eabi/9.2.1/../../../../arm-none-eabi/lib/thumb/v6-m/nofp/libc_nano.a(lib_a-findfp.o)
                0x0000000000001ca0                __sfmoreglue
 .text.__sfp_lock_acquire
                0x0000000000001ccc       0x10 /usr/local/mcuxpressoide-11.2.1_4149/ide/plugins/com.nxp.mcuxpresso.tools.linux_11.2.0.202001021529/tools/bin/../lib/gcc/arm-none-eabi/9.2.1/../../../../arm-none-eabi/lib/thumb/v6-m/nofp/libc_nano.a(lib_a-findfp.o)
                0x0000000000001ccc                __sfp_lock_acquire
 .text.__sfp_lock_release
                0x0000000000001cdc       0x10 /usr/local/mcuxpressoide-11.2.1_4149/ide/plugins/com.nxp.mcuxpresso.tools.linux_11.2.0.202001021529/tools/bin/../lib/gcc/arm-none-eabi/9.2.1/../../../../arm-none-eabi/lib/thumb/v6-m/nofp/libc_nano.a(lib_a-findfp.o)
                0x0000000000001cdc                __sfp_lock_release
 .text.__sinit_lock_acquire
                0x0000000000001cec       0x10 /usr/local/mcuxpressoide-11.2.1_4149/ide/plugins/com.nxp.mcuxpresso.tools.linux_11.2.0.202001021529/tools/bin/../lib/gcc/arm-none-eabi/9.2.1/../../../../arm-none-eabi/lib/thumb/v6-m/nofp/libc_nano.a(lib_a-findfp.o)
                0x0000000000001cec                __sinit_lock_acquire
 .text.__sinit_lock_release
                0x0000000000001cfc       0x10 /usr/local/mcuxpressoide-11.2.1_4149/ide/plugins/com.nxp.mcuxpresso.tools.linux_11.2.0.202001021529/tools/bin/../lib/gcc/arm-none-eabi/9.2.1/../../../../arm-none-eabi/lib/thumb/v6-m/nofp/libc_nano.a(lib_a-findfp.o)
                0x0000000000001cfc                __sinit_lock_release
 .text.__sinit  0x0000000000001d0c       0x70 /usr/local/mcuxpressoide-11.2.1_4149/ide/plugins/com.nxp.mcuxpresso.tools.linux_11.2.0.202001021529/tools/bin/../lib/gcc/arm-none-eabi/9.2.1/../../../../arm-none-eabi/lib/thumb/v6-m/nofp/libc_nano.a(lib_a-findfp.o)
                0x0000000000001d0c                __sinit
 .text.__sfp    0x0000000000001d7c       0x90 /usr/local/mcuxpressoide-11.2.1_4149/ide/plugins/com.nxp.mcuxpresso.tools.linux_11.2.0.202001021529/tools/bin/../lib/gcc/arm-none-eabi/9.2.1/../../../../arm-none-eabi/lib/thumb/v6-m/nofp/libc_nano.a(lib_a-findfp.o)
                0x0000000000001d7c                __sfp
 .text._fwalk_reent
                0x0000000000001e0c       0x40 /usr/local/mcuxpressoide-11.2.1_4149/ide/plugins/com.nxp.mcuxpresso.tools.linux_11.2.0.202001021529/tools/bin/../lib/gcc/arm-none-eabi/9.2.1/../../../../arm-none-eabi/lib/thumb/v6-m/nofp/libc_nano.a(lib_a-fwalk.o)
                0x0000000000001e0c                _fwalk_reent
 .text.__retarget_lock_init_recursive
                0x0000000000001e4c        0x2 /usr/local/mcuxpressoide-11.2.1_4149/ide/plugins/com.nxp.mcuxpresso.tools.linux_11.2.0.202001021529/tools/bin/../lib/gcc/arm-none-eabi/9.2.1/../../../../arm-none-eabi/lib/thumb/v6-m/nofp/libc_nano.a(lib_a-lock.o)
                0x0000000000001e4c                __retarget_lock_init_recursive
 .text.__retarget_lock_acquire_recursive
                0x0000000000001e4e        0x2 /usr/local/mcuxpressoide-11.2.1_4149/ide/plugins/com.nxp.mcuxpresso.tools.linux_11.2.0.202001021529/tools/bin/../lib/gcc/arm-none-eabi/9.2.1/../../../../arm-none-eabi/lib/thumb/v6-m/nofp/libc_nano.a(lib_a-lock.o)
                0x0000000000001e4e                __retarget_lock_acquire_recursive
 .text.__retarget_lock_release_recursive
                0x0000000000001e50        0x2 /usr/local/mcuxpressoide-11.2.1_4149/ide/plugins/com.nxp.mcuxpresso.tools.linux_11.2.0.202001021529/tools/bin/../lib/gcc/arm-none-eabi/9.2.1/../../../../arm-none-eabi/lib/thumb/v6-m/nofp/libc_nano.a(lib_a-lock.o)
                0x0000000000001e50                __retarget_lock_release_recursive
 *fill*         0x0000000000001e52        0x2 ff
 .text.__swhatbuf_r
                0x0000000000001e54       0x50 /usr/local/mcuxpressoide-11.2.1_4149/ide/plugins/com.nxp.mcuxpresso.tools.linux_11.2.0.202001021529/tools/bin/../lib/gcc/arm-none-eabi/9.2.1/../../../../arm-none-eabi/lib/thumb/v6-m/nofp/libc_nano.a(lib_a-makebuf.o)
                0x0000000000001e54                __swhatbuf_r
 .text.__smakebuf_r
                0x0000000000001ea4       0x88 /usr/local/mcuxpressoide-11.2.1_4149/ide/plugins/com.nxp.mcuxpresso.tools.linux_11.2.0.202001021529/tools/bin/../lib/gcc/arm-none-eabi/9.2.1/../../../../arm-none-eabi/lib/thumb/v6-m/nofp/libc_nano.a(lib_a-makebuf.o)
                0x0000000000001ea4                __smakebuf_r
 .text._free_r  0x0000000000001f2c       0x94 /usr/local/mcuxpressoide-11.2.1_4149/ide/plugins/com.nxp.mcuxpresso.tools.linux_11.2.0.202001021529/tools/bin/../lib/gcc/arm-none-eabi/9.2.1/../../../../arm-none-eabi/lib/thumb/v6-m/nofp/libc_nano.a(lib_a-nano-freer.o)
                0x0000000000001f2c                _free_r
 .text._malloc_r
                0x0000000000001fc0       0xbc /usr/local/mcuxpressoide-11.2.1_4149/ide/plugins/com.nxp.mcuxpresso.tools.linux_11.2.0.202001021529/tools/bin/../lib/gcc/arm-none-eabi/9.2.1/../../../../arm-none-eabi/lib/thumb/v6-m/nofp/libc_nano.a(lib_a-nano-mallocr.o)
                0x0000000000001fc0                _malloc_r
 .text.__sfputc_r
                0x000000000000207c       0x2a /usr/local/mcuxpressoide-11.2.1_4149/ide/plugins/com.nxp.mcuxpresso.tools.linux_11.2.0.202001021529/tools/bin/../lib/gcc/arm-none-eabi/9.2.1/../../../../arm-none-eabi/lib/thumb/v6-m/nofp/libc_nano.a(lib_a-nano-vfprintf.o)
 .text.__sfputs_r
                0x00000000000020a6       0x24 /usr/local/mcuxpressoide-11.2.1_4149/ide/plugins/com.nxp.mcuxpresso.tools.linux_11.2.0.202001021529/tools/bin/../lib/gcc/arm-none-eabi/9.2.1/../../../../arm-none-eabi/lib/thumb/v6-m/nofp/libc_nano.a(lib_a-nano-vfprintf.o)
                0x00000000000020a6                __sfputs_r
 *fill*         0x00000000000020ca        0x2 ff
 .text._vfprintf_r
                0x00000000000020cc      0x274 /usr/local/mcuxpressoide-11.2.1_4149/ide/plugins/com.nxp.mcuxpresso.tools.linux_11.2.0.202001021529/tools/bin/../lib/gcc/arm-none-eabi/9.2.1/../../../../arm-none-eabi/lib/thumb/v6-m/nofp/libc_nano.a(lib_a-nano-vfprintf.o)
                0x00000000000020cc                _vfiprintf_r
                0x00000000000020cc                _vfprintf_r
 .text._printf_common
                0x0000000000002340       0xde /usr/local/mcuxpressoide-11.2.1_4149/ide/plugins/com.nxp.mcuxpresso.tools.linux_11.2.0.202001021529/tools/bin/../lib/gcc/arm-none-eabi/9.2.1/../../../../arm-none-eabi/lib/thumb/v6-m/nofp/libc_nano.a(lib_a-nano-vfprintf_i.o)
                0x0000000000002340                _printf_common
 *fill*         0x000000000000241e        0x2 ff
 .text._printf_i
                0x0000000000002420      0x224 /usr/local/mcuxpressoide-11.2.1_4149/ide/plugins/com.nxp.mcuxpresso.tools.linux_11.2.0.202001021529/tools/bin/../lib/gcc/arm-none-eabi/9.2.1/../../../../arm-none-eabi/lib/thumb/v6-m/nofp/libc_nano.a(lib_a-nano-vfprintf_i.o)
                0x0000000000002420                _printf_i
 .text._sbrk_r  0x0000000000002644       0x24 /usr/local/mcuxpressoide-11.2.1_4149/ide/plugins/com.nxp.mcuxpresso.tools.linux_11.2.0.202001021529/tools/bin/../lib/gcc/arm-none-eabi/9.2.1/../../../../arm-none-eabi/lib/thumb/v6-m/nofp/libc_nano.a(lib_a-sbrkr.o)
                0x0000000000002644                _sbrk_r
 .text.__sread  0x0000000000002668       0x28 /usr/local/mcuxpressoide-11.2.1_4149/ide/plugins/com.nxp.mcuxpresso.tools.linux_11.2.0.202001021529/tools/bin/../lib/gcc/arm-none-eabi/9.2.1/../../../../arm-none-eabi/lib/thumb/v6-m/nofp/libc_nano.a(lib_a-stdio.o)
                0x0000000000002668                __sread
 .text.__swrite
                0x0000000000002690       0x38 /usr/local/mcuxpressoide-11.2.1_4149/ide/plugins/com.nxp.mcuxpresso.tools.linux_11.2.0.202001021529/tools/bin/../lib/gcc/arm-none-eabi/9.2.1/../../../../arm-none-eabi/lib/thumb/v6-m/nofp/libc_nano.a(lib_a-stdio.o)
                0x0000000000002690                __swrite
 .text.__sseek  0x00000000000026c8       0x2c /usr/local/mcuxpressoide-11.2.1_4149/ide/plugins/com.nxp.mcuxpresso.tools.linux_11.2.0.202001021529/tools/bin/../lib/gcc/arm-none-eabi/9.2.1/../../../../arm-none-eabi/lib/thumb/v6-m/nofp/libc_nano.a(lib_a-stdio.o)
                0x00000000000026c8                __sseek
 .text.__sclose
                0x00000000000026f4        0xc /usr/local/mcuxpressoide-11.2.1_4149/ide/plugins/com.nxp.mcuxpresso.tools.linux_11.2.0.202001021529/tools/bin/../lib/gcc/arm-none-eabi/9.2.1/../../../../arm-none-eabi/lib/thumb/v6-m/nofp/libc_nano.a(lib_a-stdio.o)
                0x00000000000026f4                __sclose
 .text._write_r
                0x0000000000002700       0x28 /usr/local/mcuxpressoide-11.2.1_4149/ide/plugins/com.nxp.mcuxpresso.tools.linux_11.2.0.202001021529/tools/bin/../lib/gcc/arm-none-eabi/9.2.1/../../../../arm-none-eabi/lib/thumb/v6-m/nofp/libc_nano.a(lib_a-writer.o)
                0x0000000000002700                _write_r
 .text._close_r
                0x0000000000002728       0x24 /usr/local/mcuxpressoide-11.2.1_4149/ide/plugins/com.nxp.mcuxpresso.tools.linux_11.2.0.202001021529/tools/bin/../lib/gcc/arm-none-eabi/9.2.1/../../../../arm-none-eabi/lib/thumb/v6-m/nofp/libc_nano.a(lib_a-closer.o)
                0x0000000000002728                _close_r
 .text._fstat_r
                0x000000000000274c       0x24 /usr/local/mcuxpressoide-11.2.1_4149/ide/plugins/com.nxp.mcuxpresso.tools.linux_11.2.0.202001021529/tools/bin/../lib/gcc/arm-none-eabi/9.2.1/../../../../arm-none-eabi/lib/thumb/v6-m/nofp/libc_nano.a(lib_a-fstatr.o)
                0x000000000000274c                _fstat_r
 .text._isatty_r
                0x0000000000002770       0x24 /usr/local/mcuxpressoide-11.2.1_4149/ide/plugins/com.nxp.mcuxpresso.tools.linux_11.2.0.202001021529/tools/bin/../lib/gcc/arm-none-eabi/9.2.1/../../../../arm-none-eabi/lib/thumb/v6-m/nofp/libc_nano.a(lib_a-isattyr.o)
                0x0000000000002770                _isatty_r
 .text._lseek_r
                0x0000000000002794       0x28 /usr/local/mcuxpressoide-11.2.1_4149/ide/plugins/com.nxp.mcuxpresso.tools.linux_11.2.0.202001021529/tools/bin/../lib/gcc/arm-none-eabi/9.2.1/../../../../arm-none-eabi/lib/thumb/v6-m/nofp/libc_nano.a(lib_a-lseekr.o)
                0x0000000000002794                _lseek_r
 .text.memchr   0x00000000000027bc       0x16 /usr/local/mcuxpressoide-11.2.1_4149/ide/plugins/com.nxp.mcuxpresso.tools.linux_11.2.0.202001021529/tools/bin/../lib/gcc/arm-none-eabi/9.2.1/../../../../arm-none-eabi/lib/thumb/v6-m/nofp/libc_nano.a(lib_a-memchr-stub.o)
                0x00000000000027bc                memchr
 *fill*         0x00000000000027d2        0x2 ff
 .text.__malloc_lock
                0x00000000000027d4       0x10 /usr/local/mcuxpressoide-11.2.1_4149/ide/plugins/com.nxp.mcuxpresso.tools.linux_11.2.0.202001021529/tools/bin/../lib/gcc/arm-none-eabi/9.2.1/../../../../arm-none-eabi/lib/thumb/v6-m/nofp/libc_nano.a(lib_a-mlock.o)
                0x00000000000027d4                __malloc_lock
 .text.__malloc_unlock
                0x00000000000027e4       0x10 /usr/local/mcuxpressoide-11.2.1_4149/ide/plugins/com.nxp.mcuxpresso.tools.linux_11.2.0.202001021529/tools/bin/../lib/gcc/arm-none-eabi/9.2.1/../../../../arm-none-eabi/lib/thumb/v6-m/nofp/libc_nano.a(lib_a-mlock.o)
                0x00000000000027e4                __malloc_unlock
 .text._read_r  0x00000000000027f4       0x28 /usr/local/mcuxpressoide-11.2.1_4149/ide/plugins/com.nxp.mcuxpresso.tools.linux_11.2.0.202001021529/tools/bin/../lib/gcc/arm-none-eabi/9.2.1/../../../../arm-none-eabi/lib/thumb/v6-m/nofp/libc_nano.a(lib_a-readr.o)
                0x00000000000027f4                _read_r
 .text._sbrk    0x000000000000281c       0x40 /usr/local/mcuxpressoide-11.2.1_4149/ide/plugins/com.nxp.mcuxpresso.tools.linux_11.2.0.202001021529/tools/bin/../lib/gcc/arm-none-eabi/9.2.1/../../../../arm-none-eabi/lib/thumb/v6-m/nofp/libcr_newlib_semihost.a(_cr_sbrk.o)
                0x000000000000281c                _sbrk
 .text.error    0x000000000000285c       0x1c /usr/local/mcuxpressoide-11.2.1_4149/ide/plugins/com.nxp.mcuxpresso.tools.linux_11.2.0.202001021529/tools/bin/../lib/gcc/arm-none-eabi/9.2.1/../../../../arm-none-eabi/lib/thumb/v6-m/nofp/libcr_newlib_semihost.a(syscalls.o)
 .text.initialise_monitor_handles
                0x0000000000002878       0xa0 /usr/local/mcuxpressoide-11.2.1_4149/ide/plugins/com.nxp.mcuxpresso.tools.linux_11.2.0.202001021529/tools/bin/../lib/gcc/arm-none-eabi/9.2.1/../../../../arm-none-eabi/lib/thumb/v6-m/nofp/libcr_newlib_semihost.a(syscalls.o)
 .text.findslot
                0x0000000000002918       0x24 /usr/local/mcuxpressoide-11.2.1_4149/ide/plugins/com.nxp.mcuxpresso.tools.linux_11.2.0.202001021529/tools/bin/../lib/gcc/arm-none-eabi/9.2.1/../../../../arm-none-eabi/lib/thumb/v6-m/nofp/libcr_newlib_semihost.a(syscalls.o)
 .text.checkerror
                0x000000000000293c       0x20 /usr/local/mcuxpressoide-11.2.1_4149/ide/plugins/com.nxp.mcuxpresso.tools.linux_11.2.0.202001021529/tools/bin/../lib/gcc/arm-none-eabi/9.2.1/../../../../arm-none-eabi/lib/thumb/v6-m/nofp/libcr_newlib_semihost.a(syscalls.o)
 .text._swiread
                0x000000000000295c       0x20 /usr/local/mcuxpressoide-11.2.1_4149/ide/plugins/com.nxp.mcuxpresso.tools.linux_11.2.0.202001021529/tools/bin/../lib/gcc/arm-none-eabi/9.2.1/../../../../arm-none-eabi/lib/thumb/v6-m/nofp/libcr_newlib_semihost.a(syscalls.o)
                0x000000000000295c                _swiread
 .text._read    0x000000000000297c       0x34 /usr/local/mcuxpressoide-11.2.1_4149/ide/plugins/com.nxp.mcuxpresso.tools.linux_11.2.0.202001021529/tools/bin/../lib/gcc/arm-none-eabi/9.2.1/../../../../arm-none-eabi/lib/thumb/v6-m/nofp/libcr_newlib_semihost.a(syscalls.o)
                0x000000000000297c                _read
 .text._swilseek
                0x00000000000029b0       0x76 /usr/local/mcuxpressoide-11.2.1_4149/ide/plugins/com.nxp.mcuxpresso.tools.linux_11.2.0.202001021529/tools/bin/../lib/gcc/arm-none-eabi/9.2.1/../../../../arm-none-eabi/lib/thumb/v6-m/nofp/libcr_newlib_semihost.a(syscalls.o)
                0x00000000000029b0                _swilseek
 .text._lseek   0x0000000000002a26        0x8 /usr/local/mcuxpressoide-11.2.1_4149/ide/plugins/com.nxp.mcuxpresso.tools.linux_11.2.0.202001021529/tools/bin/../lib/gcc/arm-none-eabi/9.2.1/../../../../arm-none-eabi/lib/thumb/v6-m/nofp/libcr_newlib_semihost.a(syscalls.o)
                0x0000000000002a26                _lseek
 .text._swiwrite
                0x0000000000002a2e       0x20 /usr/local/mcuxpressoide-11.2.1_4149/ide/plugins/com.nxp.mcuxpresso.tools.linux_11.2.0.202001021529/tools/bin/../lib/gcc/arm-none-eabi/9.2.1/../../../../arm-none-eabi/lib/thumb/v6-m/nofp/libcr_newlib_semihost.a(syscalls.o)
                0x0000000000002a2e                _swiwrite
 .text._write   0x0000000000002a4e       0x3e /usr/local/mcuxpressoide-11.2.1_4149/ide/plugins/com.nxp.mcuxpresso.tools.linux_11.2.0.202001021529/tools/bin/../lib/gcc/arm-none-eabi/9.2.1/../../../../arm-none-eabi/lib/thumb/v6-m/nofp/libcr_newlib_semihost.a(syscalls.o)
                0x0000000000002a4e                _write
 .text._swiclose
                0x0000000000002a8c       0x18 /usr/local/mcuxpressoide-11.2.1_4149/ide/plugins/com.nxp.mcuxpresso.tools.linux_11.2.0.202001021529/tools/bin/../lib/gcc/arm-none-eabi/9.2.1/../../../../arm-none-eabi/lib/thumb/v6-m/nofp/libcr_newlib_semihost.a(syscalls.o)
                0x0000000000002a8c                _swiclose
 .text._close   0x0000000000002aa4       0x4c /usr/local/mcuxpressoide-11.2.1_4149/ide/plugins/com.nxp.mcuxpresso.tools.linux_11.2.0.202001021529/tools/bin/../lib/gcc/arm-none-eabi/9.2.1/../../../../arm-none-eabi/lib/thumb/v6-m/nofp/libcr_newlib_semihost.a(syscalls.o)
                0x0000000000002aa4                _close
 .text._swistat
                0x0000000000002af0       0x44 /usr/local/mcuxpressoide-11.2.1_4149/ide/plugins/com.nxp.mcuxpresso.tools.linux_11.2.0.202001021529/tools/bin/../lib/gcc/arm-none-eabi/9.2.1/../../../../arm-none-eabi/lib/thumb/v6-m/nofp/libcr_newlib_semihost.a(syscalls.o)
                0x0000000000002af0                _swistat
 .text._fstat   0x0000000000002b34       0x1a /usr/local/mcuxpressoide-11.2.1_4149/ide/plugins/com.nxp.mcuxpresso.tools.linux_11.2.0.202001021529/tools/bin/../lib/gcc/arm-none-eabi/9.2.1/../../../../arm-none-eabi/lib/thumb/v6-m/nofp/libcr_newlib_semihost.a(syscalls.o)
                0x0000000000002b34                _fstat
 .text._isatty  0x0000000000002b4e       0x28 /usr/local/mcuxpressoide-11.2.1_4149/ide/plugins/com.nxp.mcuxpresso.tools.linux_11.2.0.202001021529/tools/bin/../lib/gcc/arm-none-eabi/9.2.1/../../../../arm-none-eabi/lib/thumb/v6-m/nofp/libcr_newlib_semihost.a(syscalls.o)
                0x0000000000002b4e                _isatty
 *fill*         0x0000000000002b76        0x2 ff
 .text.__check_heap_overflow
                0x0000000000002b78       0x14 /usr/local/mcuxpressoide-11.2.1_4149/ide/plugins/com.nxp.mcuxpresso.tools.linux_11.2.0.202001021529/tools/bin/../lib/gcc/arm-none-eabi/9.2.1/../../../../arm-none-eabi/lib/thumb/v6-m/nofp/libcr_newlib_semihost.a(_cr_check_heap.o)
                0x0000000000002b78                __check_heap_overflow
 .text          0x0000000000002b8c       0x14 /usr/local/mcuxpressoide-11.2.1_4149/ide/plugins/com.nxp.mcuxpresso.tools.linux_11.2.0.202001021529/tools/bin/../lib/gcc/arm-none-eabi/9.2.1/thumb/v6-m/nofp/libgcc.a(_thumb1_case_shi.o)
                0x0000000000002b8c                __gnu_thumb1_case_shi
 .text.__errno  0x0000000000002ba0        0xc /usr/local/mcuxpressoide-11.2.1_4149/ide/plugins/com.nxp.mcuxpresso.tools.linux_11.2.0.202001021529/tools/bin/../lib/gcc/arm-none-eabi/9.2.1/../../../../arm-none-eabi/lib/thumb/v6-m/nofp/libc_nano.a(lib_a-errno.o)
                0x0000000000002ba0                __errno
 */tasks.o(.rodata*)
 .rodata.vTaskStartScheduler.str1.4
                0x0000000000002bac        0x5 ./freertos/src/tasks.o
 *fill*         0x0000000000002bb1        0x3 ff
 .rodata.vTaskList.str1.4
                0x0000000000002bb4        0x3 ./freertos/src/tasks.o
 *fill*         0x0000000000002bb7        0x1 ff
 .rodata.prvListTaskWithinSingleList.str1.4
                0x0000000000002bb8       0x12 ./freertos/src/tasks.o
 *fill*         0x0000000000002bca        0x2 ff
 .rodata.ucExpectedStackBytes.7628
                0x0000000000002bcc       0x14 ./freertos/src/tasks.o
 *(.rodata .rodata.* .constdata .constdata.*)
 .rodata.vApplicationMallocFailedHook.str1.4
                0x0000000000002be0       0x26 ./freertos/src/FreeRTOSCommonHooks.o
 *fill*         0x0000000000002c06        0x2 ff
 .rodata.vApplicationStackOverflowHook.str1.4
                0x0000000000002c08       0x30 ./freertos/src/FreeRTOSCommonHooks.o
 .rodata.blinkLed.str1.4
                0x0000000000002c38       0x13 ./example/src/freertos_blinky.o
 *fill*         0x0000000000002c4b        0x1 ff
 .rodata.main.str1.4
                0x0000000000002c4c       0x30 ./example/src/freertos_blinky.o
 .rodata.CAN_rx.str1.4
                0x0000000000002c7c        0xf ./example/CAN/can.o
 *fill*         0x0000000000002c8b        0x1 ff
 .rodata.CAN_tx.str1.4
                0x0000000000002c8c        0xf ./example/CAN/can.o
 *fill*         0x0000000000002c9b        0x1 ff
 .rodata        0x0000000000002c9c       0x20 ./example/CAN/can.o
 .rodata.OscRateIn
                0x0000000000002cbc        0x4 /home/ryu/Workspace/facultate/CAN/PROJECT/developing/nxp_lpcxpresso_11c24_board_lib/Debug/libnxp_lpcxpresso_11c24_board_lib.a(board.o)
                0x0000000000002cbc                OscRateIn
 .rodata.pinmuxing
                0x0000000000002cc0       0x28 /home/ryu/Workspace/facultate/CAN/PROJECT/developing/nxp_lpcxpresso_11c24_board_lib/Debug/libnxp_lpcxpresso_11c24_board_lib.a(board_sysinit.o)
 .rodata.wdtOSCRate
                0x0000000000002ce8       0x40 /home/ryu/Workspace/facultate/CAN/PROJECT/developing/lpc_chip_11cxx_lib/Debug/liblpc_chip_11cxx_lib.a(clock_11xx.o)
 .rodata.__sf_fake_stderr
                0x0000000000002d28       0x20 /usr/local/mcuxpressoide-11.2.1_4149/ide/plugins/com.nxp.mcuxpresso.tools.linux_11.2.0.202001021529/tools/bin/../lib/gcc/arm-none-eabi/9.2.1/../../../../arm-none-eabi/lib/thumb/v6-m/nofp/libc_nano.a(lib_a-findfp.o)
                0x0000000000002d28                __sf_fake_stderr
 .rodata.__sf_fake_stdin
                0x0000000000002d48       0x20 /usr/local/mcuxpressoide-11.2.1_4149/ide/plugins/com.nxp.mcuxpresso.tools.linux_11.2.0.202001021529/tools/bin/../lib/gcc/arm-none-eabi/9.2.1/../../../../arm-none-eabi/lib/thumb/v6-m/nofp/libc_nano.a(lib_a-findfp.o)
                0x0000000000002d48                __sf_fake_stdin
 .rodata.__sf_fake_stdout
                0x0000000000002d68       0x20 /usr/local/mcuxpressoide-11.2.1_4149/ide/plugins/com.nxp.mcuxpresso.tools.linux_11.2.0.202001021529/tools/bin/../lib/gcc/arm-none-eabi/9.2.1/../../../../arm-none-eabi/lib/thumb/v6-m/nofp/libc_nano.a(lib_a-findfp.o)
                0x0000000000002d68                __sf_fake_stdout
 .rodata._global_impure_ptr
                0x0000000000002d88        0x4 /usr/local/mcuxpressoide-11.2.1_4149/ide/plugins/com.nxp.mcuxpresso.tools.linux_11.2.0.202001021529/tools/bin/../lib/gcc/arm-none-eabi/9.2.1/../../../../arm-none-eabi/lib/thumb/v6-m/nofp/libc_nano.a(lib_a-impure.o)
                0x0000000000002d88                _global_impure_ptr
 .rodata._vfprintf_r.str1.1
                0x0000000000002d8c       0x11 /usr/local/mcuxpressoide-11.2.1_4149/ide/plugins/com.nxp.mcuxpresso.tools.linux_11.2.0.202001021529/tools/bin/../lib/gcc/arm-none-eabi/9.2.1/../../../../arm-none-eabi/lib/thumb/v6-m/nofp/libc_nano.a(lib_a-nano-vfprintf.o)
 .rodata._printf_i.str1.1
                0x0000000000002d9d       0x22 /usr/local/mcuxpressoide-11.2.1_4149/ide/plugins/com.nxp.mcuxpresso.tools.linux_11.2.0.202001021529/tools/bin/../lib/gcc/arm-none-eabi/9.2.1/../../../../arm-none-eabi/lib/thumb/v6-m/nofp/libc_nano.a(lib_a-nano-vfprintf_i.o)
 .rodata.initialise_monitor_handles.str1.1
                0x0000000000002dbf        0x4 /usr/local/mcuxpressoide-11.2.1_4149/ide/plugins/com.nxp.mcuxpresso.tools.linux_11.2.0.202001021529/tools/bin/../lib/gcc/arm-none-eabi/9.2.1/../../../../arm-none-eabi/lib/thumb/v6-m/nofp/libcr_newlib_semihost.a(syscalls.o)
                0x0000000000002dc4                . = ALIGN (0x4)
 *fill*         0x0000000000002dc3        0x1 ff

.glue_7         0x0000000000002dc4        0x0
 .glue_7        0x0000000000002dc4        0x0 linker stubs

.glue_7t        0x0000000000002dc4        0x0
 .glue_7t       0x0000000000002dc4        0x0 linker stubs

.vfp11_veneer   0x0000000000002dc4        0x0
 .vfp11_veneer  0x0000000000002dc4        0x0 linker stubs

.v4_bx          0x0000000000002dc4        0x0
 .v4_bx         0x0000000000002dc4        0x0 linker stubs

.iplt           0x0000000000002dc4        0x0
 .iplt          0x0000000000002dc4        0x0 ./freertos/src/FreeRTOSCommonHooks.o

.rel.dyn        0x0000000000002dc4        0x0
 .rel.iplt      0x0000000000002dc4        0x0 ./freertos/src/FreeRTOSCommonHooks.o

.ARM.extab
 *(.ARM.extab* .gnu.linkonce.armextab.*)

.ARM.exidx      0x0000000000002dc4        0x0
                0x0000000000002dc4                __exidx_start = .
 *(.ARM.exidx* .gnu.linkonce.armexidx.*)
                0x0000000000002dc4                __exidx_end = .
                0x0000000000002dc4                _etext = .

.uninit_RESERVED
                0x0000000010000000        0x0
                0x0000000010000000                _start_uninit_RESERVED = .
 *(.bss.$RESERVED*)
                0x0000000010000000                . = ALIGN (0x4)
                0x0000000010000000                _end_uninit_RESERVED = .

.data           0x0000000010000000       0x6c load address 0x0000000000002dc4
 FILL mask 0xff
                0x0000000010000000                _data = .
                [!provide]                        PROVIDE (__start_data_RAM = .)
                [!provide]                        PROVIDE (__start_data_RamLoc8 = .)
 *(vtable)
 *(.ramfunc*)
 *(CodeQuickAccess)
 *(DataQuickAccess)
 *(RamFunction)
 *(.data*)
 .data.uxCriticalNesting
                0x0000000010000000        0x4 ./freertos/src/port.o
 .data.xNextTaskUnblockTime
                0x0000000010000004        0x4 ./freertos/src/tasks.o
 .data._impure_ptr
                0x0000000010000008        0x4 /usr/local/mcuxpressoide-11.2.1_4149/ide/plugins/com.nxp.mcuxpresso.tools.linux_11.2.0.202001021529/tools/bin/../lib/gcc/arm-none-eabi/9.2.1/../../../../arm-none-eabi/lib/thumb/v6-m/nofp/libc_nano.a(lib_a-impure.o)
                0x0000000010000008                _impure_ptr
 .data.impure_data
                0x000000001000000c       0x60 /usr/local/mcuxpressoide-11.2.1_4149/ide/plugins/com.nxp.mcuxpresso.tools.linux_11.2.0.202001021529/tools/bin/../lib/gcc/arm-none-eabi/9.2.1/../../../../arm-none-eabi/lib/thumb/v6-m/nofp/libc_nano.a(lib_a-impure.o)
                0x000000001000006c                . = ALIGN (0x4)
                0x000000001000006c                _edata = .
                [!provide]                        PROVIDE (__end_data_RAM = .)
                [!provide]                        PROVIDE (__end_data_RamLoc8 = .)

.igot.plt       0x000000001000006c        0x0 load address 0x0000000000002e30
 .igot.plt      0x000000001000006c        0x0 ./freertos/src/FreeRTOSCommonHooks.o

.bss            0x000000001000006c      0x7b0
                0x000000001000006c                _bss = .
                [!provide]                        PROVIDE (__start_bss_RAM = .)
                [!provide]                        PROVIDE (__start_bss_RamLoc8 = .)
 *(.bss*)
 .bss.ucHeap    0x000000001000006c      0x600 ./freertos/src/heap_1.o
 .bss.xNextFreeByte
                0x000000001000066c        0x4 ./freertos/src/heap_1.o
 .bss.pucAlignedHeap.7221
                0x0000000010000670        0x4 ./freertos/src/heap_1.o
 .bss.pxCurrentTCB
                0x0000000010000674        0x4 ./freertos/src/tasks.o
                0x0000000010000674                pxCurrentTCB
 .bss.pxReadyTasksLists
                0x0000000010000678       0xa0 ./freertos/src/tasks.o
 .bss.xDelayedTaskList1
                0x0000000010000718       0x14 ./freertos/src/tasks.o
 .bss.xDelayedTaskList2
                0x000000001000072c       0x14 ./freertos/src/tasks.o
 .bss.pxDelayedTaskList
                0x0000000010000740        0x4 ./freertos/src/tasks.o
 .bss.pxOverflowDelayedTaskList
                0x0000000010000744        0x4 ./freertos/src/tasks.o
 .bss.xPendingReadyList
                0x0000000010000748       0x14 ./freertos/src/tasks.o
 .bss.xTasksWaitingTermination
                0x000000001000075c       0x14 ./freertos/src/tasks.o
 .bss.uxTasksDeleted
                0x0000000010000770        0x4 ./freertos/src/tasks.o
 .bss.xSuspendedTaskList
                0x0000000010000774       0x14 ./freertos/src/tasks.o
 .bss.uxCurrentNumberOfTasks
                0x0000000010000788        0x4 ./freertos/src/tasks.o
 .bss.xTickCount
                0x000000001000078c        0x4 ./freertos/src/tasks.o
 .bss.uxTopUsedPriority
                0x0000000010000790        0x4 ./freertos/src/tasks.o
 .bss.uxTopReadyPriority
                0x0000000010000794        0x4 ./freertos/src/tasks.o
 .bss.xSchedulerRunning
                0x0000000010000798        0x4 ./freertos/src/tasks.o
 .bss.uxSchedulerSuspended
                0x000000001000079c        0x4 ./freertos/src/tasks.o
 .bss.uxMissedTicks
                0x00000000100007a0        0x4 ./freertos/src/tasks.o
 .bss.xMissedYield
                0x00000000100007a4        0x4 ./freertos/src/tasks.o
 .bss.xNumOfOverflows
                0x00000000100007a8        0x4 ./freertos/src/tasks.o
 .bss.uxTaskNumber
                0x00000000100007ac        0x4 ./freertos/src/tasks.o
 .bss.__malloc_free_list
                0x00000000100007b0        0x4 /usr/local/mcuxpressoide-11.2.1_4149/ide/plugins/com.nxp.mcuxpresso.tools.linux_11.2.0.202001021529/tools/bin/../lib/gcc/arm-none-eabi/9.2.1/../../../../arm-none-eabi/lib/thumb/v6-m/nofp/libc_nano.a(lib_a-nano-mallocr.o)
                0x00000000100007b0                __malloc_free_list
 .bss.__malloc_sbrk_start
                0x00000000100007b4        0x4 /usr/local/mcuxpressoide-11.2.1_4149/ide/plugins/com.nxp.mcuxpresso.tools.linux_11.2.0.202001021529/tools/bin/../lib/gcc/arm-none-eabi/9.2.1/../../../../arm-none-eabi/lib/thumb/v6-m/nofp/libc_nano.a(lib_a-nano-mallocr.o)
                0x00000000100007b4                __malloc_sbrk_start
 .bss.__end_of_heap
                0x00000000100007b8        0x4 /usr/local/mcuxpressoide-11.2.1_4149/ide/plugins/com.nxp.mcuxpresso.tools.linux_11.2.0.202001021529/tools/bin/../lib/gcc/arm-none-eabi/9.2.1/../../../../arm-none-eabi/lib/thumb/v6-m/nofp/libcr_newlib_semihost.a(_cr_sbrk.o)
                0x00000000100007b8                __end_of_heap
 .bss.initialized.5714
                0x00000000100007bc        0x4 /usr/local/mcuxpressoide-11.2.1_4149/ide/plugins/com.nxp.mcuxpresso.tools.linux_11.2.0.202001021529/tools/bin/../lib/gcc/arm-none-eabi/9.2.1/../../../../arm-none-eabi/lib/thumb/v6-m/nofp/libcr_newlib_semihost.a(syscalls.o)
 .bss.monitor_stderr
                0x00000000100007c0        0x4 /usr/local/mcuxpressoide-11.2.1_4149/ide/plugins/com.nxp.mcuxpresso.tools.linux_11.2.0.202001021529/tools/bin/../lib/gcc/arm-none-eabi/9.2.1/../../../../arm-none-eabi/lib/thumb/v6-m/nofp/libcr_newlib_semihost.a(syscalls.o)
 .bss.monitor_stdin
                0x00000000100007c4        0x4 /usr/local/mcuxpressoide-11.2.1_4149/ide/plugins/com.nxp.mcuxpresso.tools.linux_11.2.0.202001021529/tools/bin/../lib/gcc/arm-none-eabi/9.2.1/../../../../arm-none-eabi/lib/thumb/v6-m/nofp/libcr_newlib_semihost.a(syscalls.o)
 .bss.monitor_stdout
                0x00000000100007c8        0x4 /usr/local/mcuxpressoide-11.2.1_4149/ide/plugins/com.nxp.mcuxpresso.tools.linux_11.2.0.202001021529/tools/bin/../lib/gcc/arm-none-eabi/9.2.1/../../../../arm-none-eabi/lib/thumb/v6-m/nofp/libcr_newlib_semihost.a(syscalls.o)
 .bss.openfiles
                0x00000000100007cc       0x28 /usr/local/mcuxpressoide-11.2.1_4149/ide/plugins/com.nxp.mcuxpresso.tools.linux_11.2.0.202001021529/tools/bin/../lib/gcc/arm-none-eabi/9.2.1/../../../../arm-none-eabi/lib/thumb/v6-m/nofp/libcr_newlib_semihost.a(syscalls.o)
 *(COMMON)
 COMMON         0x00000000100007f4       0x14 ./example/CAN/can.o
                0x00000000100007f4                msg_obj
 COMMON         0x0000000010000808        0x4 /home/ryu/Workspace/facultate/CAN/PROJECT/developing/lpc_chip_11cxx_lib/Debug/liblpc_chip_11cxx_lib.a(chip_11xx.o)
                0x0000000010000808                SystemCoreClock
 COMMON         0x000000001000080c        0x9 /usr/local/mcuxpressoide-11.2.1_4149/ide/plugins/com.nxp.mcuxpresso.tools.linux_11.2.0.202001021529/tools/bin/../lib/gcc/arm-none-eabi/9.2.1/../../../../arm-none-eabi/lib/thumb/v6-m/nofp/libc_nano.a(lib_a-lock.o)
                0x000000001000080c                __lock___atexit_recursive_mutex
                0x000000001000080d                __lock___arc4random_mutex
                0x000000001000080e                __lock___env_recursive_mutex
                0x000000001000080f                __lock___sinit_recursive_mutex
                0x0000000010000810                __lock___malloc_recursive_mutex
                0x0000000010000811                __lock___at_quick_exit_mutex
                0x0000000010000812                __lock___dd_hash_mutex
                0x0000000010000813                __lock___tz_mutex
                0x0000000010000814                __lock___sfp_recursive_mutex
 *fill*         0x0000000010000815        0x3 
 COMMON         0x0000000010000818        0x4 /usr/local/mcuxpressoide-11.2.1_4149/ide/plugins/com.nxp.mcuxpresso.tools.linux_11.2.0.202001021529/tools/bin/../lib/gcc/arm-none-eabi/9.2.1/../../../../arm-none-eabi/lib/thumb/v6-m/nofp/libc_nano.a(lib_a-reent.o)
                0x0000000010000818                errno
                0x000000001000081c                . = ALIGN (0x4)
                0x000000001000081c                _ebss = .
                [!provide]                        PROVIDE (__end_bss_RAM = .)
                [!provide]                        PROVIDE (__end_bss_RamLoc8 = .)
                [!provide]                        PROVIDE (end = .)

.noinit         0x000000001000081c        0x0
                0x000000001000081c                _noinit = .
                [!provide]                        PROVIDE (__start_noinit_RAM = .)
                [!provide]                        PROVIDE (__start_noinit_RamLoc8 = .)
 *(.noinit*)
                0x000000001000081c                . = ALIGN (0x4)
                0x000000001000081c                _end_noinit = .
                [!provide]                        PROVIDE (__end_noinit_RAM = .)
                [!provide]                        PROVIDE (__end_noinit_RamLoc8 = .)
                0x000000001000081c                PROVIDE (_pvHeapStart = DEFINED (__user_heap_base)?__user_heap_base:.)
                0x0000000010002000                PROVIDE (_vStackTop = DEFINED (__user_stack_top)?__user_stack_top:(__top_RamLoc8 - 0x0))
                [!provide]                        PROVIDE (__valid_user_code_checksum = (0x0 - (((_vStackTop + (ResetISR + 0x1)) + (DEFINED (NMI_Handler)?NMI_Handler:M0_NMI_Handler + 0x1)) + (DEFINED (HardFault_Handler)?HardFault_Handler:M0_HardFault_Handler + 0x1))))
                0x0000000000000000                _image_start = LOADADDR (.text)
                0x0000000000002e30                _image_end = (LOADADDR (.data) + SIZEOF (.data))
                0x0000000000002e30                _image_size = (_image_end - _image_start)
OUTPUT(nxp_lpcxpresso_11c24_freertos_blinky.axf elf32-littlearm)

.debug_info     0x0000000000000000     0xb58b
 .debug_info    0x0000000000000000      0xa3e ./freertos/src/FreeRTOSCommonHooks.o
 .debug_info    0x0000000000000a3e      0xa55 ./freertos/src/heap_1.o
 .debug_info    0x0000000000001493      0xb9b ./freertos/src/list.o
 .debug_info    0x000000000000202e      0xab6 ./freertos/src/port.o
 .debug_info    0x0000000000002ae4     0x18c2 ./freertos/src/tasks.o
 .debug_info    0x00000000000043a6      0x2aa ./example/src/cr_startup_lpc11xx.o
 .debug_info    0x0000000000004650      0xeaa ./example/src/freertos_blinky.o
 .debug_info    0x00000000000054fa      0x974 ./example/src/sysinit.o
 .debug_info    0x0000000000005e6e     0x16e2 ./example/CAN/can.o
 .debug_info    0x0000000000007550     0x10f4 /home/ryu/Workspace/facultate/CAN/PROJECT/developing/nxp_lpcxpresso_11c24_board_lib/Debug/libnxp_lpcxpresso_11c24_board_lib.a(board.o)
 .debug_info    0x0000000000008644     0x1357 /home/ryu/Workspace/facultate/CAN/PROJECT/developing/nxp_lpcxpresso_11c24_board_lib/Debug/libnxp_lpcxpresso_11c24_board_lib.a(board_sysinit.o)
 .debug_info    0x000000000000999b       0xe0 /home/ryu/Workspace/facultate/CAN/PROJECT/developing/lpc_chip_11cxx_lib/Debug/liblpc_chip_11cxx_lib.a(chip_11xx.o)
 .debug_info    0x0000000000009a7b      0x914 /home/ryu/Workspace/facultate/CAN/PROJECT/developing/lpc_chip_11cxx_lib/Debug/liblpc_chip_11cxx_lib.a(clock_11xx.o)
 .debug_info    0x000000000000a38f      0xc11 /home/ryu/Workspace/facultate/CAN/PROJECT/developing/lpc_chip_11cxx_lib/Debug/liblpc_chip_11cxx_lib.a(gpio_11xx_2.o)
 .debug_info    0x000000000000afa0      0x5eb /home/ryu/Workspace/facultate/CAN/PROJECT/developing/lpc_chip_11cxx_lib/Debug/liblpc_chip_11cxx_lib.a(sysctl_11xx.o)

.debug_abbrev   0x0000000000000000     0x1ee9
 .debug_abbrev  0x0000000000000000      0x23b ./freertos/src/FreeRTOSCommonHooks.o
 .debug_abbrev  0x000000000000023b      0x240 ./freertos/src/heap_1.o
 .debug_abbrev  0x000000000000047b      0x1f7 ./freertos/src/list.o
 .debug_abbrev  0x0000000000000672      0x24b ./freertos/src/port.o
 .debug_abbrev  0x00000000000008bd      0x331 ./freertos/src/tasks.o
 .debug_abbrev  0x0000000000000bee      0x117 ./example/src/cr_startup_lpc11xx.o
 .debug_abbrev  0x0000000000000d05      0x1ea ./example/src/freertos_blinky.o
 .debug_abbrev  0x0000000000000eef      0x194 ./example/src/sysinit.o
 .debug_abbrev  0x0000000000001083      0x2e7 ./example/CAN/can.o
 .debug_abbrev  0x000000000000136a      0x300 /home/ryu/Workspace/facultate/CAN/PROJECT/developing/nxp_lpcxpresso_11c24_board_lib/Debug/libnxp_lpcxpresso_11c24_board_lib.a(board.o)
 .debug_abbrev  0x000000000000166a      0x2e7 /home/ryu/Workspace/facultate/CAN/PROJECT/developing/nxp_lpcxpresso_11c24_board_lib/Debug/libnxp_lpcxpresso_11c24_board_lib.a(board_sysinit.o)
 .debug_abbrev  0x0000000000001951       0x92 /home/ryu/Workspace/facultate/CAN/PROJECT/developing/lpc_chip_11cxx_lib/Debug/liblpc_chip_11cxx_lib.a(chip_11xx.o)
 .debug_abbrev  0x00000000000019e3      0x1fd /home/ryu/Workspace/facultate/CAN/PROJECT/developing/lpc_chip_11cxx_lib/Debug/liblpc_chip_11cxx_lib.a(clock_11xx.o)
 .debug_abbrev  0x0000000000001be0      0x1fe /home/ryu/Workspace/facultate/CAN/PROJECT/developing/lpc_chip_11cxx_lib/Debug/liblpc_chip_11cxx_lib.a(gpio_11xx_2.o)
 .debug_abbrev  0x0000000000001dde      0x10b /home/ryu/Workspace/facultate/CAN/PROJECT/developing/lpc_chip_11cxx_lib/Debug/liblpc_chip_11cxx_lib.a(sysctl_11xx.o)

.debug_aranges  0x0000000000000000      0x618
 .debug_aranges
                0x0000000000000000       0x40 ./freertos/src/FreeRTOSCommonHooks.o
 .debug_aranges
                0x0000000000000040       0x38 ./freertos/src/heap_1.o
 .debug_aranges
                0x0000000000000078       0x40 ./freertos/src/list.o
 .debug_aranges
                0x00000000000000b8       0x70 ./freertos/src/port.o
 .debug_aranges
                0x0000000000000128      0x150 ./freertos/src/tasks.o
 .debug_aranges
                0x0000000000000278       0x60 ./example/src/cr_startup_lpc11xx.o
 .debug_aranges
                0x00000000000002d8       0x38 ./example/src/freertos_blinky.o
 .debug_aranges
                0x0000000000000310       0x20 ./example/src/sysinit.o
 .debug_aranges
                0x0000000000000330       0x58 ./example/CAN/can.o
 .debug_aranges
                0x0000000000000388       0xa0 /home/ryu/Workspace/facultate/CAN/PROJECT/developing/nxp_lpcxpresso_11c24_board_lib/Debug/libnxp_lpcxpresso_11c24_board_lib.a(board.o)
 .debug_aranges
                0x0000000000000428       0x60 /home/ryu/Workspace/facultate/CAN/PROJECT/developing/nxp_lpcxpresso_11c24_board_lib/Debug/libnxp_lpcxpresso_11c24_board_lib.a(board_sysinit.o)
 .debug_aranges
                0x0000000000000488       0x20 /home/ryu/Workspace/facultate/CAN/PROJECT/developing/lpc_chip_11cxx_lib/Debug/liblpc_chip_11cxx_lib.a(chip_11xx.o)
 .debug_aranges
                0x00000000000004a8       0x88 /home/ryu/Workspace/facultate/CAN/PROJECT/developing/lpc_chip_11cxx_lib/Debug/liblpc_chip_11cxx_lib.a(clock_11xx.o)
 .debug_aranges
                0x0000000000000530       0xb0 /home/ryu/Workspace/facultate/CAN/PROJECT/developing/lpc_chip_11cxx_lib/Debug/liblpc_chip_11cxx_lib.a(gpio_11xx_2.o)
 .debug_aranges
                0x00000000000005e0       0x38 /home/ryu/Workspace/facultate/CAN/PROJECT/developing/lpc_chip_11cxx_lib/Debug/liblpc_chip_11cxx_lib.a(sysctl_11xx.o)

.debug_ranges   0x0000000000000000      0x528
 .debug_ranges  0x0000000000000000       0x30 ./freertos/src/FreeRTOSCommonHooks.o
 .debug_ranges  0x0000000000000030       0x28 ./freertos/src/heap_1.o
 .debug_ranges  0x0000000000000058       0x30 ./freertos/src/list.o
 .debug_ranges  0x0000000000000088       0x60 ./freertos/src/port.o
 .debug_ranges  0x00000000000000e8      0x140 ./freertos/src/tasks.o
 .debug_ranges  0x0000000000000228       0x50 ./example/src/cr_startup_lpc11xx.o
 .debug_ranges  0x0000000000000278       0x28 ./example/src/freertos_blinky.o
 .debug_ranges  0x00000000000002a0       0x10 ./example/src/sysinit.o
 .debug_ranges  0x00000000000002b0       0x48 ./example/CAN/can.o
 .debug_ranges  0x00000000000002f8       0x90 /home/ryu/Workspace/facultate/CAN/PROJECT/developing/nxp_lpcxpresso_11c24_board_lib/Debug/libnxp_lpcxpresso_11c24_board_lib.a(board.o)
 .debug_ranges  0x0000000000000388       0x50 /home/ryu/Workspace/facultate/CAN/PROJECT/developing/nxp_lpcxpresso_11c24_board_lib/Debug/libnxp_lpcxpresso_11c24_board_lib.a(board_sysinit.o)
 .debug_ranges  0x00000000000003d8       0x10 /home/ryu/Workspace/facultate/CAN/PROJECT/developing/lpc_chip_11cxx_lib/Debug/liblpc_chip_11cxx_lib.a(chip_11xx.o)
 .debug_ranges  0x00000000000003e8       0x78 /home/ryu/Workspace/facultate/CAN/PROJECT/developing/lpc_chip_11cxx_lib/Debug/liblpc_chip_11cxx_lib.a(clock_11xx.o)
 .debug_ranges  0x0000000000000460       0xa0 /home/ryu/Workspace/facultate/CAN/PROJECT/developing/lpc_chip_11cxx_lib/Debug/liblpc_chip_11cxx_lib.a(gpio_11xx_2.o)
 .debug_ranges  0x0000000000000500       0x28 /home/ryu/Workspace/facultate/CAN/PROJECT/developing/lpc_chip_11cxx_lib/Debug/liblpc_chip_11cxx_lib.a(sysctl_11xx.o)

.debug_macro    0x0000000000000000     0x725e
 .debug_macro   0x0000000000000000      0x362 ./freertos/src/FreeRTOSCommonHooks.o
 .debug_macro   0x0000000000000362      0xa96 ./freertos/src/FreeRTOSCommonHooks.o
 .debug_macro   0x0000000000000df8      0x174 ./freertos/src/FreeRTOSCommonHooks.o
 .debug_macro   0x0000000000000f6c       0x46 ./freertos/src/FreeRTOSCommonHooks.o
 .debug_macro   0x0000000000000fb2       0x22 ./freertos/src/FreeRTOSCommonHooks.o
 .debug_macro   0x0000000000000fd4       0x8e ./freertos/src/FreeRTOSCommonHooks.o
 .debug_macro   0x0000000000001062       0x51 ./freertos/src/FreeRTOSCommonHooks.o
 .debug_macro   0x00000000000010b3       0xef ./freertos/src/FreeRTOSCommonHooks.o
 .debug_macro   0x00000000000011a2       0x6a ./freertos/src/FreeRTOSCommonHooks.o
 .debug_macro   0x000000000000120c      0x1df ./freertos/src/FreeRTOSCommonHooks.o
 .debug_macro   0x00000000000013eb       0x22 ./freertos/src/FreeRTOSCommonHooks.o
 .debug_macro   0x000000000000140d       0x74 ./freertos/src/FreeRTOSCommonHooks.o
 .debug_macro   0x0000000000001481       0x10 ./freertos/src/FreeRTOSCommonHooks.o
 .debug_macro   0x0000000000001491       0x1f ./freertos/src/FreeRTOSCommonHooks.o
 .debug_macro   0x00000000000014b0       0x3a ./freertos/src/FreeRTOSCommonHooks.o
 .debug_macro   0x00000000000014ea      0x241 ./freertos/src/FreeRTOSCommonHooks.o
 .debug_macro   0x000000000000172b      0x117 ./freertos/src/FreeRTOSCommonHooks.o
 .debug_macro   0x0000000000001842       0x22 ./freertos/src/FreeRTOSCommonHooks.o
 .debug_macro   0x0000000000001864       0xb2 ./freertos/src/FreeRTOSCommonHooks.o
 .debug_macro   0x0000000000001916       0x10 ./freertos/src/FreeRTOSCommonHooks.o
 .debug_macro   0x0000000000001926      0x137 ./freertos/src/FreeRTOSCommonHooks.o
 .debug_macro   0x0000000000001a5d       0x4c ./freertos/src/FreeRTOSCommonHooks.o
 .debug_macro   0x0000000000001aa9       0x16 ./freertos/src/FreeRTOSCommonHooks.o
 .debug_macro   0x0000000000001abf      0x31a ./freertos/src/FreeRTOSCommonHooks.o
 .debug_macro   0x0000000000001dd9       0x2e ./freertos/src/FreeRTOSCommonHooks.o
 .debug_macro   0x0000000000001e07       0xb8 ./freertos/src/FreeRTOSCommonHooks.o
 .debug_macro   0x0000000000001ebf       0x11 ./freertos/src/FreeRTOSCommonHooks.o
 .debug_macro   0x0000000000001ed0       0x7c ./freertos/src/FreeRTOSCommonHooks.o
 .debug_macro   0x0000000000001f4c      0x21c ./freertos/src/FreeRTOSCommonHooks.o
 .debug_macro   0x0000000000002168      0x113 ./freertos/src/FreeRTOSCommonHooks.o
 .debug_macro   0x000000000000227b       0x1c ./freertos/src/FreeRTOSCommonHooks.o
 .debug_macro   0x0000000000002297       0x4c ./freertos/src/FreeRTOSCommonHooks.o
 .debug_macro   0x00000000000022e3       0x18 ./freertos/src/FreeRTOSCommonHooks.o
 .debug_macro   0x00000000000022fb       0x3c ./freertos/src/FreeRTOSCommonHooks.o
 .debug_macro   0x0000000000002337       0x34 ./freertos/src/FreeRTOSCommonHooks.o
 .debug_macro   0x000000000000236b       0x16 ./freertos/src/FreeRTOSCommonHooks.o
 .debug_macro   0x0000000000002381       0x35 ./freertos/src/FreeRTOSCommonHooks.o
 .debug_macro   0x00000000000023b6      0x339 ./freertos/src/FreeRTOSCommonHooks.o
 .debug_macro   0x00000000000026ef       0x10 ./freertos/src/FreeRTOSCommonHooks.o
 .debug_macro   0x00000000000026ff       0x58 ./freertos/src/FreeRTOSCommonHooks.o
 .debug_macro   0x0000000000002757       0x1f ./freertos/src/FreeRTOSCommonHooks.o
 .debug_macro   0x0000000000002776       0x43 ./freertos/src/FreeRTOSCommonHooks.o
 .debug_macro   0x00000000000027b9       0x20 ./freertos/src/FreeRTOSCommonHooks.o
 .debug_macro   0x00000000000027d9      0x1a3 ./freertos/src/FreeRTOSCommonHooks.o
 .debug_macro   0x000000000000297c       0x10 ./freertos/src/FreeRTOSCommonHooks.o
 .debug_macro   0x000000000000298c       0x1c ./freertos/src/FreeRTOSCommonHooks.o
 .debug_macro   0x00000000000029a8       0x52 ./freertos/src/FreeRTOSCommonHooks.o
 .debug_macro   0x00000000000029fa       0x40 ./freertos/src/FreeRTOSCommonHooks.o
 .debug_macro   0x0000000000002a3a       0x10 ./freertos/src/FreeRTOSCommonHooks.o
 .debug_macro   0x0000000000002a4a       0x40 ./freertos/src/FreeRTOSCommonHooks.o
 .debug_macro   0x0000000000002a8a       0xd7 ./freertos/src/FreeRTOSCommonHooks.o
 .debug_macro   0x0000000000002b61       0x1c ./freertos/src/FreeRTOSCommonHooks.o
 .debug_macro   0x0000000000002b7d       0x3d ./freertos/src/FreeRTOSCommonHooks.o
 .debug_macro   0x0000000000002bba       0x16 ./freertos/src/FreeRTOSCommonHooks.o
 .debug_macro   0x0000000000002bd0      0x145 ./freertos/src/FreeRTOSCommonHooks.o
 .debug_macro   0x0000000000002d15       0x20 ./freertos/src/FreeRTOSCommonHooks.o
 .debug_macro   0x0000000000002d35      0x115 ./freertos/src/FreeRTOSCommonHooks.o
 .debug_macro   0x0000000000002e4a       0xb1 ./freertos/src/FreeRTOSCommonHooks.o
 .debug_macro   0x0000000000002efb       0x12 ./freertos/src/FreeRTOSCommonHooks.o
 .debug_macro   0x0000000000002f0d       0x1f ./freertos/src/FreeRTOSCommonHooks.o
 .debug_macro   0x0000000000002f2c      0x1f5 ./freertos/src/FreeRTOSCommonHooks.o
 .debug_macro   0x0000000000003121       0x5e ./freertos/src/FreeRTOSCommonHooks.o
 .debug_macro   0x000000000000317f       0x57 ./freertos/src/FreeRTOSCommonHooks.o
 .debug_macro   0x00000000000031d6      0x392 ./freertos/src/heap_1.o
 .debug_macro   0x0000000000003568       0x46 ./freertos/src/heap_1.o
 .debug_macro   0x00000000000035ae       0x94 ./freertos/src/heap_1.o
 .debug_macro   0x0000000000003642       0x16 ./freertos/src/heap_1.o
 .debug_macro   0x0000000000003658      0x10e ./freertos/src/heap_1.o
 .debug_macro   0x0000000000003766       0x8d ./freertos/src/heap_1.o
 .debug_macro   0x00000000000037f3       0x57 ./freertos/src/heap_1.o
 .debug_macro   0x000000000000384a       0x16 ./freertos/src/heap_1.o
 .debug_macro   0x0000000000003860       0x29 ./freertos/src/heap_1.o
 .debug_macro   0x0000000000003889       0x1c ./freertos/src/heap_1.o
 .debug_macro   0x00000000000038a5      0x371 ./freertos/src/list.o
 .debug_macro   0x0000000000003c16      0x3a0 ./freertos/src/port.o
 .debug_macro   0x0000000000003fb6      0x433 ./freertos/src/tasks.o
 .debug_macro   0x00000000000043e9       0x97 ./freertos/src/tasks.o
 .debug_macro   0x0000000000004480       0xfd ./freertos/src/tasks.o
 .debug_macro   0x000000000000457d       0x5b ./freertos/src/tasks.o
 .debug_macro   0x00000000000045d8       0x17 ./freertos/src/tasks.o
 .debug_macro   0x00000000000045ef       0x26 ./example/src/cr_startup_lpc11xx.o
 .debug_macro   0x0000000000004615      0xa9c ./example/src/cr_startup_lpc11xx.o
 .debug_macro   0x00000000000050b1      0x381 ./example/src/freertos_blinky.o
 .debug_macro   0x0000000000005432       0x7b ./example/src/freertos_blinky.o
 .debug_macro   0x00000000000054ad       0x22 ./example/src/freertos_blinky.o
 .debug_macro   0x00000000000054cf      0x11b ./example/src/freertos_blinky.o
 .debug_macro   0x00000000000055ea      0x2ec ./example/src/sysinit.o
 .debug_macro   0x00000000000058d6      0x2f6 ./example/CAN/can.o
 .debug_macro   0x0000000000005bcc      0x2f9 /home/ryu/Workspace/facultate/CAN/PROJECT/developing/nxp_lpcxpresso_11c24_board_lib/Debug/libnxp_lpcxpresso_11c24_board_lib.a(board.o)
 .debug_macro   0x0000000000005ec5      0xa8a /home/ryu/Workspace/facultate/CAN/PROJECT/developing/nxp_lpcxpresso_11c24_board_lib/Debug/libnxp_lpcxpresso_11c24_board_lib.a(board.o)
 .debug_macro   0x000000000000694f       0x12 /home/ryu/Workspace/facultate/CAN/PROJECT/developing/nxp_lpcxpresso_11c24_board_lib/Debug/libnxp_lpcxpresso_11c24_board_lib.a(board.o)
 .debug_macro   0x0000000000006961      0x317 /home/ryu/Workspace/facultate/CAN/PROJECT/developing/nxp_lpcxpresso_11c24_board_lib/Debug/libnxp_lpcxpresso_11c24_board_lib.a(board_sysinit.o)
 .debug_macro   0x0000000000006c78      0x16f /home/ryu/Workspace/facultate/CAN/PROJECT/developing/lpc_chip_11cxx_lib/Debug/liblpc_chip_11cxx_lib.a(chip_11xx.o)
 .debug_macro   0x0000000000006de7      0x16f /home/ryu/Workspace/facultate/CAN/PROJECT/developing/lpc_chip_11cxx_lib/Debug/liblpc_chip_11cxx_lib.a(clock_11xx.o)
 .debug_macro   0x0000000000006f56      0x16f /home/ryu/Workspace/facultate/CAN/PROJECT/developing/lpc_chip_11cxx_lib/Debug/liblpc_chip_11cxx_lib.a(gpio_11xx_2.o)
 .debug_macro   0x00000000000070c5      0x199 /home/ryu/Workspace/facultate/CAN/PROJECT/developing/lpc_chip_11cxx_lib/Debug/liblpc_chip_11cxx_lib.a(sysctl_11xx.o)

.debug_line     0x0000000000000000     0x7a02
 .debug_line    0x0000000000000000      0x891 ./freertos/src/FreeRTOSCommonHooks.o
 .debug_line    0x0000000000000891      0x8bb ./freertos/src/heap_1.o
 .debug_line    0x000000000000114c      0x917 ./freertos/src/list.o
 .debug_line    0x0000000000001a63      0x947 ./freertos/src/port.o
 .debug_line    0x00000000000023aa     0x13e3 ./freertos/src/tasks.o
 .debug_line    0x000000000000378d      0x215 ./example/src/cr_startup_lpc11xx.o
 .debug_line    0x00000000000039a2      0x932 ./example/src/freertos_blinky.o
 .debug_line    0x00000000000042d4      0x6b9 ./example/src/sysinit.o
 .debug_line    0x000000000000498d      0x830 ./example/CAN/can.o
 .debug_line    0x00000000000051bd      0x8a7 /home/ryu/Workspace/facultate/CAN/PROJECT/developing/nxp_lpcxpresso_11c24_board_lib/Debug/libnxp_lpcxpresso_11c24_board_lib.a(board.o)
 .debug_line    0x0000000000005a64      0x852 /home/ryu/Workspace/facultate/CAN/PROJECT/developing/nxp_lpcxpresso_11c24_board_lib/Debug/libnxp_lpcxpresso_11c24_board_lib.a(board_sysinit.o)
 .debug_line    0x00000000000062b6      0x492 /home/ryu/Workspace/facultate/CAN/PROJECT/developing/lpc_chip_11cxx_lib/Debug/liblpc_chip_11cxx_lib.a(chip_11xx.o)
 .debug_line    0x0000000000006748      0x6ac /home/ryu/Workspace/facultate/CAN/PROJECT/developing/lpc_chip_11cxx_lib/Debug/liblpc_chip_11cxx_lib.a(clock_11xx.o)
 .debug_line    0x0000000000006df4      0x6fb /home/ryu/Workspace/facultate/CAN/PROJECT/developing/lpc_chip_11cxx_lib/Debug/liblpc_chip_11cxx_lib.a(gpio_11xx_2.o)
 .debug_line    0x00000000000074ef      0x513 /home/ryu/Workspace/facultate/CAN/PROJECT/developing/lpc_chip_11cxx_lib/Debug/liblpc_chip_11cxx_lib.a(sysctl_11xx.o)

.debug_str      0x0000000000000000    0x11c96
 .debug_str     0x0000000000000000     0xe22c ./freertos/src/FreeRTOSCommonHooks.o
                                       0xe506 (size before relaxing)
 .debug_str     0x000000000000e22c      0x211 ./freertos/src/heap_1.o
                                       0xe64c (size before relaxing)
 .debug_str     0x000000000000e43d      0x12e ./freertos/src/list.o
                                       0xe323 (size before relaxing)
 .debug_str     0x000000000000e56b      0x32d ./freertos/src/port.o
                                       0xe77c (size before relaxing)
 .debug_str     0x000000000000e898     0x1762 ./freertos/src/tasks.o
                                       0xfdcd (size before relaxing)
 .debug_str     0x000000000000fffa      0x27a ./example/src/cr_startup_lpc11xx.o
                                       0x2f54 (size before relaxing)
 .debug_str     0x0000000000010274      0x2fc ./example/src/freertos_blinky.o
                                       0xe78b (size before relaxing)
 .debug_str     0x0000000000010570       0x19 ./example/src/sysinit.o
                                       0xc56b (size before relaxing)
 .debug_str     0x0000000000010589      0x72f ./example/CAN/can.o
                                       0xcf61 (size before relaxing)
 .debug_str     0x0000000000010cb8      0x4bc /home/ryu/Workspace/facultate/CAN/PROJECT/developing/nxp_lpcxpresso_11c24_board_lib/Debug/libnxp_lpcxpresso_11c24_board_lib.a(board.o)
                                       0xc9b5 (size before relaxing)
 .debug_str     0x0000000000011174      0x283 /home/ryu/Workspace/facultate/CAN/PROJECT/developing/nxp_lpcxpresso_11c24_board_lib/Debug/libnxp_lpcxpresso_11c24_board_lib.a(board_sysinit.o)
                                       0xcea5 (size before relaxing)
 .debug_str     0x00000000000113f7       0x77 /home/ryu/Workspace/facultate/CAN/PROJECT/developing/lpc_chip_11cxx_lib/Debug/liblpc_chip_11cxx_lib.a(chip_11xx.o)
                                       0x7ec7 (size before relaxing)
 .debug_str     0x000000000001146e      0x447 /home/ryu/Workspace/facultate/CAN/PROJECT/developing/lpc_chip_11cxx_lib/Debug/liblpc_chip_11cxx_lib.a(clock_11xx.o)
                                       0x869b (size before relaxing)
 .debug_str     0x00000000000118b5      0x242 /home/ryu/Workspace/facultate/CAN/PROJECT/developing/lpc_chip_11cxx_lib/Debug/liblpc_chip_11cxx_lib.a(gpio_11xx_2.o)
                                       0x8583 (size before relaxing)
 .debug_str     0x0000000000011af7      0x19f /home/ryu/Workspace/facultate/CAN/PROJECT/developing/lpc_chip_11cxx_lib/Debug/liblpc_chip_11cxx_lib.a(sysctl_11xx.o)
                                       0x82e5 (size before relaxing)

.comment        0x0000000000000000       0x79
 .comment       0x0000000000000000       0x79 ./freertos/src/FreeRTOSCommonHooks.o
                                         0x7a (size before relaxing)
 .comment       0x0000000000000079       0x7a ./freertos/src/heap_1.o
 .comment       0x0000000000000079       0x7a ./freertos/src/list.o
 .comment       0x0000000000000079       0x7a ./freertos/src/port.o
 .comment       0x0000000000000079       0x7a ./freertos/src/tasks.o
 .comment       0x0000000000000079       0x7a ./example/src/cr_startup_lpc11xx.o
 .comment       0x0000000000000079       0x7a ./example/src/freertos_blinky.o
 .comment       0x0000000000000079       0x7a ./example/src/sysinit.o
 .comment       0x0000000000000079       0x7a ./example/CAN/can.o
 .comment       0x0000000000000079       0x7a /home/ryu/Workspace/facultate/CAN/PROJECT/developing/nxp_lpcxpresso_11c24_board_lib/Debug/libnxp_lpcxpresso_11c24_board_lib.a(board.o)
 .comment       0x0000000000000079       0x7a /home/ryu/Workspace/facultate/CAN/PROJECT/developing/nxp_lpcxpresso_11c24_board_lib/Debug/libnxp_lpcxpresso_11c24_board_lib.a(board_sysinit.o)
 .comment       0x0000000000000079       0x7a /home/ryu/Workspace/facultate/CAN/PROJECT/developing/lpc_chip_11cxx_lib/Debug/liblpc_chip_11cxx_lib.a(chip_11xx.o)
 .comment       0x0000000000000079       0x7a /home/ryu/Workspace/facultate/CAN/PROJECT/developing/lpc_chip_11cxx_lib/Debug/liblpc_chip_11cxx_lib.a(clock_11xx.o)
 .comment       0x0000000000000079       0x7a /home/ryu/Workspace/facultate/CAN/PROJECT/developing/lpc_chip_11cxx_lib/Debug/liblpc_chip_11cxx_lib.a(gpio_11xx_2.o)
 .comment       0x0000000000000079       0x7a /home/ryu/Workspace/facultate/CAN/PROJECT/developing/lpc_chip_11cxx_lib/Debug/liblpc_chip_11cxx_lib.a(sysctl_11xx.o)
 .comment       0x0000000000000079       0x7a /usr/local/mcuxpressoide-11.2.1_4149/ide/plugins/com.nxp.mcuxpresso.tools.linux_11.2.0.202001021529/tools/bin/../lib/gcc/arm-none-eabi/9.2.1/../../../../arm-none-eabi/lib/thumb/v6-m/nofp/libcr_newlib_semihost.a(_cr_sbrk.o)
 .comment       0x0000000000000079       0x7a /usr/local/mcuxpressoide-11.2.1_4149/ide/plugins/com.nxp.mcuxpresso.tools.linux_11.2.0.202001021529/tools/bin/../lib/gcc/arm-none-eabi/9.2.1/../../../../arm-none-eabi/lib/thumb/v6-m/nofp/libcr_newlib_semihost.a(syscalls.o)
 .comment       0x0000000000000079       0x7a /usr/local/mcuxpressoide-11.2.1_4149/ide/plugins/com.nxp.mcuxpresso.tools.linux_11.2.0.202001021529/tools/bin/../lib/gcc/arm-none-eabi/9.2.1/../../../../arm-none-eabi/lib/thumb/v6-m/nofp/libcr_newlib_semihost.a(_cr_check_heap.o)

.ARM.attributes
                0x0000000000000000       0x2a
 .ARM.attributes
                0x0000000000000000       0x2c ./freertos/src/FreeRTOSCommonHooks.o
 .ARM.attributes
                0x000000000000002c       0x2c ./freertos/src/heap_1.o
 .ARM.attributes
                0x0000000000000058       0x2c ./freertos/src/list.o
 .ARM.attributes
                0x0000000000000084       0x2c ./freertos/src/port.o
 .ARM.attributes
                0x00000000000000b0       0x2c ./freertos/src/tasks.o
 .ARM.attributes
                0x00000000000000dc       0x2c ./example/src/cr_startup_lpc11xx.o
 .ARM.attributes
                0x0000000000000108       0x2c ./example/src/freertos_blinky.o
 .ARM.attributes
                0x0000000000000134       0x2c ./example/src/sysinit.o
 .ARM.attributes
                0x0000000000000160       0x2c ./example/CAN/can.o
 .ARM.attributes
                0x000000000000018c       0x2c /home/ryu/Workspace/facultate/CAN/PROJECT/developing/nxp_lpcxpresso_11c24_board_lib/Debug/libnxp_lpcxpresso_11c24_board_lib.a(board.o)
 .ARM.attributes
                0x00000000000001b8       0x2c /home/ryu/Workspace/facultate/CAN/PROJECT/developing/nxp_lpcxpresso_11c24_board_lib/Debug/libnxp_lpcxpresso_11c24_board_lib.a(board_sysinit.o)
 .ARM.attributes
                0x00000000000001e4       0x2c /home/ryu/Workspace/facultate/CAN/PROJECT/developing/lpc_chip_11cxx_lib/Debug/liblpc_chip_11cxx_lib.a(chip_11xx.o)
 .ARM.attributes
                0x0000000000000210       0x2c /home/ryu/Workspace/facultate/CAN/PROJECT/developing/lpc_chip_11cxx_lib/Debug/liblpc_chip_11cxx_lib.a(clock_11xx.o)
 .ARM.attributes
                0x000000000000023c       0x2c /home/ryu/Workspace/facultate/CAN/PROJECT/developing/lpc_chip_11cxx_lib/Debug/liblpc_chip_11cxx_lib.a(gpio_11xx_2.o)
 .ARM.attributes
                0x0000000000000268       0x2c /home/ryu/Workspace/facultate/CAN/PROJECT/developing/lpc_chip_11cxx_lib/Debug/liblpc_chip_11cxx_lib.a(sysctl_11xx.o)
 .ARM.attributes
                0x0000000000000294       0x1e /usr/local/mcuxpressoide-11.2.1_4149/ide/plugins/com.nxp.mcuxpresso.tools.linux_11.2.0.202001021529/tools/bin/../lib/gcc/arm-none-eabi/9.2.1/thumb/v6-m/nofp/libgcc.a(_udivsi3.o)
 .ARM.attributes
                0x00000000000002b2       0x1e /usr/local/mcuxpressoide-11.2.1_4149/ide/plugins/com.nxp.mcuxpresso.tools.linux_11.2.0.202001021529/tools/bin/../lib/gcc/arm-none-eabi/9.2.1/thumb/v6-m/nofp/libgcc.a(_dvmd_tls.o)
 .ARM.attributes
                0x00000000000002d0       0x2c /usr/local/mcuxpressoide-11.2.1_4149/ide/plugins/com.nxp.mcuxpresso.tools.linux_11.2.0.202001021529/tools/bin/../lib/gcc/arm-none-eabi/9.2.1/../../../../arm-none-eabi/lib/thumb/v6-m/nofp/libc_nano.a(lib_a-memcmp.o)
 .ARM.attributes
                0x00000000000002fc       0x2c /usr/local/mcuxpressoide-11.2.1_4149/ide/plugins/com.nxp.mcuxpresso.tools.linux_11.2.0.202001021529/tools/bin/../lib/gcc/arm-none-eabi/9.2.1/../../../../arm-none-eabi/lib/thumb/v6-m/nofp/libc_nano.a(lib_a-memset.o)
 .ARM.attributes
                0x0000000000000328       0x2c /usr/local/mcuxpressoide-11.2.1_4149/ide/plugins/com.nxp.mcuxpresso.tools.linux_11.2.0.202001021529/tools/bin/../lib/gcc/arm-none-eabi/9.2.1/../../../../arm-none-eabi/lib/thumb/v6-m/nofp/libc_nano.a(lib_a-printf.o)
 .ARM.attributes
                0x0000000000000354       0x2c /usr/local/mcuxpressoide-11.2.1_4149/ide/plugins/com.nxp.mcuxpresso.tools.linux_11.2.0.202001021529/tools/bin/../lib/gcc/arm-none-eabi/9.2.1/../../../../arm-none-eabi/lib/thumb/v6-m/nofp/libc_nano.a(lib_a-puts.o)
 .ARM.attributes
                0x0000000000000380       0x2c /usr/local/mcuxpressoide-11.2.1_4149/ide/plugins/com.nxp.mcuxpresso.tools.linux_11.2.0.202001021529/tools/bin/../lib/gcc/arm-none-eabi/9.2.1/../../../../arm-none-eabi/lib/thumb/v6-m/nofp/libc_nano.a(lib_a-strncpy.o)
 .ARM.attributes
                0x00000000000003ac       0x2c /usr/local/mcuxpressoide-11.2.1_4149/ide/plugins/com.nxp.mcuxpresso.tools.linux_11.2.0.202001021529/tools/bin/../lib/gcc/arm-none-eabi/9.2.1/../../../../arm-none-eabi/lib/thumb/v6-m/nofp/libc_nano.a(lib_a-wbuf.o)
 .ARM.attributes
                0x00000000000003d8       0x2c /usr/local/mcuxpressoide-11.2.1_4149/ide/plugins/com.nxp.mcuxpresso.tools.linux_11.2.0.202001021529/tools/bin/../lib/gcc/arm-none-eabi/9.2.1/../../../../arm-none-eabi/lib/thumb/v6-m/nofp/libc_nano.a(lib_a-wsetup.o)
 .ARM.attributes
                0x0000000000000404       0x2c /usr/local/mcuxpressoide-11.2.1_4149/ide/plugins/com.nxp.mcuxpresso.tools.linux_11.2.0.202001021529/tools/bin/../lib/gcc/arm-none-eabi/9.2.1/../../../../arm-none-eabi/lib/thumb/v6-m/nofp/libc_nano.a(lib_a-fflush.o)
 .ARM.attributes
                0x0000000000000430       0x2c /usr/local/mcuxpressoide-11.2.1_4149/ide/plugins/com.nxp.mcuxpresso.tools.linux_11.2.0.202001021529/tools/bin/../lib/gcc/arm-none-eabi/9.2.1/../../../../arm-none-eabi/lib/thumb/v6-m/nofp/libc_nano.a(lib_a-findfp.o)
 .ARM.attributes
                0x000000000000045c       0x2c /usr/local/mcuxpressoide-11.2.1_4149/ide/plugins/com.nxp.mcuxpresso.tools.linux_11.2.0.202001021529/tools/bin/../lib/gcc/arm-none-eabi/9.2.1/../../../../arm-none-eabi/lib/thumb/v6-m/nofp/libc_nano.a(lib_a-fwalk.o)
 .ARM.attributes
                0x0000000000000488       0x2c /usr/local/mcuxpressoide-11.2.1_4149/ide/plugins/com.nxp.mcuxpresso.tools.linux_11.2.0.202001021529/tools/bin/../lib/gcc/arm-none-eabi/9.2.1/../../../../arm-none-eabi/lib/thumb/v6-m/nofp/libc_nano.a(lib_a-impure.o)
 .ARM.attributes
                0x00000000000004b4       0x2c /usr/local/mcuxpressoide-11.2.1_4149/ide/plugins/com.nxp.mcuxpresso.tools.linux_11.2.0.202001021529/tools/bin/../lib/gcc/arm-none-eabi/9.2.1/../../../../arm-none-eabi/lib/thumb/v6-m/nofp/libc_nano.a(lib_a-lock.o)
 .ARM.attributes
                0x00000000000004e0       0x2c /usr/local/mcuxpressoide-11.2.1_4149/ide/plugins/com.nxp.mcuxpresso.tools.linux_11.2.0.202001021529/tools/bin/../lib/gcc/arm-none-eabi/9.2.1/../../../../arm-none-eabi/lib/thumb/v6-m/nofp/libc_nano.a(lib_a-makebuf.o)
 .ARM.attributes
                0x000000000000050c       0x2c /usr/local/mcuxpressoide-11.2.1_4149/ide/plugins/com.nxp.mcuxpresso.tools.linux_11.2.0.202001021529/tools/bin/../lib/gcc/arm-none-eabi/9.2.1/../../../../arm-none-eabi/lib/thumb/v6-m/nofp/libc_nano.a(lib_a-nano-freer.o)
 .ARM.attributes
                0x0000000000000538       0x2c /usr/local/mcuxpressoide-11.2.1_4149/ide/plugins/com.nxp.mcuxpresso.tools.linux_11.2.0.202001021529/tools/bin/../lib/gcc/arm-none-eabi/9.2.1/../../../../arm-none-eabi/lib/thumb/v6-m/nofp/libc_nano.a(lib_a-nano-mallocr.o)
 .ARM.attributes
                0x0000000000000564       0x2c /usr/local/mcuxpressoide-11.2.1_4149/ide/plugins/com.nxp.mcuxpresso.tools.linux_11.2.0.202001021529/tools/bin/../lib/gcc/arm-none-eabi/9.2.1/../../../../arm-none-eabi/lib/thumb/v6-m/nofp/libc_nano.a(lib_a-nano-vfprintf.o)
 .ARM.attributes
                0x0000000000000590       0x2c /usr/local/mcuxpressoide-11.2.1_4149/ide/plugins/com.nxp.mcuxpresso.tools.linux_11.2.0.202001021529/tools/bin/../lib/gcc/arm-none-eabi/9.2.1/../../../../arm-none-eabi/lib/thumb/v6-m/nofp/libc_nano.a(lib_a-nano-vfprintf_i.o)
 .ARM.attributes
                0x00000000000005bc       0x2c /usr/local/mcuxpressoide-11.2.1_4149/ide/plugins/com.nxp.mcuxpresso.tools.linux_11.2.0.202001021529/tools/bin/../lib/gcc/arm-none-eabi/9.2.1/../../../../arm-none-eabi/lib/thumb/v6-m/nofp/libc_nano.a(lib_a-sbrkr.o)
 .ARM.attributes
                0x00000000000005e8       0x2c /usr/local/mcuxpressoide-11.2.1_4149/ide/plugins/com.nxp.mcuxpresso.tools.linux_11.2.0.202001021529/tools/bin/../lib/gcc/arm-none-eabi/9.2.1/../../../../arm-none-eabi/lib/thumb/v6-m/nofp/libc_nano.a(lib_a-stdio.o)
 .ARM.attributes
                0x0000000000000614       0x2c /usr/local/mcuxpressoide-11.2.1_4149/ide/plugins/com.nxp.mcuxpresso.tools.linux_11.2.0.202001021529/tools/bin/../lib/gcc/arm-none-eabi/9.2.1/../../../../arm-none-eabi/lib/thumb/v6-m/nofp/libc_nano.a(lib_a-writer.o)
 .ARM.attributes
                0x0000000000000640       0x2c /usr/local/mcuxpressoide-11.2.1_4149/ide/plugins/com.nxp.mcuxpresso.tools.linux_11.2.0.202001021529/tools/bin/../lib/gcc/arm-none-eabi/9.2.1/../../../../arm-none-eabi/lib/thumb/v6-m/nofp/libc_nano.a(lib_a-closer.o)
 .ARM.attributes
                0x000000000000066c       0x2c /usr/local/mcuxpressoide-11.2.1_4149/ide/plugins/com.nxp.mcuxpresso.tools.linux_11.2.0.202001021529/tools/bin/../lib/gcc/arm-none-eabi/9.2.1/../../../../arm-none-eabi/lib/thumb/v6-m/nofp/libc_nano.a(lib_a-fstatr.o)
 .ARM.attributes
                0x0000000000000698       0x2c /usr/local/mcuxpressoide-11.2.1_4149/ide/plugins/com.nxp.mcuxpresso.tools.linux_11.2.0.202001021529/tools/bin/../lib/gcc/arm-none-eabi/9.2.1/../../../../arm-none-eabi/lib/thumb/v6-m/nofp/libc_nano.a(lib_a-isattyr.o)
 .ARM.attributes
                0x00000000000006c4       0x2c /usr/local/mcuxpressoide-11.2.1_4149/ide/plugins/com.nxp.mcuxpresso.tools.linux_11.2.0.202001021529/tools/bin/../lib/gcc/arm-none-eabi/9.2.1/../../../../arm-none-eabi/lib/thumb/v6-m/nofp/libc_nano.a(lib_a-lseekr.o)
 .ARM.attributes
                0x00000000000006f0       0x2c /usr/local/mcuxpressoide-11.2.1_4149/ide/plugins/com.nxp.mcuxpresso.tools.linux_11.2.0.202001021529/tools/bin/../lib/gcc/arm-none-eabi/9.2.1/../../../../arm-none-eabi/lib/thumb/v6-m/nofp/libc_nano.a(lib_a-memchr-stub.o)
 .ARM.attributes
                0x000000000000071c       0x2c /usr/local/mcuxpressoide-11.2.1_4149/ide/plugins/com.nxp.mcuxpresso.tools.linux_11.2.0.202001021529/tools/bin/../lib/gcc/arm-none-eabi/9.2.1/../../../../arm-none-eabi/lib/thumb/v6-m/nofp/libc_nano.a(lib_a-mlock.o)
 .ARM.attributes
                0x0000000000000748       0x2c /usr/local/mcuxpressoide-11.2.1_4149/ide/plugins/com.nxp.mcuxpresso.tools.linux_11.2.0.202001021529/tools/bin/../lib/gcc/arm-none-eabi/9.2.1/../../../../arm-none-eabi/lib/thumb/v6-m/nofp/libc_nano.a(lib_a-readr.o)
 .ARM.attributes
                0x0000000000000774       0x2c /usr/local/mcuxpressoide-11.2.1_4149/ide/plugins/com.nxp.mcuxpresso.tools.linux_11.2.0.202001021529/tools/bin/../lib/gcc/arm-none-eabi/9.2.1/../../../../arm-none-eabi/lib/thumb/v6-m/nofp/libc_nano.a(lib_a-reent.o)
 .ARM.attributes
                0x00000000000007a0       0x2c /usr/local/mcuxpressoide-11.2.1_4149/ide/plugins/com.nxp.mcuxpresso.tools.linux_11.2.0.202001021529/tools/bin/../lib/gcc/arm-none-eabi/9.2.1/../../../../arm-none-eabi/lib/thumb/v6-m/nofp/libcr_newlib_semihost.a(_cr_sbrk.o)
 .ARM.attributes
                0x00000000000007cc       0x2c /usr/local/mcuxpressoide-11.2.1_4149/ide/plugins/com.nxp.mcuxpresso.tools.linux_11.2.0.202001021529/tools/bin/../lib/gcc/arm-none-eabi/9.2.1/../../../../arm-none-eabi/lib/thumb/v6-m/nofp/libcr_newlib_semihost.a(syscalls.o)
 .ARM.attributes
                0x00000000000007f8       0x2c /usr/local/mcuxpressoide-11.2.1_4149/ide/plugins/com.nxp.mcuxpresso.tools.linux_11.2.0.202001021529/tools/bin/../lib/gcc/arm-none-eabi/9.2.1/../../../../arm-none-eabi/lib/thumb/v6-m/nofp/libcr_newlib_semihost.a(_cr_check_heap.o)
 .ARM.attributes
                0x0000000000000824       0x1e /usr/local/mcuxpressoide-11.2.1_4149/ide/plugins/com.nxp.mcuxpresso.tools.linux_11.2.0.202001021529/tools/bin/../lib/gcc/arm-none-eabi/9.2.1/thumb/v6-m/nofp/libgcc.a(_thumb1_case_shi.o)
 .ARM.attributes
                0x0000000000000842       0x2c /usr/local/mcuxpressoide-11.2.1_4149/ide/plugins/com.nxp.mcuxpresso.tools.linux_11.2.0.202001021529/tools/bin/../lib/gcc/arm-none-eabi/9.2.1/../../../../arm-none-eabi/lib/thumb/v6-m/nofp/libc_nano.a(lib_a-errno.o)

.debug_frame    0x0000000000000000     0x1b4c
 .debug_frame   0x0000000000000000       0xa4 ./freertos/src/FreeRTOSCommonHooks.o
 .debug_frame   0x00000000000000a4       0x88 ./freertos/src/heap_1.o
 .debug_frame   0x000000000000012c       0xb0 ./freertos/src/list.o
 .debug_frame   0x00000000000001dc      0x128 ./freertos/src/port.o
 .debug_frame   0x0000000000000304      0x4e4 ./freertos/src/tasks.o
 .debug_frame   0x00000000000007e8       0xbc ./example/src/cr_startup_lpc11xx.o
 .debug_frame   0x00000000000008a4       0x8c ./example/src/freertos_blinky.o
 .debug_frame   0x0000000000000930       0x2c ./example/src/sysinit.o
 .debug_frame   0x000000000000095c      0x10c ./example/CAN/can.o
 .debug_frame   0x0000000000000a68      0x224 /home/ryu/Workspace/facultate/CAN/PROJECT/developing/nxp_lpcxpresso_11c24_board_lib/Debug/libnxp_lpcxpresso_11c24_board_lib.a(board.o)
 .debug_frame   0x0000000000000c8c      0x128 /home/ryu/Workspace/facultate/CAN/PROJECT/developing/nxp_lpcxpresso_11c24_board_lib/Debug/libnxp_lpcxpresso_11c24_board_lib.a(board_sysinit.o)
 .debug_frame   0x0000000000000db4       0x2c /home/ryu/Workspace/facultate/CAN/PROJECT/developing/lpc_chip_11cxx_lib/Debug/liblpc_chip_11cxx_lib.a(chip_11xx.o)
 .debug_frame   0x0000000000000de0      0x1c0 /home/ryu/Workspace/facultate/CAN/PROJECT/developing/lpc_chip_11cxx_lib/Debug/liblpc_chip_11cxx_lib.a(clock_11xx.o)
 .debug_frame   0x0000000000000fa0      0x270 /home/ryu/Workspace/facultate/CAN/PROJECT/developing/lpc_chip_11cxx_lib/Debug/liblpc_chip_11cxx_lib.a(gpio_11xx_2.o)
 .debug_frame   0x0000000000001210       0x90 /home/ryu/Workspace/facultate/CAN/PROJECT/developing/lpc_chip_11cxx_lib/Debug/liblpc_chip_11cxx_lib.a(sysctl_11xx.o)
 .debug_frame   0x00000000000012a0       0x20 /usr/local/mcuxpressoide-11.2.1_4149/ide/plugins/com.nxp.mcuxpresso.tools.linux_11.2.0.202001021529/tools/bin/../lib/gcc/arm-none-eabi/9.2.1/thumb/v6-m/nofp/libgcc.a(_udivsi3.o)
 .debug_frame   0x00000000000012c0       0x2c /usr/local/mcuxpressoide-11.2.1_4149/ide/plugins/com.nxp.mcuxpresso.tools.linux_11.2.0.202001021529/tools/bin/../lib/gcc/arm-none-eabi/9.2.1/../../../../arm-none-eabi/lib/thumb/v6-m/nofp/libc_nano.a(lib_a-memcmp.o)
 .debug_frame   0x00000000000012ec       0x20 /usr/local/mcuxpressoide-11.2.1_4149/ide/plugins/com.nxp.mcuxpresso.tools.linux_11.2.0.202001021529/tools/bin/../lib/gcc/arm-none-eabi/9.2.1/../../../../arm-none-eabi/lib/thumb/v6-m/nofp/libc_nano.a(lib_a-memset.o)