22:33:13 **** Build of configuration Debug for project lpc_chip_11cxx_lib ****
make -r all 
Building file: ../src/adc_1125.c
Invoking: MCU C Compiler
arm-none-eabi-gcc -DDEBUG -D__CODE_RED -DCORE_M0 -D__NEWLIB__ -I"/home/ryu/Workspace/facultate/CAN/PROJECT/developing/lpc_chip_11cxx_lib/inc" -O0 -g3 -Wall -c -fmessage-length=0 -fno-builtin -ffunction-sections -fdata-sections -fmerge-constants -fmacro-prefix-map="../src/"=. -mcpu=cortex-m0 -mthumb -D__NEWLIB__ -fstack-usage -specs=nano.specs -MMD -MP -MF"src/adc_1125.d" -MT"src/adc_1125.o" -MT"src/adc_1125.d" -o "src/adc_1125.o" "../src/adc_1125.c"
In file included from /home/ryu/Workspace/facultate/CAN/PROJECT/developing/lpc_chip_11cxx_lib/inc/chip.h:232,
                 from ../src/adc_1125.c:32:
/home/ryu/Workspace/facultate/CAN/PROJECT/developing/lpc_chip_11cxx_lib/inc/pmu_11xx.h:49:8: warning: missing terminating " character
   49 | #error "LPC1125 support for the PMU driver is not ready
      |        ^
Finished building: ../src/adc_1125.c
 
Building file: ../src/adc_11xx.c
Invoking: MCU C Compiler
arm-none-eabi-gcc -DDEBUG -D__CODE_RED -DCORE_M0 -D__NEWLIB__ -I"/home/ryu/Workspace/facultate/CAN/PROJECT/developing/lpc_chip_11cxx_lib/inc" -O0 -g3 -Wall -c -fmessage-length=0 -fno-builtin -ffunction-sections -fdata-sections -fmerge-constants -fmacro-prefix-map="../src/"=. -mcpu=cortex-m0 -mthumb -D__NEWLIB__ -fstack-usage -specs=nano.specs -MMD -MP -MF"src/adc_11xx.d" -MT"src/adc_11xx.o" -MT"src/adc_11xx.d" -o "src/adc_11xx.o" "../src/adc_11xx.c"
In file included from /home/ryu/Workspace/facultate/CAN/PROJECT/developing/lpc_chip_11cxx_lib/inc/chip.h:232,
                 from ../src/adc_11xx.c:32:
/home/ryu/Workspace/facultate/CAN/PROJECT/developing/lpc_chip_11cxx_lib/inc/pmu_11xx.h:49:8: warning: missing terminating " character
   49 | #error "LPC1125 support for the PMU driver is not ready
      |        ^
Finished building: ../src/adc_11xx.c
 
Building file: ../src/chip_11xx.c
Invoking: MCU C Compiler
arm-none-eabi-gcc -DDEBUG -D__CODE_RED -DCORE_M0 -D__NEWLIB__ -I"/home/ryu/Workspace/facultate/CAN/PROJECT/developing/lpc_chip_11cxx_lib/inc" -O0 -g3 -Wall -c -fmessage-length=0 -fno-builtin -ffunction-sections -fdata-sections -fmerge-constants -fmacro-prefix-map="../src/"=. -mcpu=cortex-m0 -mthumb -D__NEWLIB__ -fstack-usage -specs=nano.specs -MMD -MP -MF"src/chip_11xx.d" -MT"src/chip_11xx.o" -MT"src/chip_11xx.d" -o "src/chip_11xx.o" "../src/chip_11xx.c"
In file included from /home/ryu/Workspace/facultate/CAN/PROJECT/developing/lpc_chip_11cxx_lib/inc/chip.h:232,
                 from ../src/chip_11xx.c:32:
/home/ryu/Workspace/facultate/CAN/PROJECT/developing/lpc_chip_11cxx_lib/inc/pmu_11xx.h:49:8: warning: missing terminating " character
   49 | #error "LPC1125 support for the PMU driver is not ready
      |        ^
Finished building: ../src/chip_11xx.c
 
Building file: ../src/clock_11xx.c
Invoking: MCU C Compiler
arm-none-eabi-gcc -DDEBUG -D__CODE_RED -DCORE_M0 -D__NEWLIB__ -I"/home/ryu/Workspace/facultate/CAN/PROJECT/developing/lpc_chip_11cxx_lib/inc" -O0 -g3 -Wall -c -fmessage-length=0 -fno-builtin -ffunction-sections -fdata-sections -fmerge-constants -fmacro-prefix-map="../src/"=. -mcpu=cortex-m0 -mthumb -D__NEWLIB__ -fstack-usage -specs=nano.specs -MMD -MP -MF"src/clock_11xx.d" -MT"src/clock_11xx.o" -MT"src/clock_11xx.d" -o "src/clock_11xx.o" "../src/clock_11xx.c"
In file included from /home/ryu/Workspace/facultate/CAN/PROJECT/developing/lpc_chip_11cxx_lib/inc/chip.h:232,
                 from ../src/clock_11xx.c:29:
/home/ryu/Workspace/facultate/CAN/PROJECT/developing/lpc_chip_11cxx_lib/inc/pmu_11xx.h:49:8: warning: missing terminating " character
   49 | #error "LPC1125 support for the PMU driver is not ready
      |        ^
Finished building: ../src/clock_11xx.c
 
Building file: ../src/gpio_11xx_1.c
Invoking: MCU C Compiler
arm-none-eabi-gcc -DDEBUG -D__CODE_RED -DCORE_M0 -D__NEWLIB__ -I"/home/ryu/Workspace/facultate/CAN/PROJECT/developing/lpc_chip_11cxx_lib/inc" -O0 -g3 -Wall -c -fmessage-length=0 -fno-builtin -ffunction-sections -fdata-sections -fmerge-constants -fmacro-prefix-map="../src/"=. -mcpu=cortex-m0 -mthumb -D__NEWLIB__ -fstack-usage -specs=nano.specs -MMD -MP -MF"src/gpio_11xx_1.d" -MT"src/gpio_11xx_1.o" -MT"src/gpio_11xx_1.d" -o "src/gpio_11xx_1.o" "../src/gpio_11xx_1.c"
In file included from /home/ryu/Workspace/facultate/CAN/PROJECT/developing/lpc_chip_11cxx_lib/inc/chip.h:232,
                 from ../src/gpio_11xx_1.c:33:
/home/ryu/Workspace/facultate/CAN/PROJECT/developing/lpc_chip_11cxx_lib/inc/pmu_11xx.h:49:8: warning: missing terminating " character
   49 | #error "LPC1125 support for the PMU driver is not ready
      |        ^
Finished building: ../src/gpio_11xx_1.c
 
Building file: ../src/gpio_11xx_2.c
Invoking: MCU C Compiler
arm-none-eabi-gcc -DDEBUG -D__CODE_RED -DCORE_M0 -D__NEWLIB__ -I"/home/ryu/Workspace/facultate/CAN/PROJECT/developing/lpc_chip_11cxx_lib/inc" -O0 -g3 -Wall -c -fmessage-length=0 -fno-builtin -ffunction-sections -fdata-sections -fmerge-constants -fmacro-prefix-map="../src/"=. -mcpu=cortex-m0 -mthumb -D__NEWLIB__ -fstack-usage -specs=nano.specs -MMD -MP -MF"src/gpio_11xx_2.d" -MT"src/gpio_11xx_2.o" -MT"src/gpio_11xx_2.d" -o "src/gpio_11xx_2.o" "../src/gpio_11xx_2.c"
In file included from /home/ryu/Workspace/facultate/CAN/PROJECT/developing/lpc_chip_11cxx_lib/inc/chip.h:232,
                 from ../src/gpio_11xx_2.c:33:
/home/ryu/Workspace/facultate/CAN/PROJECT/developing/lpc_chip_11cxx_lib/inc/pmu_11xx.h:49:8: warning: missing terminating " character
   49 | #error "LPC1125 support for the PMU driver is not ready
      |        ^
Finished building: ../src/gpio_11xx_2.c
 
Building file: ../src/gpiogroup_11xx.c
Invoking: MCU C Compiler
arm-none-eabi-gcc -DDEBUG -D__CODE_RED -DCORE_M0 -D__NEWLIB__ -I"/home/ryu/Workspace/facultate/CAN/PROJECT/developing/lpc_chip_11cxx_lib/inc" -O0 -g3 -Wall -c -fmessage-length=0 -fno-builtin -ffunction-sections -fdata-sections -fmerge-constants -fmacro-prefix-map="../src/"=. -mcpu=cortex-m0 -mthumb -D__NEWLIB__ -fstack-usage -specs=nano.specs -MMD -MP -MF"src/gpiogroup_11xx.d" -MT"src/gpiogroup_11xx.o" -MT"src/gpiogroup_11xx.d" -o "src/gpiogroup_11xx.o" "../src/gpiogroup_11xx.c"
In file included from /home/ryu/Workspace/facultate/CAN/PROJECT/developing/lpc_chip_11cxx_lib/inc/chip.h:232,
                 from ../src/gpiogroup_11xx.c:33:
/home/ryu/Workspace/facultate/CAN/PROJECT/developing/lpc_chip_11cxx_lib/inc/pmu_11xx.h:49:8: warning: missing terminating " character
   49 | #error "LPC1125 support for the PMU driver is not ready
      |        ^
Finished building: ../src/gpiogroup_11xx.c
 
Building file: ../src/i2c_11xx.c
Invoking: MCU C Compiler
arm-none-eabi-gcc -DDEBUG -D__CODE_RED -DCORE_M0 -D__NEWLIB__ -I"/home/ryu/Workspace/facultate/CAN/PROJECT/developing/lpc_chip_11cxx_lib/inc" -O0 -g3 -Wall -c -fmessage-length=0 -fno-builtin -ffunction-sections -fdata-sections -fmerge-constants -fmacro-prefix-map="../src/"=. -mcpu=cortex-m0 -mthumb -D__NEWLIB__ -fstack-usage -specs=nano.specs -MMD -MP -MF"src/i2c_11xx.d" -MT"src/i2c_11xx.o" -MT"src/i2c_11xx.d" -o "src/i2c_11xx.o" "../src/i2c_11xx.c"
In file included from /home/ryu/Workspace/facultate/CAN/PROJECT/developing/lpc_chip_11cxx_lib/inc/chip.h:232,
                 from ../src/i2c_11xx.c:32:
/home/ryu/Workspace/facultate/CAN/PROJECT/developing/lpc_chip_11cxx_lib/inc/pmu_11xx.h:49:8: warning: missing terminating " character
   49 | #error "LPC1125 support for the PMU driver is not ready
      |        ^
Finished building: ../src/i2c_11xx.c
 
Building file: ../src/iocon_11xx.c
Invoking: MCU C Compiler
arm-none-eabi-gcc -DDEBUG -D__CODE_RED -DCORE_M0 -D__NEWLIB__ -I"/home/ryu/Workspace/facultate/CAN/PROJECT/developing/lpc_chip_11cxx_lib/inc" -O0 -g3 -Wall -c -fmessage-length=0 -fno-builtin -ffunction-sections -fdata-sections -fmerge-constants -fmacro-prefix-map="../src/"=. -mcpu=cortex-m0 -mthumb -D__NEWLIB__ -fstack-usage -specs=nano.specs -MMD -MP -MF"src/iocon_11xx.d" -MT"src/iocon_11xx.o" -MT"src/iocon_11xx.d" -o "src/iocon_11xx.o" "../src/iocon_11xx.c"
In file included from /home/ryu/Workspace/facultate/CAN/PROJECT/developing/lpc_chip_11cxx_lib/inc/chip.h:232,
                 from ../src/iocon_11xx.c:29:
/home/ryu/Workspace/facultate/CAN/PROJECT/developing/lpc_chip_11cxx_lib/inc/pmu_11xx.h:49:8: warning: missing terminating " character
   49 | #error "LPC1125 support for the PMU driver is not ready
      |        ^
Finished building: ../src/iocon_11xx.c
 
Building file: ../src/pinint_11xx.c
Invoking: MCU C Compiler
arm-none-eabi-gcc -DDEBUG -D__CODE_RED -DCORE_M0 -D__NEWLIB__ -I"/home/ryu/Workspace/facultate/CAN/PROJECT/developing/lpc_chip_11cxx_lib/inc" -O0 -g3 -Wall -c -fmessage-length=0 -fno-builtin -ffunction-sections -fdata-sections -fmerge-constants -fmacro-prefix-map="../src/"=. -mcpu=cortex-m0 -mthumb -D__NEWLIB__ -fstack-usage -specs=nano.specs -MMD -MP -MF"src/pinint_11xx.d" -MT"src/pinint_11xx.o" -MT"src/pinint_11xx.d" -o "src/pinint_11xx.o" "../src/pinint_11xx.c"
In file included from /home/ryu/Workspace/facultate/CAN/PROJECT/developing/lpc_chip_11cxx_lib/inc/chip.h:232,
                 from ../src/pinint_11xx.c:32:
/home/ryu/Workspace/facultate/CAN/PROJECT/developing/lpc_chip_11cxx_lib/inc/pmu_11xx.h:49:8: warning: missing terminating " character
   49 | #error "LPC1125 support for the PMU driver is not ready
      |        ^
Finished building: ../src/pinint_11xx.c
 
Building file: ../src/pmu_11xx.c
Invoking: MCU C Compiler
arm-none-eabi-gcc -DDEBUG -D__CODE_RED -DCORE_M0 -D__NEWLIB__ -I"/home/ryu/Workspace/facultate/CAN/PROJECT/developing/lpc_chip_11cxx_lib/inc" -O0 -g3 -Wall -c -fmessage-length=0 -fno-builtin -ffunction-sections -fdata-sections -fmerge-constants -fmacro-prefix-map="../src/"=. -mcpu=cortex-m0 -mthumb -D__NEWLIB__ -fstack-usage -specs=nano.specs -MMD -MP -MF"src/pmu_11xx.d" -MT"src/pmu_11xx.o" -MT"src/pmu_11xx.d" -o "src/pmu_11xx.o" "../src/pmu_11xx.c"
In file included from /home/ryu/Workspace/facultate/CAN/PROJECT/developing/lpc_chip_11cxx_lib/inc/chip.h:232,
                 from ../src/pmu_11xx.c:32:
/home/ryu/Workspace/facultate/CAN/PROJECT/developing/lpc_chip_11cxx_lib/inc/pmu_11xx.h:49:8: warning: missing terminating " character
   49 | #error "LPC1125 support for the PMU driver is not ready
      |        ^
Finished building: ../src/pmu_11xx.c
 
Building file: ../src/ring_buffer.c
Invoking: MCU C Compiler
arm-none-eabi-gcc -DDEBUG -D__CODE_RED -DCORE_M0 -D__NEWLIB__ -I"/home/ryu/Workspace/facultate/CAN/PROJECT/developing/lpc_chip_11cxx_lib/inc" -O0 -g3 -Wall -c -fmessage-length=0 -fno-builtin -ffunction-sections -fdata-sections -fmerge-constants -fmacro-prefix-map="../src/"=. -mcpu=cortex-m0 -mthumb -D__NEWLIB__ -fstack-usage -specs=nano.specs -MMD -MP -MF"src/ring_buffer.d" -MT"src/ring_buffer.o" -MT"src/ring_buffer.d" -o "src/ring_buffer.o" "../src/ring_buffer.c"
Finished building: ../src/ring_buffer.c
 
Building file: ../src/ssp_11xx.c
Invoking: MCU C Compiler
arm-none-eabi-gcc -DDEBUG -D__CODE_RED -DCORE_M0 -D__NEWLIB__ -I"/home/ryu/Workspace/facultate/CAN/PROJECT/developing/lpc_chip_11cxx_lib/inc" -O0 -g3 -Wall -c -fmessage-length=0 -fno-builtin -ffunction-sections -fdata-sections -fmerge-constants -fmacro-prefix-map="../src/"=. -mcpu=cortex-m0 -mthumb -D__NEWLIB__ -fstack-usage -specs=nano.specs -MMD -MP -MF"src/ssp_11xx.d" -MT"src/ssp_11xx.o" -MT"src/ssp_11xx.d" -o "src/ssp_11xx.o" "../src/ssp_11xx.c"
In file included from /home/ryu/Workspace/facultate/CAN/PROJECT/developing/lpc_chip_11cxx_lib/inc/chip.h:232,
                 from ../src/ssp_11xx.c:32:
/home/ryu/Workspace/facultate/CAN/PROJECT/developing/lpc_chip_11cxx_lib/inc/pmu_11xx.h:49:8: warning: missing terminating " character
   49 | #error "LPC1125 support for the PMU driver is not ready
      |        ^
Finished building: ../src/ssp_11xx.c
 
Building file: ../src/sysctl_11xx.c
Invoking: MCU C Compiler
arm-none-eabi-gcc -DDEBUG -D__CODE_RED -DCORE_M0 -D__NEWLIB__ -I"/home/ryu/Workspace/facultate/CAN/PROJECT/developing/lpc_chip_11cxx_lib/inc" -O0 -g3 -Wall -c -fmessage-length=0 -fno-builtin -ffunction-sections -fdata-sections -fmerge-constants -fmacro-prefix-map="../src/"=. -mcpu=cortex-m0 -mthumb -D__NEWLIB__ -fstack-usage -specs=nano.specs -MMD -MP -MF"src/sysctl_11xx.d" -MT"src/sysctl_11xx.o" -MT"src/sysctl_11xx.d" -o "src/sysctl_11xx.o" "../src/sysctl_11xx.c"
In file included from /home/ryu/Workspace/facultate/CAN/PROJECT/developing/lpc_chip_11cxx_lib/inc/chip.h:232,
                 from ../src/sysctl_11xx.c:29:
/home/ryu/Workspace/facultate/CAN/PROJECT/developing/lpc_chip_11cxx_lib/inc/pmu_11xx.h:49:8: warning: missing terminating " character
   49 | #error "LPC1125 support for the PMU driver is not ready
      |        ^
Finished building: ../src/sysctl_11xx.c
 
Building file: ../src/sysinit_11xx.c
Invoking: MCU C Compiler
arm-none-eabi-gcc -DDEBUG -D__CODE_RED -DCORE_M0 -D__NEWLIB__ -I"/home/ryu/Workspace/facultate/CAN/PROJECT/developing/lpc_chip_11cxx_lib/inc" -O0 -g3 -Wall -c -fmessage-length=0 -fno-builtin -ffunction-sections -fdata-sections -fmerge-constants -fmacro-prefix-map="../src/"=. -mcpu=cortex-m0 -mthumb -D__NEWLIB__ -fstack-usage -specs=nano.specs -MMD -MP -MF"src/sysinit_11xx.d" -MT"src/sysinit_11xx.o" -MT"src/sysinit_11xx.d" -o "src/sysinit_11xx.o" "../src/sysinit_11xx.c"
In file included from /home/ryu/Workspace/facultate/CAN/PROJECT/developing/lpc_chip_11cxx_lib/inc/chip.h:232,
                 from ../src/sysinit_11xx.c:32:
/home/ryu/Workspace/facultate/CAN/PROJECT/developing/lpc_chip_11cxx_lib/inc/pmu_11xx.h:49:8: warning: missing terminating " character
   49 | #error "LPC1125 support for the PMU driver is not ready
      |        ^
Finished building: ../src/sysinit_11xx.c
 
Building file: ../src/timer_11xx.c
Invoking: MCU C Compiler
arm-none-eabi-gcc -DDEBUG -D__CODE_RED -DCORE_M0 -D__NEWLIB__ -I"/home/ryu/Workspace/facultate/CAN/PROJECT/developing/lpc_chip_11cxx_lib/inc" -O0 -g3 -Wall -c -fmessage-length=0 -fno-builtin -ffunction-sections -fdata-sections -fmerge-constants -fmacro-prefix-map="../src/"=. -mcpu=cortex-m0 -mthumb -D__NEWLIB__ -fstack-usage -specs=nano.specs -MMD -MP -MF"src/timer_11xx.d" -MT"src/timer_11xx.o" -MT"src/timer_11xx.d" -o "src/timer_11xx.o" "../src/timer_11xx.c"
In file included from /home/ryu/Workspace/facultate/CAN/PROJECT/developing/lpc_chip_11cxx_lib/inc/chip.h:232,
                 from ../src/timer_11xx.c:32:
/home/ryu/Workspace/facultate/CAN/PROJECT/developing/lpc_chip_11cxx_lib/inc/pmu_11xx.h:49:8: warning: missing terminating " character
   49 | #error "LPC1125 support for the PMU driver is not ready
      |        ^
Finished building: ../src/timer_11xx.c
 
Building file: ../src/uart_11xx.c
Invoking: MCU C Compiler
arm-none-eabi-gcc -DDEBUG -D__CODE_RED -DCORE_M0 -D__NEWLIB__ -I"/home/ryu/Workspace/facultate/CAN/PROJECT/developing/lpc_chip_11cxx_lib/inc" -O0 -g3 -Wall -c -fmessage-length=0 -fno-builtin -ffunction-sections -fdata-sections -fmerge-constants -fmacro-prefix-map="../src/"=. -mcpu=cortex-m0 -mthumb -D__NEWLIB__ -fstack-usage -specs=nano.specs -MMD -MP -MF"src/uart_11xx.d" -MT"src/uart_11xx.o" -MT"src/uart_11xx.d" -o "src/uart_11xx.o" "../src/uart_11xx.c"
In file included from /home/ryu/Workspace/facultate/CAN/PROJECT/developing/lpc_chip_11cxx_lib/inc/chip.h:232,
                 from ../src/uart_11xx.c:32:
/home/ryu/Workspace/facultate/CAN/PROJECT/developing/lpc_chip_11cxx_lib/inc/pmu_11xx.h:49:8: warning: missing terminating " character
   49 | #error "LPC1125 support for the PMU driver is not ready
      |        ^
Finished building: ../src/uart_11xx.c
 
Building file: ../src/wwdt_11xx.c
Invoking: MCU C Compiler
arm-none-eabi-gcc -DDEBUG -D__CODE_RED -DCORE_M0 -D__NEWLIB__ -I"/home/ryu/Workspace/facultate/CAN/PROJECT/developing/lpc_chip_11cxx_lib/inc" -O0 -g3 -Wall -c -fmessage-length=0 -fno-builtin -ffunction-sections -fdata-sections -fmerge-constants -fmacro-prefix-map="../src/"=. -mcpu=cortex-m0 -mthumb -D__NEWLIB__ -fstack-usage -specs=nano.specs -MMD -MP -MF"src/wwdt_11xx.d" -MT"src/wwdt_11xx.o" -MT"src/wwdt_11xx.d" -o "src/wwdt_11xx.o" "../src/wwdt_11xx.c"
In file included from /home/ryu/Workspace/facultate/CAN/PROJECT/developing/lpc_chip_11cxx_lib/inc/chip.h:232,
                 from ../src/wwdt_11xx.c:32:
/home/ryu/Workspace/facultate/CAN/PROJECT/developing/lpc_chip_11cxx_lib/inc/pmu_11xx.h:49:8: warning: missing terminating " character
   49 | #error "LPC1125 support for the PMU driver is not ready
      |        ^
Finished building: ../src/wwdt_11xx.c
 
Building target: liblpc_chip_11cxx_lib.a
Invoking: MCU Archiver
arm-none-eabi-ar -r  "liblpc_chip_11cxx_lib.a"  ./src/adc_1125.o ./src/adc_11xx.o ./src/chip_11xx.o ./src/clock_11xx.o ./src/gpio_11xx_1.o ./src/gpio_11xx_2.o ./src/gpiogroup_11xx.o ./src/i2c_11xx.o ./src/iocon_11xx.o ./src/pinint_11xx.o ./src/pmu_11xx.o ./src/ring_buffer.o ./src/ssp_11xx.o ./src/sysctl_11xx.o ./src/sysinit_11xx.o ./src/timer_11xx.o ./src/uart_11xx.o ./src/wwdt_11xx.o   
arm-none-eabi-ar: creating liblpc_chip_11cxx_lib.a
Finished building target: liblpc_chip_11cxx_lib.a
 
make --no-print-directory post-build
Performing post-build steps
arm-none-eabi-size "liblpc_chip_11cxx_lib.a" ; # arm-none-eabi-objdump -h -S "liblpc_chip_11cxx_lib.a" >"liblpc_chip_11cxx_lib.lss"
   text	   data	    bss	    dec	    hex	filename
      0	      0	      0	      0	      0	adc_1125.o (ex liblpc_chip_11cxx_lib.a)
   1290	      0	      0	   1290	    50a	adc_11xx.o (ex liblpc_chip_11cxx_lib.a)
     24	      0	      0	     24	     18	chip_11xx.o (ex liblpc_chip_11cxx_lib.a)
    750	      0	      0	    750	    2ee	clock_11xx.o (ex liblpc_chip_11cxx_lib.a)
      0	      0	      0	      0	      0	gpio_11xx_1.o (ex liblpc_chip_11cxx_lib.a)
   1386	      0	      0	   1386	    56a	gpio_11xx_2.o (ex liblpc_chip_11cxx_lib.a)
      0	      0	      0	      0	      0	gpiogroup_11xx.o (ex liblpc_chip_11cxx_lib.a)
   3922	     28	     40	   3990	    f96	i2c_11xx.o (ex liblpc_chip_11cxx_lib.a)
      0	      0	      0	      0	      0	iocon_11xx.o (ex liblpc_chip_11cxx_lib.a)
      0	      0	      0	      0	      0	pinint_11xx.o (ex liblpc_chip_11cxx_lib.a)
    108	      0	      0	    108	     6c	pmu_11xx.o (ex liblpc_chip_11cxx_lib.a)
    956	      0	      0	    956	    3bc	ring_buffer.o (ex liblpc_chip_11cxx_lib.a)
   2954	      0	      0	   2954	    b8a	ssp_11xx.o (ex liblpc_chip_11cxx_lib.a)
    212	      0	      0	    212	     d4	sysctl_11xx.o (ex liblpc_chip_11cxx_lib.a)
    300	      0	      0	    300	    12c	sysinit_11xx.o (ex liblpc_chip_11cxx_lib.a)
    444	      0	      0	    444	    1bc	timer_11xx.o (ex liblpc_chip_11cxx_lib.a)
   1534	      0	      0	   1534	    5fe	uart_11xx.o (ex liblpc_chip_11cxx_lib.a)
    214	      0	      0	    214	     d6	wwdt_11xx.o (ex liblpc_chip_11cxx_lib.a)
 

22:33:14 Build Finished. 0 errors, 17 warnings. (took 1s.17ms)

