21:36:21 **** Build of configuration Debug for project nxp_lpcxpresso_11c24_board_lib ****
make -r all 
Building file: ../src/board.c
Invoking: MCU C Compiler
arm-none-eabi-gcc -DDEBUG -D__CODE_RED -DCORE_M0 -D__NEWLIB__ -I"/home/ryu/Workspace/facultate/CAN/PROJECT/developing/lpc_chip_11cxx_lib/inc" -I"/home/ryu/Workspace/facultate/CAN/PROJECT/developing/nxp_lpcxpresso_11c24_board_lib/inc" -O0 -g3 -Wall -c -fmessage-length=0 -fno-builtin -ffunction-sections -fdata-sections -fmerge-constants -fmacro-prefix-map="../src/"=. -mcpu=cortex-m0 -mthumb -D__NEWLIB__ -fstack-usage -specs=nano.specs -MMD -MP -MF"src/board.d" -MT"src/board.o" -MT"src/board.d" -o "src/board.o" "../src/board.c"
In file included from /home/ryu/Workspace/facultate/CAN/PROJECT/developing/lpc_chip_11cxx_lib/inc/chip.h:232,
                 from /home/ryu/Workspace/facultate/CAN/PROJECT/developing/nxp_lpcxpresso_11c24_board_lib/inc/board.h:35,
                 from ../src/board.c:32:
/home/ryu/Workspace/facultate/CAN/PROJECT/developing/lpc_chip_11cxx_lib/inc/pmu_11xx.h:49:8: warning: missing terminating " character
   49 | #error "LPC1125 support for the PMU driver is not ready
      |        ^
Finished building: ../src/board.c
 
Building file: ../src/board_sysinit.c
Invoking: MCU C Compiler
arm-none-eabi-gcc -DDEBUG -D__CODE_RED -DCORE_M0 -D__NEWLIB__ -I"/home/ryu/Workspace/facultate/CAN/PROJECT/developing/lpc_chip_11cxx_lib/inc" -I"/home/ryu/Workspace/facultate/CAN/PROJECT/developing/nxp_lpcxpresso_11c24_board_lib/inc" -O0 -g3 -Wall -c -fmessage-length=0 -fno-builtin -ffunction-sections -fdata-sections -fmerge-constants -fmacro-prefix-map="../src/"=. -mcpu=cortex-m0 -mthumb -D__NEWLIB__ -fstack-usage -specs=nano.specs -MMD -MP -MF"src/board_sysinit.d" -MT"src/board_sysinit.o" -MT"src/board_sysinit.d" -o "src/board_sysinit.o" "../src/board_sysinit.c"
In file included from /home/ryu/Workspace/facultate/CAN/PROJECT/developing/lpc_chip_11cxx_lib/inc/chip.h:232,
                 from /home/ryu/Workspace/facultate/CAN/PROJECT/developing/nxp_lpcxpresso_11c24_board_lib/inc/board.h:35,
                 from ../src/board_sysinit.c:32:
/home/ryu/Workspace/facultate/CAN/PROJECT/developing/lpc_chip_11cxx_lib/inc/pmu_11xx.h:49:8: warning: missing terminating " character
   49 | #error "LPC1125 support for the PMU driver is not ready
      |        ^
Finished building: ../src/board_sysinit.c
 
Building target: libnxp_lpcxpresso_11c24_board_lib.a
Invoking: MCU Archiver
arm-none-eabi-ar -r  "libnxp_lpcxpresso_11c24_board_lib.a"  ./src/board.o ./src/board_sysinit.o   
arm-none-eabi-ar: creating libnxp_lpcxpresso_11c24_board_lib.a
Finished building target: libnxp_lpcxpresso_11c24_board_lib.a
 
make --no-print-directory post-build
Performing post-build steps
arm-none-eabi-size "libnxp_lpcxpresso_11c24_board_lib.a" ; # arm-none-eabi-objdump -h -S "libnxp_lpcxpresso_11c24_board_lib.a" >"libnxp_lpcxpresso_11c24_board_lib.lss"
   text	   data	    bss	    dec	    hex	filename
    820	      0	      0	    820	    334	board.o (ex libnxp_lpcxpresso_11c24_board_lib.a)
    482	      0	      0	    482	    1e2	board_sysinit.o (ex libnxp_lpcxpresso_11c24_board_lib.a)
 

21:36:21 Build Finished. 0 errors, 2 warnings. (took 470ms)

